[rerun8_clean] 输出目录: D:\users\desktop\research\控压固井项目\cement model\results\守恒修复后全量重跑_2026-09-02
[rerun8_clean] 井序: ['hu101', 'hu102', 'hu103', 'hu1', 'hu2', 'ht1_001', 'ht1_003', 'ht1_004']  nz=250  GIF=('hu101', 'hu103')

===== hu101 =====
[D2DGA] 开始环空二维模拟 total_t=9521s nz=250 ny=40
  [D2DGA] 进度 0% (3s/9521s, dt=3.108s)
  [D2DGA] 进度 10% (953s/9521s, dt=1.816s)
  [D2DGA] 进度 20% (1905s/9521s, dt=2.114s)
  [D2DGA] 进度 30% (2856s/9521s, dt=2.114s)
  [D2DGA] 进度 40% (3810s/9521s, dt=2.114s)
  [D2DGA] 进度 50% (4762s/9521s, dt=2.114s)
  [D2DGA] 进度 60% (5713s/9521s, dt=2.114s)
  [D2DGA] 进度 70% (6667s/9521s, dt=2.022s)
  [D2DGA] 进度 80% (7617s/9521s, dt=0.992s)
  [D2DGA] 进度 90% (8569s/9521s, dt=1.633s)
  [D2DGA] 进度 100% (9521s/9521s, dt=0.220s)
正在生成动画帧 1/94
正在生成动画帧 1/94
正在生成动画帧 2/94
正在生成动画帧 3/94
正在生成动画帧 4/94
正在生成动画帧 5/94
正在生成动画帧 6/94
正在生成动画帧 7/94
正在生成动画帧 8/94
正在生成动画帧 9/94
正在生成动画帧 10/94
正在生成动画帧 11/94
正在生成动画帧 12/94
正在生成动画帧 13/94
正在生成动画帧 14/94
正在生成动画帧 15/94
正在生成动画帧 16/94
正在生成动画帧 17/94
正在生成动画帧 18/94
正在生成动画帧 19/94
正在生成动画帧 20/94
正在生成动画帧 21/94
正在生成动画帧 22/94
正在生成动画帧 23/94
正在生成动画帧 24/94
正在生成动画帧 25/94
正在生成动画帧 26/94
正在生成动画帧 27/94
正在生成动画帧 28/94
正在生成动画帧 29/94
正在生成动画帧 30/94
正在生成动画帧 31/94
正在生成动画帧 32/94
正在生成动画帧 33/94
正在生成动画帧 34/94
正在生成动画帧 35/94
正在生成动画帧 36/94
正在生成动画帧 37/94
正在生成动画帧 38/94
正在生成动画帧 39/94
正在生成动画帧 40/94
正在生成动画帧 41/94
正在生成动画帧 42/94
正在生成动画帧 43/94
正在生成动画帧 44/94
正在生成动画帧 45/94
正在生成动画帧 46/94
正在生成动画帧 47/94
正在生成动画帧 48/94
正在生成动画帧 49/94
正在生成动画帧 50/94
正在生成动画帧 51/94
正在生成动画帧 52/94
正在生成动画帧 53/94
正在生成动画帧 54/94
正在生成动画帧 55/94
正在生成动画帧 56/94
正在生成动画帧 57/94
正在生成动画帧 58/94
正在生成动画帧 59/94
正在生成动画帧 60/94
正在生成动画帧 61/94
正在生成动画帧 62/94
正在生成动画帧 63/94
正在生成动画帧 64/94
正在生成动画帧 65/94
正在生成动画帧 66/94
正在生成动画帧 67/94
正在生成动画帧 68/94
正在生成动画帧 69/94
正在生成动画帧 70/94
正在生成动画帧 71/94
正在生成动画帧 72/94
正在生成动画帧 73/94
正在生成动画帧 74/94
正在生成动画帧 75/94
正在生成动画帧 76/94
正在生成动画帧 77/94
正在生成动画帧 78/94
正在生成动画帧 79/94
正在生成动画帧 80/94
正在生成动画帧 81/94
正在生成动画帧 82/94
正在生成动画帧 83/94
正在生成动画帧 84/94
正在生成动画帧 85/94
正在生成动画帧 86/94
正在生成动画帧 87/94
正在生成动画帧 88/94
正在生成动画帧 89/94
正在生成动画帧 90/94
正在生成动画帧 91/94
正在生成动画帧 92/94
正在生成动画帧 93/94
正在生成动画帧 94/94
[GIF] hu101: {'文件': '呼101_顶替过程动画.gif', '大小MB': 5.06, '帧数': 94, '快照时间点数': 94}
{"井": "hu101", "修正前η_E": 0.3992, "修正后η_E": 0.5348, "η_N": 0.0305, "stop_s": 9521.2, "入环空水泥_m3": 68.95, "域内水泥_m3": 35.05, "守恒率": 0.5083, "库存比": 1.068, "宽边前缘m": 2468.0, "窄边前缘m": 49.6, "域长m": 2468.0, "宽边到位率": 1.0, "窄边到位率": 0.0201, "壁面冻结占比": 0.2973, "混浆指数": 0.2901, "耗时s": 42.4, "2D入库积分_m3": 68.91, "2D入库减1s积分_m3": -0.03, "场体积漂移_m3": -33.87, "域满体积_m3": 65.53, "物理环空体积_m3": 65.53, "状态": "ok", "stop_B3前_s": 9521.2, "stop增量_s": 0.0}

===== hu102 =====
[D2DGA] 开始环空二维模拟 total_t=10595s nz=250 ny=40
  [D2DGA] 进度 0% (1s/10595s, dt=1.484s)
  [D2DGA] 进度 10% (1060s/10595s, dt=1.394s)
  [D2DGA] 进度 20% (2120s/10595s, dt=1.073s)
  [D2DGA] 进度 30% (3179s/10595s, dt=0.924s)
  [D2DGA] 进度 40% (4238s/10595s, dt=0.924s)
  [D2DGA] 进度 50% (5298s/10595s, dt=1.073s)
  [D2DGA] 进度 60% (6357s/10595s, dt=0.924s)
  [D2DGA] 进度 70% (7417s/10595s, dt=0.767s)
  [D2DGA] 进度 80% (8476s/10595s, dt=0.767s)
  [D2DGA] 进度 90% (9536s/10595s, dt=0.674s)
  [D2DGA] 进度 100% (10595s/10595s, dt=0.179s)
{"井": "hu102", "修正前η_E": 0.3814, "修正后η_E": 0.9687, "η_N": 0.8921, "stop_s": 10594.9, "入环空水泥_m3": 18.26, "域内水泥_m3": 11.99, "守恒率": 0.6566, "库存比": 1.374, "宽边前缘m": 911.9, "窄边前缘m": 911.9, "域长m": 911.9, "宽边到位率": 1.0, "窄边到位率": 1.0, "壁面冻结占比": 0.0008, "混浆指数": 0.0623, "耗时s": 87.2, "2D入库积分_m3": 18.27, "2D入库减1s积分_m3": 0.01, "场体积漂移_m3": -6.28, "域满体积_m3": 12.38, "物理环空体积_m3": 12.376, "状态": "ok", "stop_B3前_s": 10594.9, "stop增量_s": 0.0}

===== hu103 =====
[D2DGA] 开始环空二维模拟 total_t=8136s nz=250 ny=40
  [D2DGA] 进度 0% (3s/8136s, dt=2.661s)
  [D2DGA] 进度 10% (815s/8136s, dt=1.402s)
  [D2DGA] 进度 20% (1628s/8136s, dt=1.402s)
  [D2DGA] 进度 30% (2441s/8136s, dt=1.264s)
  [D2DGA] 进度 40% (3254s/8136s, dt=1.265s)
  [D2DGA] 进度 50% (4069s/8136s, dt=1.265s)
  [D2DGA] 进度 60% (4882s/8136s, dt=1.265s)
  [D2DGA] 进度 70% (5695s/8136s, dt=1.265s)
  [D2DGA] 进度 80% (6509s/8136s, dt=1.125s)
  [D2DGA] 进度 90% (7322s/8136s, dt=1.331s)
  [D2DGA] 进度 100% (8136s/8136s, dt=0.133s)
正在生成动画帧 1/105
正在生成动画帧 1/105
正在生成动画帧 2/105
正在生成动画帧 3/105
正在生成动画帧 4/105
正在生成动画帧 5/105
正在生成动画帧 6/105
正在生成动画帧 7/105
正在生成动画帧 8/105
正在生成动画帧 9/105
正在生成动画帧 10/105
正在生成动画帧 11/105
正在生成动画帧 12/105
正在生成动画帧 13/105
正在生成动画帧 14/105
正在生成动画帧 15/105
正在生成动画帧 16/105
正在生成动画帧 17/105
正在生成动画帧 18/105
正在生成动画帧 19/105
正在生成动画帧 20/105
正在生成动画帧 21/105
正在生成动画帧 22/105
正在生成动画帧 23/105
正在生成动画帧 24/105
正在生成动画帧 25/105
正在生成动画帧 26/105
正在生成动画帧 27/105
正在生成动画帧 28/105
正在生成动画帧 29/105
正在生成动画帧 30/105
正在生成动画帧 31/105
正在生成动画帧 32/105
正在生成动画帧 33/105
正在生成动画帧 34/105
正在生成动画帧 35/105
正在生成动画帧 36/105
正在生成动画帧 37/105
正在生成动画帧 38/105
正在生成动画帧 39/105
正在生成动画帧 40/105
正在生成动画帧 41/105
正在生成动画帧 42/105
正在生成动画帧 43/105
正在生成动画帧 44/105
正在生成动画帧 45/105
正在生成动画帧 46/105
正在生成动画帧 47/105
正在生成动画帧 48/105
正在生成动画帧 49/105
正在生成动画帧 50/105
正在生成动画帧 51/105
正在生成动画帧 52/105
正在生成动画帧 53/105
正在生成动画帧 54/105
正在生成动画帧 55/105
正在生成动画帧 56/105
正在生成动画帧 57/105
正在生成动画帧 58/105
正在生成动画帧 59/105
正在生成动画帧 60/105
正在生成动画帧 61/105
正在生成动画帧 62/105
正在生成动画帧 63/105
正在生成动画帧 64/105
正在生成动画帧 65/105
正在生成动画帧 66/105
正在生成动画帧 67/105
正在生成动画帧 68/105
正在生成动画帧 69/105
正在生成动画帧 70/105
正在生成动画帧 71/105
正在生成动画帧 72/105
正在生成动画帧 73/105
正在生成动画帧 74/105
正在生成动画帧 75/105
正在生成动画帧 76/105
正在生成动画帧 77/105
正在生成动画帧 78/105
正在生成动画帧 79/105
正在生成动画帧 80/105
正在生成动画帧 81/105
正在生成动画帧 82/105
正在生成动画帧 83/105
正在生成动画帧 84/105
正在生成动画帧 85/105
正在生成动画帧 86/105
正在生成动画帧 87/105
正在生成动画帧 88/105
正在生成动画帧 89/105
正在生成动画帧 90/105
正在生成动画帧 91/105
正在生成动画帧 92/105
正在生成动画帧 93/105
正在生成动画帧 94/105
正在生成动画帧 95/105
正在生成动画帧 96/105
正在生成动画帧 97/105
正在生成动画帧 98/105
正在生成动画帧 99/105
正在生成动画帧 100/105
正在生成动画帧 101/105
正在生成动画帧 102/105
正在生成动画帧 103/105
正在生成动画帧 104/105
正在生成动画帧 105/105
[GIF] hu103: {'文件': '呼103_顶替过程动画.gif', '大小MB': 3.71, '帧数': 105, '快照时间点数': 105}
{"井": "hu103", "修正前η_E": 0.194, "修正后η_E": 0.8529, "η_N": 0.7357, "stop_s": 8135.8, "入环空水泥_m3": 57.78, "域内水泥_m3": 63.97, "守恒率": 1.1071, "库存比": 1.107, "宽边前缘m": 2233.3, "窄边前缘m": 1740.0, "域长m": 2233.3, "宽边到位率": 1.0, "窄边到位率": 0.7791, "壁面冻结占比": 0.0, "混浆指数": 0.18, "耗时s": 52.3, "2D入库积分_m3": 57.81, "2D入库减1s积分_m3": 0.03, "场体积漂移_m3": 6.16, "域满体积_m3": 75.01, "物理环空体积_m3": 75.008, "状态": "ok", "stop_B3前_s": 7436.2, "stop增量_s": 699.6}

===== hu1 =====
[D2DGA] 开始环空二维模拟 total_t=20944s nz=250 ny=40
  [D2DGA] 进度 0% (4s/20944s, dt=4.000s)
  [D2DGA] 进度 10% (2095s/20944s, dt=2.708s)
  [D2DGA] 进度 20% (4191s/20944s, dt=2.708s)
  [D2DGA] 进度 30% (6285s/20944s, dt=2.708s)
  [D2DGA] 进度 40% (8378s/20944s, dt=2.288s)
  [D2DGA] 进度 50% (10473s/20944s, dt=3.391s)
  [D2DGA] 进度 60% (12567s/20944s, dt=3.064s)
  [D2DGA] 进度 70% (14663s/20944s, dt=4.000s)
  [D2DGA] 进度 80% (16756s/20944s, dt=4.000s)
  [D2DGA] 进度 90% (18851s/20944s, dt=3.471s)
  [D2DGA] 进度 100% (20944s/20944s, dt=1.285s)
{"井": "hu1", "修正前η_E": 0.5014, "修正后η_E": 0.9494, "η_N": 0.8295, "stop_s": 20944.4, "入环空水泥_m3": 59.24, "域内水泥_m3": 56.87, "守恒率": 0.96, "库存比": 1.002, "宽边前缘m": 4077.7, "窄边前缘m": 3815.7, "域长m": 4077.7, "宽边到位率": 1.0, "窄边到位率": 0.9357, "壁面冻结占比": 0.0098, "混浆指数": 0.1171, "耗时s": 50.6, "2D入库积分_m3": 59.23, "2D入库减1s积分_m3": -0.01, "场体积漂移_m3": -2.36, "域满体积_m3": 59.9, "物理环空体积_m3": 59.903, "状态": "ok", "stop_B3前_s": 20944.4, "stop增量_s": 0.0}

===== hu2 =====
[D2DGA] 开始环空二维模拟 total_t=11664s nz=250 ny=40
  [D2DGA] 进度 0% (3s/11664s, dt=3.406s)
  [D2DGA] 进度 10% (1168s/11664s, dt=2.051s)
  [D2DGA] 进度 20% (2333s/11664s, dt=2.051s)
  [D2DGA] 进度 30% (3500s/11664s, dt=2.051s)
  [D2DGA] 进度 40% (4667s/11664s, dt=2.051s)
  [D2DGA] 进度 50% (5833s/11664s, dt=2.051s)
  [D2DGA] 进度 60% (7000s/11664s, dt=2.051s)
  [D2DGA] 进度 70% (8166s/11664s, dt=1.254s)
  [D2DGA] 进度 80% (9332s/11664s, dt=2.644s)
  [D2DGA] 进度 90% (10499s/11664s, dt=4.000s)
  [D2DGA] 进度 100% (11664s/11664s, dt=0.391s)
{"井": "hu2", "修正前η_E": 0.569, "修正后η_E": 0.9843, "η_N": 0.9897, "stop_s": 11663.6, "入环空水泥_m3": 39.18, "域内水泥_m3": 32.99, "守恒率": 0.842, "库存比": 1.134, "宽边前缘m": 2261.5, "窄边前缘m": 2261.5, "域长m": 2261.5, "宽边到位率": 1.0, "窄边到位率": 1.0, "壁面冻结占比": 0.0, "混浆指数": 0.0295, "耗时s": 41.1, "2D入库积分_m3": 39.2, "2D入库减1s积分_m3": 0.02, "场体积漂移_m3": -6.21, "域满体积_m3": 33.52, "物理环空体积_m3": 33.516, "状态": "ok", "stop_B3前_s": 11663.6, "stop增量_s": 0.0}

===== ht1_001 =====
[D2DGA] 开始环空二维模拟 total_t=10900s nz=250 ny=40
  [D2DGA] 进度 0% (4s/10900s, dt=4.000s)
  [D2DGA] 进度 10% (1092s/10900s, dt=2.618s)
  [D2DGA] 进度 20% (2183s/10900s, dt=3.255s)
  [D2DGA] 进度 30% (3270s/10900s, dt=3.255s)
  [D2DGA] 进度 40% (4361s/10900s, dt=3.255s)
  [D2DGA] 进度 50% (5451s/10900s, dt=3.255s)
  [D2DGA] 进度 60% (6542s/10900s, dt=3.255s)
  [D2DGA] 进度 70% (7632s/10900s, dt=2.336s)
  [D2DGA] 进度 80% (8721s/10900s, dt=3.992s)
  [D2DGA] 进度 90% (9810s/10900s, dt=4.000s)
  [D2DGA] 进度 100% (10900s/10900s, dt=1.338s)
{"井": "ht1_001", "修正前η_E": 0.5195, "修正后η_E": 0.9888, "η_N": 0.9764, "stop_s": 10899.6, "入环空水泥_m3": 69.84, "域内水泥_m3": 71.95, "守恒率": 1.0301, "库存比": 0.981, "宽边前缘m": 2276.3, "窄边前缘m": 2276.3, "域长m": 2276.3, "宽边到位率": 1.0, "窄边到位率": 1.0, "壁面冻结占比": 0.0, "混浆指数": 0.0404, "耗时s": 26.2, "2D入库积分_m3": 69.81, "2D入库减1s积分_m3": -0.03, "场体积漂移_m3": 2.14, "域满体积_m3": 72.76, "物理环空体积_m3": 72.762, "状态": "ok", "stop_B3前_s": 10899.6, "stop增量_s": 0.0}

===== ht1_003 =====
[D2DGA] 开始环空二维模拟 total_t=10255s nz=250 ny=40
  [D2DGA] 进度 0% (4s/10255s, dt=4.000s)
  [D2DGA] 进度 10% (1028s/10255s, dt=3.955s)
  [D2DGA] 进度 20% (2052s/10255s, dt=4.000s)
  [D2DGA] 进度 30% (3079s/10255s, dt=3.955s)
  [D2DGA] 进度 40% (4103s/10255s, dt=3.955s)
  [D2DGA] 进度 50% (5128s/10255s, dt=3.955s)
  [D2DGA] 进度 60% (6156s/10255s, dt=3.955s)
  [D2DGA] 进度 70% (7181s/10255s, dt=3.390s)
  [D2DGA] 进度 80% (8204s/10255s, dt=3.041s)
  [D2DGA] 进度 90% (9231s/10255s, dt=3.081s)
  [D2DGA] 进度 100% (10255s/10255s, dt=3.001s)
{"井": "ht1_003", "修正前η_E": 0.6132, "修正后η_E": 0.9976, "η_N": 0.99, "stop_s": 10255.2, "入环空水泥_m3": 70.6, "域内水泥_m3": 57.55, "守恒率": 0.8151, "库存比": 1.161, "宽边前缘m": 2310.5, "窄边前缘m": 2310.5, "域长m": 2310.5, "宽边到位率": 1.0, "窄边到位率": 1.0, "壁面冻结占比": 0.0, "混浆指数": 0.0094, "耗时s": 23.3, "2D入库积分_m3": 70.54, "2D入库减1s积分_m3": -0.06, "场体积漂移_m3": -12.99, "域满体积_m3": 57.69, "物理环空体积_m3": 57.69, "状态": "ok", "stop_B3前_s": 10255.2, "stop增量_s": 0.0}

===== ht1_004 =====
[D2DGA] 开始环空二维模拟 total_t=11410s nz=250 ny=40
  [D2DGA] 进度 0% (4s/11410s, dt=3.959s)
  [D2DGA] 进度 10% (1143s/11410s, dt=2.264s)
  [D2DGA] 进度 20% (2284s/11410s, dt=2.263s)
  [D2DGA] 进度 30% (3424s/11410s, dt=2.263s)
  [D2DGA] 进度 40% (4565s/11410s, dt=2.263s)
  [D2DGA] 进度 50% (5706s/11410s, dt=2.216s)
  [D2DGA] 进度 60% (6846s/11410s, dt=1.856s)
  [D2DGA] 进度 70% (7989s/11410s, dt=2.583s)
  [D2DGA] 进度 80% (9130s/11410s, dt=3.335s)
  [D2DGA] 进度 90% (10270s/11410s, dt=3.808s)
  [D2DGA] 进度 100% (11410s/11410s, dt=3.337s)
{"井": "ht1_004", "修正前η_E": 0.6284, "修正后η_E": 0.9985, "η_N": 0.9938, "stop_s": 11409.6, "入环空水泥_m3": 74.71, "域内水泥_m3": 59.72, "守恒率": 0.7994, "库存比": 1.271, "宽边前缘m": 2416.8, "窄边前缘m": 2416.8, "域长m": 2416.8, "宽边到位率": 1.0, "窄边到位率": 1.0, "壁面冻结占比": 0.0, "混浆指数": 0.0057, "耗时s": 34.0, "2D入库积分_m3": 74.72, "2D入库减1s积分_m3": 0.01, "场体积漂移_m3": -15.0, "域满体积_m3": 59.8, "物理环空体积_m3": 59.804, "状态": "ok", "stop_B3前_s": 11409.6, "stop增量_s": 0.0}

[rerun8_clean] 完成。汇总：
      井  修正前η_E  修正后η_E    η_N  stop_s  入环空水泥_m3  域内水泥_m3    守恒率   库存比  宽边前缘m  窄边前缘m    域长m  宽边到位率  窄边到位率  壁面冻结占比   混浆指数  耗时s  2D入库积分_m3  2D入库减1s积分_m3  场体积漂移_m3  域满体积_m3  物理环空体积_m3 状态  stop_B3前_s  stop增量_s
  hu101  0.3992  0.5348 0.0305  9521.2     68.95    35.05 0.5083 1.068 2468.0   49.6 2468.0    1.0 0.0201  0.2973 0.2901 42.4      68.91         -0.03    -33.87    65.53     65.530 ok      9521.2       0.0
  hu102  0.3814  0.9687 0.8921 10594.9     18.26    11.99 0.6566 1.374  911.9  911.9  911.9    1.0 1.0000  0.0008 0.0623 87.2      18.27          0.01     -6.28    12.38     12.376 ok     10594.9       0.0
  hu103  0.1940  0.8529 0.7357  8135.8     57.78    63.97 1.1071 1.107 2233.3 1740.0 2233.3    1.0 0.7791  0.0000 0.1800 52.3      57.81          0.03      6.16    75.01     75.008 ok      7436.2     699.6
    hu1  0.5014  0.9494 0.8295 20944.4     59.24    56.87 0.9600 1.002 4077.7 3815.7 4077.7    1.0 0.9357  0.0098 0.1171 50.6      59.23         -0.01     -2.36    59.90     59.903 ok     20944.4       0.0
    hu2  0.5690  0.9843 0.9897 11663.6     39.18    32.99 0.8420 1.134 2261.5 2261.5 2261.5    1.0 1.0000  0.0000 0.0295 41.1      39.20          0.02     -6.21    33.52     33.516 ok     11663.6       0.0
ht1_001  0.5195  0.9888 0.9764 10899.6     69.84    71.95 1.0301 0.981 2276.3 2276.3 2276.3    1.0 1.0000  0.0000 0.0404 26.2      69.81         -0.03      2.14    72.76     72.762 ok     10899.6       0.0
ht1_003  0.6132  0.9976 0.9900 10255.2     70.60    57.55 0.8151 1.161 2310.5 2310.5 2310.5    1.0 1.0000  0.0000 0.0094 23.3      70.54         -0.06    -12.99    57.69     57.690 ok     10255.2       0.0
ht1_004  0.6284  0.9985 0.9938 11409.6     74.71    59.72 0.7994 1.271 2416.8 2416.8 2416.8    1.0 1.0000  0.0000 0.0057 34.0      74.72          0.01    -15.00    59.80     59.804 ok     11409.6       0.0
