python : C:\Users\30525\.config\superpowers\worktrees\cement-model\multiwell-boundary-sync\cemdisp\reporting\contour_plots.py:239: UserWarning: This figure includes Axes that are not compa
tible with tight_layout, so results might be incorrect.
所在位置 行:1 字符: 1
+ python scripts/run_hu102_tailpipe_initial.py 2>&1 | Out-File -Encodin ...
+ ~~~~~~~~~~~~~~~~~~~~~~~~~~~~~~~~~~~~~~~~~~~~~~~~~
    + CategoryInfo          : NotSpecified: (C:\Users\30525\...t be incorrect.:String) [], RemoteException
    + FullyQualifiedErrorId : NativeCommandError
 
  fig.tight_layout(rect=(0, 0, 1, 0.95))
正在生成动画帧 1/59
正在生成动画帧 1/59
正在生成动画帧 2/59
正在生成动画帧 3/59
正在生成动画帧 4/59
正在生成动画帧 5/59
正在生成动画帧 6/59
正在生成动画帧 7/59
正在生成动画帧 8/59
正在生成动画帧 9/59
正在生成动画帧 10/59
正在生成动画帧 11/59
正在生成动画帧 12/59
正在生成动画帧 13/59
正在生成动画帧 14/59
正在生成动画帧 15/59
正在生成动画帧 16/59
正在生成动画帧 17/59
正在生成动画帧 18/59
正在生成动画帧 19/59
正在生成动画帧 20/59
正在生成动画帧 21/59
正在生成动画帧 22/59
正在生成动画帧 23/59
正在生成动画帧 24/59
正在生成动画帧 25/59
正在生成动画帧 26/59
正在生成动画帧 27/59
正在生成动画帧 28/59
正在生成动画帧 29/59
正在生成动画帧 30/59
正在生成动画帧 31/59
正在生成动画帧 32/59
正在生成动画帧 33/59
正在生成动画帧 34/59
正在生成动画帧 35/59
正在生成动画帧 36/59
正在生成动画帧 37/59
正在生成动画帧 38/59
正在生成动画帧 39/59
正在生成动画帧 40/59
正在生成动画帧 41/59
正在生成动画帧 42/59
正在生成动画帧 43/59
正在生成动画帧 44/59
正在生成动画帧 45/59
正在生成动画帧 46/59
正在生成动画帧 47/59
正在生成动画帧 48/59
正在生成动画帧 49/59
正在生成动画帧 50/59
正在生成动画帧 51/59
正在生成动画帧 52/59
正在生成动画帧 53/59
正在生成动画帧 54/59
正在生成动画帧 55/59
正在生成动画帧 56/59
正在生成动画帧 57/59
正在生成动画帧 58/59
正在生成动画帧 59/59

=== 1D2D耦合模型 ===
Traceback (most recent call last):
  File "D:\users\desktop\research\控压固井项目\cement model\scripts\run_hu102_tailpipe_initial.py", line 6, in <module>
    run_hu102_tailpipe_initial()
    ~~~~~~~~~~~~~~~~~~~~~~~~~~^^
  File "C:\Users\30525\.config\superpowers\worktrees\cement-model\multiwell-boundary-sync\cemdisp\runners\hu102_tailpipe.py", line 341, in run_hu102_tailpipe_initial
    run_and_export(
    ~~~~~~~~~~~~~~^
        mode_title="1D2D耦合模型",
        ^^^^^^^^^^^^^^^^^^^^^^^^^^
    ...<3 lines>...
        validation_data=validation_data,
        ^^^^^^^^^^^^^^^^^^^^^^^^^^^^^^^^
    )
    ^
  File "C:\Users\30525\.config\superpowers\worktrees\cement-model\multiwell-boundary-sync\cemdisp\runners\hu102_tailpipe.py", line 210, in run_and_export
    print(json.dumps(summary_payload, ensure_ascii=False, indent=2))
    ~~~~~^^^^^^^^^^^^^^^^^^^^^^^^^^^^^^^^^^^^^^^^^^^^^^^^^^^^^^^^^^^
UnicodeEncodeError: 'gbk' codec can't encode character '\xb3' in position 630: illegal multibyte sequence
