python : C:\Users\30525\.config\superpowers\worktrees\cement-model\multiwell-boundary-sync\cemdisp\reporting\contour_plots.py:239: UserWarning: This figure includes Axes that are not compa
tible with tight_layout, so results might be incorrect.
所在位置 行:1 字符: 1
+ python scripts/run_hu101_tailpipe_initial.py 2>&1 | Out-File -Encodin ...
+ ~~~~~~~~~~~~~~~~~~~~~~~~~~~~~~~~~~~~~~~~~~~~~~~~~
    + CategoryInfo          : NotSpecified: (C:\Users\30525\...t be incorrect.:String) [], RemoteException
    + FullyQualifiedErrorId : NativeCommandError
 
  fig.tight_layout(rect=(0, 0, 1, 0.95))
正在生成动画帧 1/37
正在生成动画帧 1/37
正在生成动画帧 2/37
正在生成动画帧 3/37
正在生成动画帧 4/37
正在生成动画帧 5/37
正在生成动画帧 6/37
正在生成动画帧 7/37
正在生成动画帧 8/37
正在生成动画帧 9/37
正在生成动画帧 10/37
正在生成动画帧 11/37
正在生成动画帧 12/37
正在生成动画帧 13/37
正在生成动画帧 14/37
正在生成动画帧 15/37
正在生成动画帧 16/37
正在生成动画帧 17/37
正在生成动画帧 18/37
正在生成动画帧 19/37
正在生成动画帧 20/37
正在生成动画帧 21/37
正在生成动画帧 22/37
正在生成动画帧 23/37
正在生成动画帧 24/37
正在生成动画帧 25/37
正在生成动画帧 26/37
正在生成动画帧 27/37
正在生成动画帧 28/37
正在生成动画帧 29/37
正在生成动画帧 30/37
正在生成动画帧 31/37
正在生成动画帧 32/37
正在生成动画帧 33/37
正在生成动画帧 34/37
正在生成动画帧 35/37
正在生成动画帧 36/37
正在生成动画帧 37/37

=== 1D2D耦合模型 ===
{
  "模型名称": "通用尾管段环空二维顶替模型",
  "模拟对象": "呼101 尾管段 5400.00-7868.00m",
  "井段_m": [
    5400.0,
    7868.0
  ],
  "物理环空体积_m3": 67.49588079842957,
  "最终结果": {
    "全井段最终有效顶替效率": 0.6015568496242876,
    "CBL评价井段水力有效顶替效率": 0.6373786510604708,
    "目标层段水力有效顶替效率": 0.8635040015174277,
    "最终水泥浆占据率": 0.6015568496242876,
    "最终窜槽指数": 0.9519038076148448,
    "最终混浆指数": 0.22049229279139881,
    "最终失稳指数": 1.0
  }
}
