hu103 stop=7436s
label | eta_E | occ | wall_mean | 全1列 | nz | cement非零列 | col0
[D2DGA] 开始环空二维模拟 total_t=7436s nz=60 ny=40
  [D2DGA] 进度 0% (4s/7436s, dt=4.000s)
  [D2DGA] 进度 10% (744s/7436s, dt=4.000s)
  [D2DGA] 进度 20% (1488s/7436s, dt=4.000s)
  [D2DGA] 进度 30% (2232s/7436s, dt=4.000s)
  [D2DGA] 进度 40% (2976s/7436s, dt=4.000s)
  [D2DGA] 进度 50% (3720s/7436s, dt=4.000s)
  [D2DGA] 进度 60% (4464s/7436s, dt=4.000s)
  [D2DGA] 进度 70% (5208s/7436s, dt=4.000s)
  [D2DGA] 进度 80% (5952s/7436s, dt=4.000s)
  [D2DGA] 进度 90% (6693s/7436s, dt=4.000s)
  [D2DGA] 进度 100% (7436s/7436s, dt=3.322s)
('baseline', 0.004080000414579601, 0.004080000414579601, 1.0, 60, 60, 14, 60, 0.0)
[D2DGA] 开始环空二维模拟 total_t=7436s nz=60 ny=40
  [D2DGA] 进度 0% (4s/7436s, dt=4.000s)
  [D2DGA] 进度 10% (744s/7436s, dt=4.000s)
  [D2DGA] 进度 20% (1488s/7436s, dt=4.000s)
  [D2DGA] 进度 30% (2232s/7436s, dt=4.000s)
  [D2DGA] 进度 40% (2976s/7436s, dt=4.000s)
  [D2DGA] 进度 50% (3720s/7436s, dt=4.000s)
  [D2DGA] 进度 60% (4464s/7436s, dt=4.000s)
  [D2DGA] 进度 70% (5208s/7436s, dt=4.000s)
  [D2DGA] 进度 80% (5952s/7436s, dt=4.000s)
  [D2DGA] 进度 90% (6693s/7436s, dt=4.000s)
  [D2DGA] 进度 100% (7436s/7436s, dt=3.322s)
('+dispersion_dt_scale=1.0', 0.004080000414579601, 0.004080000414579601, 1.0, 60, 60, 14, 60, 0.0)
[D2DGA] 开始环空二维模拟 total_t=7436s nz=60 ny=40
  [D2DGA] 进度 0% (4s/7436s, dt=4.000s)
  [D2DGA] 进度 10% (744s/7436s, dt=4.000s)
  [D2DGA] 进度 20% (1488s/7436s, dt=4.000s)
  [D2DGA] 进度 30% (2232s/7436s, dt=4.000s)
  [D2DGA] 进度 40% (2976s/7436s, dt=4.000s)
  [D2DGA] 进度 50% (3720s/7436s, dt=4.000s)
  [D2DGA] 进度 60% (4464s/7436s, dt=4.000s)
  [D2DGA] 进度 70% (5208s/7436s, dt=4.000s)
  [D2DGA] 进度 80% (5952s/7436s, dt=4.000s)
  [D2DGA] 进度 90% (6693s/7436s, dt=1.123s)
  [D2DGA] 进度 100% (7436s/7436s, dt=0.813s)
('+enable_yield_gate=True', 0.31795219612235415, 0.31795219612235415, 0.49833333333333335, 0, 60, 60, 60, 1.0)
[D2DGA] 开始环空二维模拟 total_t=7436s nz=60 ny=40
  [D2DGA] 进度 0% (4s/7436s, dt=4.000s)
  [D2DGA] 进度 10% (744s/7436s, dt=4.000s)
  [D2DGA] 进度 20% (1488s/7436s, dt=4.000s)
  [D2DGA] 进度 30% (2232s/7436s, dt=4.000s)
  [D2DGA] 进度 40% (2976s/7436s, dt=4.000s)
  [D2DGA] 进度 50% (3720s/7436s, dt=4.000s)
  [D2DGA] 进度 60% (4464s/7436s, dt=4.000s)
  [D2DGA] 进度 70% (5208s/7436s, dt=4.000s)
  [D2DGA] 进度 80% (5952s/7436s, dt=4.000s)
  [D2DGA] 进度 90% (6695s/7436s, dt=4.000s)
  [D2DGA] 进度 100% (7436s/7436s, dt=0.867s)
('+enable_regime_split=True', 0.0041140155364592845, 0.0041140155364592845, 1.0, 60, 60, 14, 60, 0.0)
[D2DGA] 开始环空二维模拟 total_t=7436s nz=60 ny=40
  [D2DGA] 进度 0% (4s/7436s, dt=4.000s)
  [D2DGA] 进度 10% (744s/7436s, dt=4.000s)
  [D2DGA] 进度 20% (1488s/7436s, dt=4.000s)
  [D2DGA] 进度 30% (2232s/7436s, dt=4.000s)
  [D2DGA] 进度 40% (2976s/7436s, dt=4.000s)
  [D2DGA] 进度 50% (3720s/7436s, dt=4.000s)
  [D2DGA] 进度 60% (4464s/7436s, dt=4.000s)
  [D2DGA] 进度 70% (5208s/7436s, dt=4.000s)
  [D2DGA] 进度 80% (5952s/7436s, dt=4.000s)
  [D2DGA] 进度 90% (6693s/7436s, dt=4.000s)
  [D2DGA] 进度 100% (7436s/7436s, dt=3.082s)
('+enable_local_i3=True', 0.004088751984802367, 0.004088751984802367, 1.0, 60, 60, 14, 60, 0.0)
[D2DGA] 开始环空二维模拟 total_t=7436s nz=60 ny=40
  [D2DGA] 进度 0% (4s/7436s, dt=4.000s)
  [D2DGA] 进度 10% (744s/7436s, dt=4.000s)
  [D2DGA] 进度 20% (1488s/7436s, dt=4.000s)
  [D2DGA] 进度 30% (2232s/7436s, dt=4.000s)
  [D2DGA] 进度 40% (2976s/7436s, dt=4.000s)
  [D2DGA] 进度 50% (3720s/7436s, dt=4.000s)
  [D2DGA] 进度 60% (4464s/7436s, dt=4.000s)
  [D2DGA] 进度 70% (5208s/7436s, dt=4.000s)
  [D2DGA] 进度 80% (5952s/7436s, dt=4.000s)
  [D2DGA] 进度 90% (6693s/7436s, dt=4.000s)
  [D2DGA] 进度 100% (7436s/7436s, dt=3.322s)
('+e_clip_max=0.9', 0.004080000414579601, 0.004080000414579601, 1.0, 60, 60, 14, 60, 0.0)
[D2DGA] 开始环空二维模拟 total_t=7436s nz=60 ny=40
  [D2DGA] 进度 0% (4s/7436s, dt=4.000s)
  [D2DGA] 进度 10% (744s/7436s, dt=4.000s)
  [D2DGA] 进度 20% (1488s/7436s, dt=4.000s)
  [D2DGA] 进度 30% (2232s/7436s, dt=4.000s)
  [D2DGA] 进度 40% (2976s/7436s, dt=4.000s)
  [D2DGA] 进度 50% (3720s/7436s, dt=4.000s)
  [D2DGA] 进度 60% (4464s/7436s, dt=4.000s)
  [D2DGA] 进度 70% (5208s/7436s, dt=4.000s)
  [D2DGA] 进度 80% (5952s/7436s, dt=4.000s)
  [D2DGA] 进度 90% (6694s/7436s, dt=2.748s)
  [D2DGA] 进度 100% (7436s/7436s, dt=1.016s)
('corrected_full', 0.3143636774065004, 0.3143636774065004, 0.5183333333333333, 0, 60, 60, 60, 1.0)
[D2DGA] 开始环空二维模拟 total_t=7436s nz=60 ny=40
  [D2DGA] 进度 0% (4s/7436s, dt=4.000s)
  [D2DGA] 进度 10% (744s/7436s, dt=4.000s)
  [D2DGA] 进度 20% (1488s/7436s, dt=4.000s)
  [D2DGA] 进度 30% (2232s/7436s, dt=4.000s)
  [D2DGA] 进度 40% (2976s/7436s, dt=4.000s)
  [D2DGA] 进度 50% (3720s/7436s, dt=4.000s)
  [D2DGA] 进度 60% (4464s/7436s, dt=4.000s)
  [D2DGA] 进度 70% (5208s/7436s, dt=4.000s)
  [D2DGA] 进度 80% (5952s/7436s, dt=4.000s)
  [D2DGA] 进度 90% (6693s/7436s, dt=4.000s)
  [D2DGA] 进度 100% (7436s/7436s, dt=3.322s)
--- baseline mean_cement/mean_wall 时间序列 ---
t=4s mean_cement=0.00000 mean_wall=0.0000
t=700s mean_cement=0.00000 mean_wall=0.0000
t=1400s mean_cement=0.00000 mean_wall=0.0000
t=2100s mean_cement=0.00000 mean_wall=0.0000
t=2800s mean_cement=0.00000 mean_wall=0.0000
t=3500s mean_cement=0.00000 mean_wall=0.0000
t=4200s mean_cement=0.00000 mean_wall=0.0000
t=4900s mean_cement=0.00000 mean_wall=0.0000
t=5600s mean_cement=0.00000 mean_wall=0.0000
t=6218s mean_cement=0.00995 mean_wall=0.9446
t=6737s mean_cement=0.00444 mean_wall=1.0000
t=7436s mean_cement=0.00379 mean_wall=1.0000
mean_cement 最后增长 t=6206s / 7436s
