==============================================================================
  呼101井 居中度微调探针（标靶 = 现场 CBL 合格率 62.77%）
==============================================================================
  1D 碰压停泵时刻 = 13742.7s ；2D 求解 total_t 取同值，nz=250

[1/3] 现有三套剖面（生产口径重跑）
[D2DGA] 开始环空二维模拟 total_t=13743s nz=250 ny=40
  [D2DGA] 进度 0% (3s/13743s, dt=3.108s)
  [D2DGA] 进度 10% (1376s/13743s, dt=2.115s)
  [D2DGA] 进度 20% (2749s/13743s, dt=2.114s)
  [D2DGA] 进度 30% (4123s/13743s, dt=2.114s)
  [D2DGA] 进度 40% (5497s/13743s, dt=2.114s)
  [D2DGA] 进度 50% (6872s/13743s, dt=2.114s)
  [D2DGA] 进度 60% (8247s/13743s, dt=2.123s)
  [D2DGA] 进度 70% (9621s/13743s, dt=1.089s)
  [D2DGA] 进度 80% (10995s/13743s, dt=1.363s)
  [D2DGA] 进度 90% (12368s/13743s, dt=2.582s)
  [D2DGA] 进度 100% (13743s/13743s, dt=1.944s)
  [legacy假设(0.38-0.48)   ] 均SO=0.4295  ηE全井=0.4919  ηE_CBL窗=0.5035  ηN_CBL窗=0.0138  (53.3s)
[D2DGA] 开始环空二维模拟 total_t=13743s nz=250 ny=40
  [D2DGA] 进度 0% (3s/13743s, dt=3.047s)
  [D2DGA] 进度 10% (1376s/13743s, dt=2.013s)
  [D2DGA] 进度 20% (2750s/13743s, dt=2.012s)
  [D2DGA] 进度 30% (4124s/13743s, dt=2.012s)
  [D2DGA] 进度 40% (5498s/13743s, dt=2.012s)
  [D2DGA] 进度 50% (6872s/13743s, dt=2.012s)
  [D2DGA] 进度 60% (8248s/13743s, dt=2.018s)
  [D2DGA] 进度 70% (9621s/13743s, dt=1.219s)
  [D2DGA] 进度 80% (10995s/13743s, dt=1.390s)
  [D2DGA] 进度 90% (12370s/13743s, dt=2.485s)
  [D2DGA] 进度 100% (13743s/13743s, dt=1.230s)
  [检测图-扶正器间              ] 均SO=0.5155  ηE全井=0.4814  ηE_CBL窗=0.4941  ηN_CBL窗=0.0065  (51.0s)
[D2DGA] 开始环空二维模拟 total_t=13743s nz=250 ny=40
  [D2DGA] 进度 0% (3s/13743s, dt=3.272s)
  [D2DGA] 进度 10% (1375s/13743s, dt=1.812s)
  [D2DGA] 进度 20% (2749s/13743s, dt=1.810s)
  [D2DGA] 进度 30% (4123s/13743s, dt=1.810s)
  [D2DGA] 进度 40% (5497s/13743s, dt=1.810s)
  [D2DGA] 进度 50% (6873s/13743s, dt=1.810s)
  [D2DGA] 进度 60% (8246s/13743s, dt=1.826s)
  [D2DGA] 进度 70% (9620s/13743s, dt=1.018s)
  [D2DGA] 进度 80% (10994s/13743s, dt=1.463s)
  [D2DGA] 进度 90% (12370s/13743s, dt=2.639s)
  [D2DGA] 进度 100% (13743s/13743s, dt=1.971s)
  [检测图-扶正器处              ] 均SO=0.7342  ηE全井=0.5371  ηE_CBL窗=0.5539  ηN_CBL窗=0.0710  (52.5s)

[2/3] 均匀居中度扫描 SO ∈ (0.5, 0.6, 0.7, 0.8, 0.9, 0.95)
[D2DGA] 开始环空二维模拟 total_t=13743s nz=250 ny=40
  [D2DGA] 进度 0% (3s/13743s, dt=3.129s)
  [D2DGA] 进度 10% (1375s/13743s, dt=2.098s)
  [D2DGA] 进度 20% (2749s/13743s, dt=2.098s)
  [D2DGA] 进度 30% (4123s/13743s, dt=2.098s)
  [D2DGA] 进度 40% (5497s/13743s, dt=2.098s)
  [D2DGA] 进度 50% (6873s/13743s, dt=2.098s)
  [D2DGA] 进度 60% (8247s/13743s, dt=2.106s)
  [D2DGA] 进度 70% (9621s/13743s, dt=1.061s)
  [D2DGA] 进度 80% (10994s/13743s, dt=1.336s)
  [D2DGA] 进度 90% (12371s/13743s, dt=2.516s)
  [D2DGA] 进度 100% (13743s/13743s, dt=2.628s)
  [均匀SO=0.50             ] 均SO=0.5000  ηE全井=0.4832  ηE_CBL窗=0.4938  ηN_CBL窗=0.0155  (51.6s)
[D2DGA] 开始环空二维模拟 total_t=13743s nz=250 ny=40
  [D2DGA] 进度 0% (3s/13743s, dt=3.219s)
  [D2DGA] 进度 10% (1375s/13743s, dt=2.062s)
  [D2DGA] 进度 20% (2750s/13743s, dt=2.061s)
  [D2DGA] 进度 30% (4124s/13743s, dt=2.061s)
  [D2DGA] 进度 40% (5499s/13743s, dt=2.061s)
  [D2DGA] 进度 50% (6873s/13743s, dt=2.061s)
  [D2DGA] 进度 60% (8247s/13743s, dt=2.069s)
  [D2DGA] 进度 70% (9620s/13743s, dt=1.008s)
  [D2DGA] 进度 80% (10995s/13743s, dt=1.207s)
  [D2DGA] 进度 90% (12369s/13743s, dt=2.365s)
  [D2DGA] 进度 100% (13743s/13743s, dt=2.191s)
  [均匀SO=0.60             ] 均SO=0.6000  ηE全井=0.4741  ηE_CBL窗=0.4828  ηN_CBL窗=0.0289  (54.9s)
[D2DGA] 开始环空二维模拟 total_t=13743s nz=250 ny=40
  [D2DGA] 进度 0% (3s/13743s, dt=3.392s)
  [D2DGA] 进度 10% (1375s/13743s, dt=1.960s)
  [D2DGA] 进度 20% (2750s/13743s, dt=1.959s)
  [D2DGA] 进度 30% (4125s/13743s, dt=1.959s)
  [D2DGA] 进度 40% (5498s/13743s, dt=1.959s)
  [D2DGA] 进度 50% (6873s/13743s, dt=1.959s)
  [D2DGA] 进度 60% (8247s/13743s, dt=1.972s)
  [D2DGA] 进度 70% (9620s/13743s, dt=1.188s)
  [D2DGA] 进度 80% (10995s/13743s, dt=1.363s)
  [D2DGA] 进度 90% (12370s/13743s, dt=2.542s)
  [D2DGA] 进度 100% (13743s/13743s, dt=0.589s)
  [均匀SO=0.70             ] 均SO=0.7000  ηE全井=0.5965  ηE_CBL窗=0.6246  ηN_CBL窗=0.2109  (52.3s)
[D2DGA] 开始环空二维模拟 total_t=13743s nz=250 ny=40
  [D2DGA] 进度 0% (4s/13743s, dt=3.677s)
  [D2DGA] 进度 10% (1376s/13743s, dt=2.131s)
  [D2DGA] 进度 20% (2750s/13743s, dt=2.131s)
  [D2DGA] 进度 30% (4124s/13743s, dt=2.131s)
  [D2DGA] 进度 40% (5498s/13743s, dt=2.131s)
  [D2DGA] 进度 50% (6873s/13743s, dt=2.131s)
  [D2DGA] 进度 60% (8248s/13743s, dt=2.146s)
  [D2DGA] 进度 70% (9620s/13743s, dt=1.752s)
  [D2DGA] 进度 80% (10995s/13743s, dt=1.291s)
  [D2DGA] 进度 90% (12371s/13743s, dt=2.208s)
  [D2DGA] 进度 100% (13743s/13743s, dt=1.313s)
  [均匀SO=0.80             ] 均SO=0.8000  ηE全井=0.6805  ηE_CBL窗=0.7183  ηN_CBL窗=0.4573  (49.5s)
[D2DGA] 开始环空二维模拟 total_t=13743s nz=250 ny=40
  [D2DGA] 进度 0% (4s/13743s, dt=4.000s)
  [D2DGA] 进度 10% (1375s/13743s, dt=3.010s)
  [D2DGA] 进度 20% (2750s/13743s, dt=3.010s)
  [D2DGA] 进度 30% (4123s/13743s, dt=3.010s)
  [D2DGA] 进度 40% (5499s/13743s, dt=3.010s)
  [D2DGA] 进度 50% (6874s/13743s, dt=3.010s)
  [D2DGA] 进度 60% (8248s/13743s, dt=3.015s)
  [D2DGA] 进度 70% (9620s/13743s, dt=2.162s)
  [D2DGA] 进度 80% (10994s/13743s, dt=2.928s)
  [D2DGA] 进度 90% (12372s/13743s, dt=4.000s)
  [D2DGA] 进度 100% (13743s/13743s, dt=2.379s)
  [均匀SO=0.90             ] 均SO=0.9000  ηE全井=0.9361  ηE_CBL窗=0.9836  ηN_CBL窗=0.9598  (32.5s)
[D2DGA] 开始环空二维模拟 total_t=13743s nz=250 ny=40
  [D2DGA] 进度 0% (4s/13743s, dt=4.000s)
  [D2DGA] 进度 10% (1377s/13743s, dt=3.929s)
  [D2DGA] 进度 20% (2752s/13743s, dt=3.929s)
  [D2DGA] 进度 30% (4123s/13743s, dt=3.929s)
  [D2DGA] 进度 40% (5498s/13743s, dt=3.929s)
  [D2DGA] 进度 50% (6873s/13743s, dt=3.929s)
  [D2DGA] 进度 60% (8248s/13743s, dt=3.937s)
  [D2DGA] 进度 70% (9622s/13743s, dt=2.274s)
  [D2DGA] 进度 80% (10994s/13743s, dt=3.627s)
  [D2DGA] 进度 90% (12372s/13743s, dt=4.000s)
  [D2DGA] 进度 100% (13743s/13743s, dt=3.064s)
  [均匀SO=0.95             ] 均SO=0.9500  ηE全井=0.9975  ηE_CBL窗=0.9999  ηN_CBL窗=0.9997  (27.3s)

==============================================================================
  汇总
==============================================================================
  case                       均SO      ηE全井    ηE_CBL窗    ηN_CBL窗
  legacy假设(0.38-0.48)     0.4295    0.4919     0.5035     0.0138
  检测图-扶正器间                0.5155    0.4814     0.4941     0.0065
  检测图-扶正器处                0.7342    0.5371     0.5539     0.0710
  均匀SO=0.50               0.5000    0.4832     0.4938     0.0155
  均匀SO=0.60               0.6000    0.4741     0.4828     0.0289
  均匀SO=0.70               0.7000    0.5965     0.6246     0.2109
  均匀SO=0.80               0.8000    0.6805     0.7183     0.4573
  均匀SO=0.90               0.9000    0.9361     0.9836     0.9598
  均匀SO=0.95               0.9500    0.9975     0.9999     0.9997

  基线（legacy假设）：ηE全井 0.4919 / ηE_CBL窗 0.5035
  标靶（现场CBL 62.77%）：差 +0.1242（+12.42 pp）
  反解所需均居中度：CBL窗口径 SO*=0.7033152503682123 ；全井口径 SO*=0.7371273985788693

结果已落盘：D:\users\desktop\research\控压固井项目\cement model\results\呼101_居中度微调探针_2026-09-10
  - 居中度微调对比表.csv / 居中度微调摘要.json / 居中度-效率响应曲线.png
