
########## hu103 ##########
[D2DGA] 开始环空二维模拟 total_t=8013s nz=250 ny=40
  [D2DGA] 进度 0% (3s/8013s, dt=2.661s)
  [D2DGA] 进度 10% (802s/8013s, dt=1.402s)
  [D2DGA] 进度 20% (1603s/8013s, dt=1.402s)
  [D2DGA] 进度 30% (2405s/8013s, dt=1.260s)
  [D2DGA] 进度 40% (3206s/8013s, dt=1.265s)
  [D2DGA] 进度 50% (4007s/8013s, dt=1.265s)
  [D2DGA] 进度 60% (4809s/8013s, dt=1.132s)
  [D2DGA] 进度 70% (5610s/8013s, dt=1.083s)
  [D2DGA] 进度 80% (6410s/8013s, dt=1.260s)
  [D2DGA] 进度 90% (7212s/8013s, dt=1.296s)
  [D2DGA] 进度 100% (8013s/8013s, dt=1.077s)
{"井": "hu103", "变体": "基线", "η_E": 0.9862, "η_N": 0.9386, "stop_s": 8012.9, "窄边前缘m": 2233.3, "窄边到位率": 1.0, "窜槽指数": 0.0, "混浆指数": 0.0488, "耗时s": 94.2}
[D2DGA] 开始环空二维模拟 total_t=13355s nz=250 ny=40
  [D2DGA] 进度 0% (4s/13355s, dt=4.000s)
  [D2DGA] 进度 10% (1337s/13355s, dt=2.337s)
  [D2DGA] 进度 20% (2672s/13355s, dt=2.337s)
  [D2DGA] 进度 30% (4007s/13355s, dt=2.075s)
  [D2DGA] 进度 40% (5343s/13355s, dt=2.074s)
  [D2DGA] 进度 50% (6679s/13355s, dt=2.074s)
  [D2DGA] 进度 60% (8013s/13355s, dt=1.735s)
  [D2DGA] 进度 70% (9349s/13355s, dt=1.327s)
  [D2DGA] 进度 80% (10685s/13355s, dt=1.512s)
  [D2DGA] 进度 90% (12021s/13355s, dt=1.513s)
  [D2DGA] 进度 100% (13355s/13355s, dt=0.351s)
{"井": "hu103", "变体": "排量-40%", "η_E": 0.4865, "η_N": 0.0912, "stop_s": 13354.8, "窄边前缘m": 188.4, "窄边到位率": 0.0843, "窜槽指数": 0.9157, "混浆指数": 0.2711, "耗时s": 95.5}
[D2DGA] 开始环空二维模拟 total_t=10016s nz=250 ny=40
  [D2DGA] 进度 0% (3s/10016s, dt=3.326s)
  [D2DGA] 进度 10% (1002s/10016s, dt=1.736s)
  [D2DGA] 进度 20% (2004s/10016s, dt=1.736s)
  [D2DGA] 进度 30% (3006s/10016s, dt=1.542s)
  [D2DGA] 进度 40% (4008s/10016s, dt=1.546s)
  [D2DGA] 进度 50% (5008s/10016s, dt=1.546s)
  [D2DGA] 进度 60% (6010s/10016s, dt=1.366s)
  [D2DGA] 进度 70% (7012s/10016s, dt=1.224s)
  [D2DGA] 进度 80% (8013s/10016s, dt=1.299s)
  [D2DGA] 进度 90% (9015s/10016s, dt=1.330s)
  [D2DGA] 进度 100% (10016s/10016s, dt=0.048s)
{"井": "hu103", "变体": "排量-20%", "η_E": 0.7672, "η_N": 0.4706, "stop_s": 10016.1, "窄边前缘m": 1094.2, "窄边到位率": 0.49, "窜槽指数": 0.51, "混浆指数": 0.2358, "耗时s": 95.6}
[D2DGA] 开始环空二维模拟 total_t=6677s nz=250 ny=40
  [D2DGA] 进度 0% (2s/6677s, dt=2.217s)
  [D2DGA] 进度 10% (668s/6677s, dt=1.199s)
  [D2DGA] 进度 20% (1336s/6677s, dt=1.199s)
  [D2DGA] 进度 30% (2004s/6677s, dt=1.093s)
  [D2DGA] 进度 40% (2671s/6677s, dt=1.098s)
  [D2DGA] 进度 50% (3339s/6677s, dt=1.098s)
  [D2DGA] 进度 60% (4007s/6677s, dt=0.953s)
  [D2DGA] 进度 70% (4674s/6677s, dt=0.981s)
  [D2DGA] 进度 80% (5343s/6677s, dt=1.096s)
  [D2DGA] 进度 90% (6010s/6677s, dt=1.268s)
  [D2DGA] 进度 100% (6677s/6677s, dt=0.043s)
{"井": "hu103", "变体": "排量+20%", "η_E": 0.9913, "η_N": 0.96, "stop_s": 6677.4, "窄边前缘m": 2233.3, "窄边到位率": 1.0, "窜槽指数": 0.0, "混浆指数": 0.0318, "耗时s": 86.4}
[D2DGA] 开始环空二维模拟 total_t=5723s nz=250 ny=40
  [D2DGA] 进度 0% (2s/5723s, dt=1.900s)
  [D2DGA] 进度 10% (573s/5723s, dt=1.073s)
  [D2DGA] 进度 20% (1145s/5723s, dt=1.073s)
  [D2DGA] 进度 30% (1717s/5723s, dt=0.990s)
  [D2DGA] 进度 40% (2289s/5723s, dt=0.993s)
  [D2DGA] 进度 50% (2862s/5723s, dt=0.993s)
  [D2DGA] 进度 60% (3434s/5723s, dt=0.889s)
  [D2DGA] 进度 70% (4007s/5723s, dt=0.874s)
  [D2DGA] 进度 80% (4579s/5723s, dt=0.983s)
  [D2DGA] 进度 90% (5151s/5723s, dt=1.205s)
  [D2DGA] 进度 100% (5723s/5723s, dt=0.440s)
{"井": "hu103", "变体": "排量+40%", "η_E": 0.9934, "η_N": 0.9697, "stop_s": 5723.5, "窄边前缘m": 2233.3, "窄边到位率": 1.0, "窜槽指数": 0.0, "混浆指数": 0.0245, "耗时s": 85.0}
[D2DGA] 开始环空二维模拟 total_t=8013s nz=250 ny=40
  [D2DGA] 进度 0% (3s/8013s, dt=2.661s)
  [D2DGA] 进度 10% (802s/8013s, dt=1.402s)
  [D2DGA] 进度 20% (1603s/8013s, dt=1.402s)
  [D2DGA] 进度 30% (2405s/8013s, dt=1.260s)
  [D2DGA] 进度 40% (3206s/8013s, dt=1.265s)
  [D2DGA] 进度 50% (4007s/8013s, dt=1.265s)
  [D2DGA] 进度 60% (4809s/8013s, dt=1.142s)
  [D2DGA] 进度 70% (5609s/8013s, dt=0.987s)
  [D2DGA] 进度 80% (6412s/8013s, dt=1.266s)
  [D2DGA] 进度 90% (7212s/8013s, dt=1.278s)
  [D2DGA] 进度 100% (8013s/8013s, dt=1.544s)
{"井": "hu103", "变体": "隔离液密度-0.10", "η_E": 0.9836, "η_N": 0.9282, "stop_s": 8012.9, "窄边前缘m": 2233.3, "窄边到位率": 1.0, "窜槽指数": 0.0, "混浆指数": 0.0573, "耗时s": 98.6}
[D2DGA] 开始环空二维模拟 total_t=8013s nz=250 ny=40
  [D2DGA] 进度 0% (3s/8013s, dt=2.661s)
  [D2DGA] 进度 10% (802s/8013s, dt=1.402s)
  [D2DGA] 进度 20% (1603s/8013s, dt=1.402s)
  [D2DGA] 进度 30% (2405s/8013s, dt=1.260s)
  [D2DGA] 进度 40% (3206s/8013s, dt=1.265s)
  [D2DGA] 进度 50% (4008s/8013s, dt=1.145s)
  [D2DGA] 进度 60% (4808s/8013s, dt=1.122s)
  [D2DGA] 进度 70% (5610s/8013s, dt=1.005s)
  [D2DGA] 进度 80% (6411s/8013s, dt=1.260s)
  [D2DGA] 进度 90% (7212s/8013s, dt=1.278s)
  [D2DGA] 进度 100% (8013s/8013s, dt=1.166s)
{"井": "hu103", "变体": "隔离液密度+0.10", "η_E": 0.9836, "η_N": 0.9284, "stop_s": 8012.9, "窄边前缘m": 2233.3, "窄边到位率": 1.0, "窜槽指数": 0.0, "混浆指数": 0.0571, "耗时s": 76.2}
[D2DGA] 开始环空二维模拟 total_t=8013s nz=250 ny=40
  [D2DGA] 进度 0% (3s/8013s, dt=2.661s)
  [D2DGA] 进度 10% (802s/8013s, dt=1.402s)
  [D2DGA] 进度 20% (1603s/8013s, dt=1.402s)
  [D2DGA] 进度 30% (2405s/8013s, dt=1.260s)
  [D2DGA] 进度 40% (3206s/8013s, dt=1.265s)
  [D2DGA] 进度 50% (4007s/8013s, dt=1.265s)
  [D2DGA] 进度 60% (4809s/8013s, dt=1.132s)
  [D2DGA] 进度 70% (5609s/8013s, dt=0.698s)
  [D2DGA] 进度 80% (6410s/8013s, dt=0.751s)
  [D2DGA] 进度 90% (7212s/8013s, dt=0.796s)
  [D2DGA] 进度 100% (8013s/8013s, dt=0.584s)
{"井": "hu103", "变体": "水泥n-0.1", "η_E": 0.4401, "η_N": 0.0542, "stop_s": 8012.9, "窄边前缘m": 98.7, "窄边到位率": 0.0442, "窜槽指数": 0.9558, "混浆指数": 0.2755, "耗时s": 117.9}
[D2DGA] 开始环空二维模拟 total_t=8013s nz=250 ny=40
  [D2DGA] 进度 0% (3s/8013s, dt=2.661s)
  [D2DGA] 进度 10% (802s/8013s, dt=1.402s)
  [D2DGA] 进度 20% (1603s/8013s, dt=1.402s)
  [D2DGA] 进度 30% (2405s/8013s, dt=1.260s)
  [D2DGA] 进度 40% (3206s/8013s, dt=1.265s)
  [D2DGA] 进度 50% (4007s/8013s, dt=1.265s)
  [D2DGA] 进度 60% (4809s/8013s, dt=1.132s)
  [D2DGA] 进度 70% (5609s/8013s, dt=1.141s)
  [D2DGA] 进度 80% (6411s/8013s, dt=1.314s)
  [D2DGA] 进度 90% (7212s/8013s, dt=1.818s)
  [D2DGA] 进度 100% (8013s/8013s, dt=0.991s)
{"井": "hu103", "变体": "水泥n+0.1", "η_E": 0.9961, "η_N": 0.9834, "stop_s": 8012.9, "窄边前缘m": 2233.3, "窄边到位率": 1.0, "窜槽指数": 0.0, "混浆指数": 0.0146, "耗时s": 109.0}
[D2DGA] 开始环空二维模拟 total_t=8013s nz=250 ny=40
  [D2DGA] 进度 0% (3s/8013s, dt=2.689s)
  [D2DGA] 进度 10% (801s/8013s, dt=1.379s)
  [D2DGA] 进度 20% (1603s/8013s, dt=1.379s)
  [D2DGA] 进度 30% (2404s/8013s, dt=1.219s)
  [D2DGA] 进度 40% (3206s/8013s, dt=1.223s)
  [D2DGA] 进度 50% (4007s/8013s, dt=1.223s)
  [D2DGA] 进度 60% (4809s/8013s, dt=1.063s)
  [D2DGA] 进度 70% (5609s/8013s, dt=0.850s)
  [D2DGA] 进度 80% (6411s/8013s, dt=1.130s)
  [D2DGA] 进度 90% (7212s/8013s, dt=1.125s)
  [D2DGA] 进度 100% (8013s/8013s, dt=0.985s)
{"井": "hu103", "变体": "泥浆PV-30%", "η_E": 0.9856, "η_N": 0.9402, "stop_s": 8012.9, "窄边前缘m": 2233.3, "窄边到位率": 1.0, "窜槽指数": 0.0, "混浆指数": 0.0514, "耗时s": 126.0}
[D2DGA] 开始环空二维模拟 total_t=8013s nz=250 ny=40
  [D2DGA] 进度 0% (3s/8013s, dt=2.636s)
  [D2DGA] 进度 10% (801s/8013s, dt=1.469s)
  [D2DGA] 进度 20% (1603s/8013s, dt=1.469s)
  [D2DGA] 进度 30% (2404s/8013s, dt=1.349s)
  [D2DGA] 进度 40% (3205s/8013s, dt=1.356s)
  [D2DGA] 进度 50% (4007s/8013s, dt=1.356s)
  [D2DGA] 进度 60% (4808s/8013s, dt=1.191s)
  [D2DGA] 进度 70% (5610s/8013s, dt=1.203s)
  [D2DGA] 进度 80% (6411s/8013s, dt=1.335s)
  [D2DGA] 进度 90% (7213s/8013s, dt=1.422s)
  [D2DGA] 进度 100% (8013s/8013s, dt=1.016s)
{"井": "hu103", "变体": "泥浆PV+30%", "η_E": 0.9848, "η_N": 0.931, "stop_s": 8012.9, "窄边前缘m": 2233.3, "窄边到位率": 1.0, "窜槽指数": 0.0, "混浆指数": 0.0526, "耗时s": 92.3}

########## hu101 ##########
[D2DGA] 开始环空二维模拟 total_t=13743s nz=250 ny=40
  [D2DGA] 进度 0% (3s/13743s, dt=3.108s)
  [D2DGA] 进度 10% (1376s/13743s, dt=2.115s)
  [D2DGA] 进度 20% (2749s/13743s, dt=2.114s)
  [D2DGA] 进度 30% (4123s/13743s, dt=2.114s)
  [D2DGA] 进度 40% (5497s/13743s, dt=2.114s)
  [D2DGA] 进度 50% (6872s/13743s, dt=2.114s)
  [D2DGA] 进度 60% (8247s/13743s, dt=2.123s)
  [D2DGA] 进度 70% (9620s/13743s, dt=1.089s)
  [D2DGA] 进度 80% (10995s/13743s, dt=1.364s)
  [D2DGA] 进度 90% (12369s/13743s, dt=2.582s)
  [D2DGA] 进度 100% (13743s/13743s, dt=0.980s)
{"井": "hu101", "变体": "基线", "η_E": 0.4921, "η_N": 0.0314, "stop_s": 13742.7, "窄边前缘m": 49.6, "窄边到位率": 0.0201, "窜槽指数": 0.9799, "混浆指数": 0.3487, "耗时s": 107.2}
[D2DGA] 开始环空二维模拟 total_t=22905s nz=250 ny=40
  [D2DGA] 进度 0% (4s/22905s, dt=4.000s)
  [D2DGA] 进度 10% (2293s/22905s, dt=3.258s)
  [D2DGA] 进度 20% (4582s/22905s, dt=3.256s)
  [D2DGA] 进度 30% (6874s/22905s, dt=3.256s)
  [D2DGA] 进度 40% (9163s/22905s, dt=3.256s)
  [D2DGA] 进度 50% (11455s/22905s, dt=3.256s)
  [D2DGA] 进度 60% (13745s/22905s, dt=3.275s)
  [D2DGA] 进度 70% (16033s/22905s, dt=1.638s)
  [D2DGA] 进度 80% (18325s/22905s, dt=2.094s)
  [D2DGA] 进度 90% (20615s/22905s, dt=4.000s)
  [D2DGA] 进度 100% (22905s/22905s, dt=1.627s)
{"井": "hu101", "变体": "排量-40%", "η_E": 0.4919, "η_N": 0.04, "stop_s": 22904.5, "窄边前缘m": 59.5, "窄边到位率": 0.0241, "窜槽指数": 0.9759, "混浆指数": 0.4066, "耗时s": 101.2}
[D2DGA] 开始环空二维模拟 total_t=17178s nz=250 ny=40
  [D2DGA] 进度 0% (4s/17178s, dt=3.884s)
  [D2DGA] 进度 10% (1718s/17178s, dt=2.549s)
  [D2DGA] 进度 20% (3437s/17178s, dt=2.546s)
  [D2DGA] 进度 30% (5155s/17178s, dt=2.546s)
  [D2DGA] 进度 40% (6874s/17178s, dt=2.546s)
  [D2DGA] 进度 50% (8590s/17178s, dt=2.546s)
  [D2DGA] 进度 60% (10307s/17178s, dt=2.562s)
  [D2DGA] 进度 70% (12026s/17178s, dt=1.314s)
  [D2DGA] 进度 80% (13744s/17178s, dt=1.642s)
  [D2DGA] 进度 90% (15461s/17178s, dt=3.182s)
  [D2DGA] 进度 100% (17178s/17178s, dt=2.088s)
{"井": "hu101", "变体": "排量-20%", "η_E": 0.49, "η_N": 0.0342, "stop_s": 17178.4, "窄边前缘m": 59.5, "窄边到位率": 0.0241, "窜槽指数": 0.9759, "混浆指数": 0.3738, "耗时s": 101.5}
[D2DGA] 开始环空二维模拟 total_t=11452s nz=250 ny=40
  [D2DGA] 进度 0% (3s/11452s, dt=2.590s)
  [D2DGA] 进度 10% (1146s/11452s, dt=1.816s)
  [D2DGA] 进度 20% (2292s/11452s, dt=1.816s)
  [D2DGA] 进度 30% (3436s/11452s, dt=1.816s)
  [D2DGA] 进度 40% (4582s/11452s, dt=1.816s)
  [D2DGA] 进度 50% (5728s/11452s, dt=1.816s)
  [D2DGA] 进度 60% (6872s/11452s, dt=1.823s)
  [D2DGA] 进度 70% (8017s/11452s, dt=0.954s)
  [D2DGA] 进度 80% (9163s/11452s, dt=1.179s)
  [D2DGA] 进度 90% (10307s/11452s, dt=2.201s)
  [D2DGA] 进度 100% (11452s/11452s, dt=2.163s)
{"井": "hu101", "变体": "排量+20%", "η_E": 0.4951, "η_N": 0.0302, "stop_s": 11452.3, "窄边前缘m": 49.6, "窄边到位率": 0.0201, "窜槽指数": 0.9799, "混浆指数": 0.3287, "耗时s": 97.4}
[D2DGA] 开始环空二维模拟 total_t=9816s nz=250 ny=40
  [D2DGA] 进度 0% (2s/9816s, dt=2.220s)
  [D2DGA] 进度 10% (983s/9816s, dt=1.599s)
  [D2DGA] 进度 20% (1964s/9816s, dt=1.598s)
  [D2DGA] 进度 30% (2946s/9816s, dt=1.598s)
  [D2DGA] 进度 40% (3927s/9816s, dt=1.598s)
  [D2DGA] 进度 50% (4908s/9816s, dt=1.598s)
  [D2DGA] 进度 60% (5890s/9816s, dt=1.604s)
  [D2DGA] 进度 70% (6872s/9816s, dt=0.874s)
  [D2DGA] 进度 80% (7853s/9816s, dt=1.050s)
  [D2DGA] 进度 90% (8835s/9816s, dt=1.937s)
  [D2DGA] 进度 100% (9816s/9816s, dt=0.701s)
{"井": "hu101", "变体": "排量+40%", "η_E": 0.4968, "η_N": 0.0291, "stop_s": 9816.2, "窄边前缘m": 49.6, "窄边到位率": 0.0201, "窜槽指数": 0.9799, "混浆指数": 0.3134, "耗时s": 97.7}
[D2DGA] 开始环空二维模拟 total_t=13743s nz=250 ny=40
  [D2DGA] 进度 0% (3s/13743s, dt=3.108s)
  [D2DGA] 进度 10% (1376s/13743s, dt=2.115s)
  [D2DGA] 进度 20% (2749s/13743s, dt=2.114s)
  [D2DGA] 进度 30% (4123s/13743s, dt=2.114s)
  [D2DGA] 进度 40% (5497s/13743s, dt=2.114s)
  [D2DGA] 进度 50% (6872s/13743s, dt=2.114s)
  [D2DGA] 进度 60% (8246s/13743s, dt=1.700s)
  [D2DGA] 进度 70% (9620s/13743s, dt=1.190s)
  [D2DGA] 进度 80% (10994s/13743s, dt=1.349s)
  [D2DGA] 进度 90% (12369s/13743s, dt=2.559s)
  [D2DGA] 进度 100% (13743s/13743s, dt=2.276s)
{"井": "hu101", "变体": "隔离液密度-0.10", "η_E": 0.4944, "η_N": 0.0312, "stop_s": 13742.7, "窄边前缘m": 49.6, "窄边到位率": 0.0201, "窜槽指数": 0.9799, "混浆指数": 0.3656, "耗时s": 108.6}
[D2DGA] 开始环空二维模拟 total_t=13743s nz=250 ny=40
  [D2DGA] 进度 0% (3s/13743s, dt=3.108s)
  [D2DGA] 进度 10% (1376s/13743s, dt=2.115s)
  [D2DGA] 进度 20% (2749s/13743s, dt=2.114s)
  [D2DGA] 进度 30% (4123s/13743s, dt=2.114s)
  [D2DGA] 进度 40% (5497s/13743s, dt=2.114s)
  [D2DGA] 进度 50% (6872s/13743s, dt=2.114s)
  [D2DGA] 进度 60% (8247s/13743s, dt=2.123s)
  [D2DGA] 进度 70% (9620s/13743s, dt=1.055s)
  [D2DGA] 进度 80% (10995s/13743s, dt=1.338s)
  [D2DGA] 进度 90% (12370s/13743s, dt=2.528s)
  [D2DGA] 进度 100% (13743s/13743s, dt=2.015s)
{"井": "hu101", "变体": "隔离液密度+0.10", "η_E": 0.4848, "η_N": 0.0302, "stop_s": 13742.7, "窄边前缘m": 49.6, "窄边到位率": 0.0201, "窜槽指数": 0.9799, "混浆指数": 0.3474, "耗时s": 90.0}
[D2DGA] 开始环空二维模拟 total_t=13743s nz=250 ny=40
  [D2DGA] 进度 0% (3s/13743s, dt=3.108s)
  [D2DGA] 进度 10% (1376s/13743s, dt=2.115s)
  [D2DGA] 进度 20% (2749s/13743s, dt=2.114s)
  [D2DGA] 进度 30% (4123s/13743s, dt=2.114s)
  [D2DGA] 进度 40% (5497s/13743s, dt=2.114s)
  [D2DGA] 进度 50% (6872s/13743s, dt=2.114s)
  [D2DGA] 进度 60% (8247s/13743s, dt=2.123s)
  [D2DGA] 进度 70% (9621s/13743s, dt=0.815s)
  [D2DGA] 进度 80% (10994s/13743s, dt=1.099s)
  [D2DGA] 进度 90% (12369s/13743s, dt=2.235s)
  [D2DGA] 进度 100% (13743s/13743s, dt=0.451s)
{"井": "hu101", "变体": "水泥n-0.1", "η_E": 0.4525, "η_N": 0.0286, "stop_s": 13742.7, "窄边前缘m": 49.6, "窄边到位率": 0.0201, "窜槽指数": 0.9799, "混浆指数": 0.3739, "耗时s": 124.9}
[D2DGA] 开始环空二维模拟 total_t=13743s nz=250 ny=40
  [D2DGA] 进度 0% (3s/13743s, dt=3.108s)
  [D2DGA] 进度 10% (1376s/13743s, dt=2.115s)
  [D2DGA] 进度 20% (2749s/13743s, dt=2.114s)
  [D2DGA] 进度 30% (4123s/13743s, dt=2.114s)
  [D2DGA] 进度 40% (5497s/13743s, dt=2.114s)
  [D2DGA] 进度 50% (6872s/13743s, dt=2.114s)
  [D2DGA] 进度 60% (8247s/13743s, dt=2.123s)
  [D2DGA] 进度 70% (9621s/13743s, dt=1.217s)
  [D2DGA] 进度 80% (10995s/13743s, dt=1.373s)
  [D2DGA] 进度 90% (12369s/13743s, dt=2.657s)
  [D2DGA] 进度 100% (13743s/13743s, dt=1.706s)
{"井": "hu101", "变体": "水泥n+0.1", "η_E": 0.4763, "η_N": 0.0366, "stop_s": 13742.7, "窄边前缘m": 69.4, "窄边到位率": 0.0281, "窜槽指数": 0.9719, "混浆指数": 0.3521, "耗时s": 97.1}
[D2DGA] 开始环空二维模拟 total_t=13743s nz=250 ny=40
  [D2DGA] 进度 0% (3s/13743s, dt=3.177s)
  [D2DGA] 进度 10% (1376s/13743s, dt=1.982s)
  [D2DGA] 进度 20% (2749s/13743s, dt=1.980s)
  [D2DGA] 进度 30% (4123s/13743s, dt=1.980s)
  [D2DGA] 进度 40% (5497s/13743s, dt=1.980s)
  [D2DGA] 进度 50% (6872s/13743s, dt=1.980s)
  [D2DGA] 进度 60% (8247s/13743s, dt=1.992s)
  [D2DGA] 进度 70% (9621s/13743s, dt=1.056s)
  [D2DGA] 进度 80% (10994s/13743s, dt=1.334s)
  [D2DGA] 进度 90% (12371s/13743s, dt=2.492s)
  [D2DGA] 进度 100% (13743s/13743s, dt=2.548s)
{"井": "hu101", "变体": "泥浆PV-30%", "η_E": 0.4838, "η_N": 0.0312, "stop_s": 13742.7, "窄边前缘m": 49.6, "窄边到位率": 0.0201, "窜槽指数": 0.9799, "混浆指数": 0.3489, "耗时s": 94.4}
[D2DGA] 开始环空二维模拟 total_t=13743s nz=250 ny=40
  [D2DGA] 进度 0% (3s/13743s, dt=3.060s)
  [D2DGA] 进度 10% (1376s/13743s, dt=2.220s)
  [D2DGA] 进度 20% (2750s/13743s, dt=2.219s)
  [D2DGA] 进度 30% (4123s/13743s, dt=2.219s)
  [D2DGA] 进度 40% (5499s/13743s, dt=2.219s)
  [D2DGA] 进度 50% (6872s/13743s, dt=2.219s)
  [D2DGA] 进度 60% (8248s/13743s, dt=2.225s)
  [D2DGA] 进度 70% (9621s/13743s, dt=1.087s)
  [D2DGA] 进度 80% (10994s/13743s, dt=1.373s)
  [D2DGA] 进度 90% (12371s/13743s, dt=2.617s)
  [D2DGA] 进度 100% (13743s/13743s, dt=1.503s)
{"井": "hu101", "变体": "泥浆PV+30%", "η_E": 0.4911, "η_N": 0.0311, "stop_s": 13742.7, "窄边前缘m": 49.6, "窄边到位率": 0.0201, "窜槽指数": 0.9799, "混浆指数": 0.3525, "耗时s": 94.1}
[D2DGA] 开始环空二维模拟 total_t=10255s nz=250 ny=40
  [D2DGA] 进度 0% (4s/10255s, dt=3.706s)
  [D2DGA] 进度 10% (1028s/10255s, dt=3.121s)
  [D2DGA] 进度 20% (2054s/10255s, dt=3.746s)
  [D2DGA] 进度 30% (3079s/10255s, dt=3.121s)
  [D2DGA] 进度 40% (4103s/10255s, dt=3.121s)
  [D2DGA] 进度 50% (5128s/10255s, dt=2.863s)
  [D2DGA] 进度 60% (6154s/10255s, dt=3.314s)
  [D2DGA] 进度 70% (7180s/10255s, dt=2.875s)
  [D2DGA] 进度 80% (8204s/10255s, dt=2.218s)
  [D2DGA] 进度 90% (9232s/10255s, dt=2.175s)
  [D2DGA] 进度 100% (10255s/10255s, dt=2.302s)
{"井": "ht1_003", "变体": "standoff-0.1", "η_E": 0.9907, "η_N": 0.9565, "stop_s": 10255.2, "窄边前缘m": 2310.5, "窄边到位率": 1.0, "窜槽指数": 0.0, "混浆指数": 0.0339, "耗时s": 45.3}
[D2DGA] 开始环空二维模拟 total_t=10255s nz=250 ny=40
  [D2DGA] 进度 0% (4s/10255s, dt=4.000s)
  [D2DGA] 进度 10% (1028s/10255s, dt=4.000s)
  [D2DGA] 进度 20% (2052s/10255s, dt=4.000s)
  [D2DGA] 进度 30% (3080s/10255s, dt=4.000s)
  [D2DGA] 进度 40% (4104s/10255s, dt=4.000s)
  [D2DGA] 进度 50% (5128s/10255s, dt=4.000s)
  [D2DGA] 进度 60% (6156s/10255s, dt=4.000s)
  [D2DGA] 进度 70% (7182s/10255s, dt=4.000s)
  [D2DGA] 进度 80% (8207s/10255s, dt=3.499s)
  [D2DGA] 进度 90% (9231s/10255s, dt=3.521s)
  [D2DGA] 进度 100% (10255s/10255s, dt=1.588s)
{"井": "ht1_003", "变体": "standoff+0.1", "η_E": 0.9992, "η_N": 0.9985, "stop_s": 10255.2, "窄边前缘m": 2310.5, "窄边到位率": 1.0, "窜槽指数": 0.0, "混浆指数": 0.0026, "耗时s": 32.8}

[done] 敏感性矩阵已落盘 D:\users\desktop\research\控压固井项目\cement model\results\敏感性分析_2026-09-07
      井           变体    η_E    η_N  stop_s  窄边前缘m  窄边到位率   窜槽指数   混浆指数   耗时s
  hu103           基线 0.9862 0.9386  8012.9 2233.3 1.0000 0.0000 0.0488  94.2
  hu103       排量-40% 0.4865 0.0912 13354.8  188.4 0.0843 0.9157 0.2711  95.5
  hu103       排量-20% 0.7672 0.4706 10016.1 1094.2 0.4900 0.5100 0.2358  95.6
  hu103       排量+20% 0.9913 0.9600  6677.4 2233.3 1.0000 0.0000 0.0318  86.4
  hu103       排量+40% 0.9934 0.9697  5723.5 2233.3 1.0000 0.0000 0.0245  85.0
  hu103   隔离液密度-0.10 0.9836 0.9282  8012.9 2233.3 1.0000 0.0000 0.0573  98.6
  hu103   隔离液密度+0.10 0.9836 0.9284  8012.9 2233.3 1.0000 0.0000 0.0571  76.2
  hu103      水泥n-0.1 0.4401 0.0542  8012.9   98.7 0.0442 0.9558 0.2755 117.9
  hu103      水泥n+0.1 0.9961 0.9834  8012.9 2233.3 1.0000 0.0000 0.0146 109.0
  hu103     泥浆PV-30% 0.9856 0.9402  8012.9 2233.3 1.0000 0.0000 0.0514 126.0
  hu103     泥浆PV+30% 0.9848 0.9310  8012.9 2233.3 1.0000 0.0000 0.0526  92.3
  hu101           基线 0.4921 0.0314 13742.7   49.6 0.0201 0.9799 0.3487 107.2
  hu101       排量-40% 0.4919 0.0400 22904.5   59.5 0.0241 0.9759 0.4066 101.2
  hu101       排量-20% 0.4900 0.0342 17178.4   59.5 0.0241 0.9759 0.3738 101.5
  hu101       排量+20% 0.4951 0.0302 11452.3   49.6 0.0201 0.9799 0.3287  97.4
  hu101       排量+40% 0.4968 0.0291  9816.2   49.6 0.0201 0.9799 0.3134  97.7
  hu101   隔离液密度-0.10 0.4944 0.0312 13742.7   49.6 0.0201 0.9799 0.3656 108.6
  hu101   隔离液密度+0.10 0.4848 0.0302 13742.7   49.6 0.0201 0.9799 0.3474  90.0
  hu101      水泥n-0.1 0.4525 0.0286 13742.7   49.6 0.0201 0.9799 0.3739 124.9
  hu101      水泥n+0.1 0.4763 0.0366 13742.7   69.4 0.0281 0.9719 0.3521  97.1
  hu101     泥浆PV-30% 0.4838 0.0312 13742.7   49.6 0.0201 0.9799 0.3489  94.4
  hu101     泥浆PV+30% 0.4911 0.0311 13742.7   49.6 0.0201 0.9799 0.3525  94.1
ht1_003 standoff-0.1 0.9907 0.9565 10255.2 2310.5 1.0000 0.0000 0.0339  45.3
ht1_003 standoff+0.1 0.9992 0.9985 10255.2 2310.5 1.0000 0.0000 0.0026  32.8
