旧基线对照: 汇总.csv（8 井）
=== 开始：2026-09-01 17:58:36 | 共 8 井 × 2 域变体（nz=250）===

[1/8] === hu101 ===
  几何: 技套鞋=5699.8 裸眼段=57.059m³ 重合段(模型)=8.458m³ 水泥浆=70.0m³
  A(当前域): tt=9521.2s eta_E=0.4442 (旧基线 0.3696, Δ+0.0746) mix=0.2997 occ=0.4442 (113.1s)
  B(仅裸眼域): tt=9521.2s eta_E=0.4701 (vs A +0.0259) mix=0.3038 occ=0.4701 (254.9s)

[2/8] === hu102 ===
  几何: 技套鞋=7119.8 裸眼段=8.196m³ 重合段(模型)=4.183m³ 水泥浆=17.0m³
  A(当前域): tt=10594.9s eta_E=0.6986 (旧基线 0.4665, Δ+0.2321) mix=0.1810 occ=0.6986 (343.1s)
  B(仅裸眼域): tt=10594.9s eta_E=0.8188 (vs A +0.1202) mix=0.1317 occ=0.8188 (458.4s)

[3/8] === hu103 ===
  几何: 技套鞋=5750.0 裸眼段=69.522m³ 重合段(模型)=6.582m³ 水泥浆=83.0m³
  A(当前域): tt=7436.2s eta_E=0.3068 (旧基线 0.4268, Δ-0.1200) mix=0.2406 occ=0.3068 (463.7s)
  B(仅裸眼域): tt=7436.2s eta_E=0.3297 (vs A +0.0229) mix=0.2427 occ=0.3297 (325.5s)

[4/8] === hu1 ===
  几何: 技套鞋=5694.1 裸眼段=27.421m³ 重合段(模型)=32.492m³ 水泥浆=60.0m³
  A(当前域): tt=20944.4s eta_E=0.5580 (旧基线 0.5581, Δ-0.0001) mix=0.3240 occ=0.5580 (234.3s)
  B(仅裸眼域): tt=20944.4s eta_E=0.8324 (vs A +0.2744) mix=0.1761 occ=0.8324 (438.1s)

[5/8] === hu2 ===
  几何: 技套鞋=5630.0 裸眼段=27.848m³ 重合段(模型)=5.648m³ 水泥浆=38.0m³
  A(当前域): tt=11663.6s eta_E=0.6297 (旧基线 0.6171, Δ+0.0126) mix=0.2472 occ=0.6297 (277.2s)
  B(仅裸眼域): tt=11663.6s eta_E=0.7206 (vs A +0.0909) mix=0.2147 occ=0.7206 (423.7s)

[6/8] === ht1_001 ===
  几何: 技套鞋=5670.0 裸眼段=66.36m³ 重合段(模型)=6.409m³ 水泥浆=71.4m³
  A(当前域): tt=10899.6s eta_E=0.5474 (旧基线 0.5478, Δ-0.0005) mix=0.2446 occ=0.5474 (237.2s)
  B(仅裸眼域) 开始…
[D2DGA] 开始环空二维模拟 total_t=10900s nz=250 ny=40
  [D2DGA] 进度 0% (4s/10900s, dt=4.000s)
  [D2DGA] 进度 10% (1093s/10900s, dt=3.741s)
  [D2DGA] 进度 20% (2182s/10900s, dt=4.000s)
  [D2DGA] 进度 30% (3270s/10900s, dt=4.000s)
  [D2DGA] 进度 40% (4362s/10900s, dt=4.000s)
  [D2DGA] 进度 50% (5450s/10900s, dt=4.000s)
  [D2DGA] 进度 60% (6542s/10900s, dt=4.000s)
  [D2DGA] 进度 70% (7630s/10900s, dt=0.468s)
  [D2DGA] 进度 80% (8720s/10900s, dt=0.484s)
  [D2DGA] 进度 90% (9810s/10900s, dt=0.471s)
  [D2DGA] 进度 100% (10900s/10900s, dt=0.427s)
  落盘: ht1_001_B.json
  B(仅裸眼域): tt=10899.6s eta_E=0.5912 (vs A +0.0438) mix=0.2398 occ=0.5912 (398.5s)

[7/8] === ht1_003 ===
  几何: 技套鞋=5568.0 裸眼段=51.081m³ 重合段(模型)=6.587m³ 水泥浆=67.0m³
  A(当前域) 开始…
[D2DGA] 开始环空二维模拟 total_t=10255s nz=250 ny=40
  [D2DGA] 进度 0% (4s/10255s, dt=4.000s)
  [D2DGA] 进度 10% (1028s/10255s, dt=4.000s)
  [D2DGA] 进度 20% (2052s/10255s, dt=4.000s)
  [D2DGA] 进度 30% (3080s/10255s, dt=4.000s)
  [D2DGA] 进度 40% (4104s/10255s, dt=4.000s)
  [D2DGA] 进度 50% (5128s/10255s, dt=4.000s)
  [D2DGA] 进度 60% (6156s/10255s, dt=4.000s)
  [D2DGA] 进度 70% (7180s/10255s, dt=4.000s)
  [D2DGA] 进度 80% (8205s/10255s, dt=0.797s)
  [D2DGA] 进度 90% (9230s/10255s, dt=0.997s)
  [D2DGA] 进度 100% (10255s/10255s, dt=0.790s)
  落盘: ht1_003_A.json
  A(当前域): tt=10255.2s eta_E=0.6604 (旧基线 0.6558, Δ+0.0047) mix=0.2148 occ=0.6604 (387.8s)
  B(仅裸眼域) 开始…
[D2DGA] 开始环空二维模拟 total_t=10255s nz=250 ny=40
  [D2DGA] 进度 0% (4s/10255s, dt=4.000s)
  [D2DGA] 进度 10% (1028s/10255s, dt=4.000s)
  [D2DGA] 进度 20% (2052s/10255s, dt=4.000s)
  [D2DGA] 进度 30% (3080s/10255s, dt=4.000s)
  [D2DGA] 进度 40% (4104s/10255s, dt=4.000s)
  [D2DGA] 进度 50% (5128s/10255s, dt=4.000s)
  [D2DGA] 进度 60% (6156s/10255s, dt=4.000s)
  [D2DGA] 进度 70% (7180s/10255s, dt=4.000s)
  [D2DGA] 进度 80% (8204s/10255s, dt=0.696s)
  [D2DGA] 进度 90% (9230s/10255s, dt=0.638s)
  [D2DGA] 进度 100% (10255s/10255s, dt=0.359s)
  落盘: ht1_003_B.json
  B(仅裸眼域): tt=10255.2s eta_E=0.7178 (vs A +0.0574) mix=0.1897 occ=0.7178 (460.2s)

[8/8] === ht1_004 ===
  几何: 技套鞋=5578.0 裸眼段=51.308m³ 重合段(模型)=8.385m³ 水泥浆=76.0m³
  A(当前域) 开始…
[D2DGA] 开始环空二维模拟 total_t=11410s nz=250 ny=40
  [D2DGA] 进度 0% (4s/11410s, dt=4.000s)
  [D2DGA] 进度 10% (1142s/11410s, dt=3.288s)
  [D2DGA] 进度 20% (2282s/11410s, dt=3.227s)
  [D2DGA] 进度 30% (3425s/11410s, dt=3.227s)
  [D2DGA] 进度 40% (4564s/11410s, dt=3.227s)
  [D2DGA] 进度 50% (5707s/11410s, dt=3.124s)
  [D2DGA] 进度 60% (6846s/11410s, dt=0.211s)
  [D2DGA] 进度 70% (7987s/11410s, dt=0.258s)
  [D2DGA] 进度 80% (9128s/11410s, dt=0.352s)
  [D2DGA] 进度 90% (10269s/11410s, dt=0.414s)
  [D2DGA] 进度 100% (11410s/11410s, dt=0.379s)
  落盘: ht1_004_A.json
  A(当前域): tt=11409.6s eta_E=0.6770 (旧基线 0.1413, Δ+0.5357) mix=0.2324 occ=0.6770 (416.2s)
  B(仅裸眼域) 开始…
[D2DGA] 开始环空二维模拟 total_t=11410s nz=250 ny=40
  [D2DGA] 进度 0% (4s/11410s, dt=4.000s)
  [D2DGA] 进度 10% (1141s/11410s, dt=2.820s)
  [D2DGA] 进度 20% (2283s/11410s, dt=2.776s)
  [D2DGA] 进度 30% (3424s/11410s, dt=2.776s)
  [D2DGA] 进度 40% (4565s/11410s, dt=2.776s)
  [D2DGA] 进度 50% (5705s/11410s, dt=2.688s)
  [D2DGA] 进度 60% (6846s/11410s, dt=0.185s)
  [D2DGA] 进度 70% (7987s/11410s, dt=0.756s)
  [D2DGA] 进度 80% (9129s/11410s, dt=1.199s)
  [D2DGA] 进度 90% (10269s/11410s, dt=1.833s)
  [D2DGA] 进度 100% (11410s/11410s, dt=0.380s)
  落盘: ht1_004_B.json
  B(仅裸眼域): tt=11409.6s eta_E=0.7533 (vs A +0.0763) mix=0.2009 occ=0.7533 (221.9s)

对比表: D:\users\desktop\research\控压固井项目\cement model\results\停止标志修复与裸眼域对比_2026-09-01\对比.csv（16 行数据）
几何量化表: D:\users\desktop\research\控压固井项目\cement model\results\停止标志修复与裸眼域对比_2026-09-01\域几何量化.csv（8 行数据）
摘要: D:\users\desktop\research\控压固井项目\cement model\results\停止标志修复与裸眼域对比_2026-09-01\摘要.md

==============================================================================
完成: 对比 16 行（A=8, B=8）| 几何 8 行 | 异常 0 项
输出目录: D:\users\desktop\research\控压固井项目\cement model\results\停止标志修复与裸眼域对比_2026-09-01
