=== wrapper_p30 start 2026-10-07 02:23:25 ===
环空压力计算完成
套管内压力计算完成（从井底向上反推）！
环空ECD计算完成！
套管内ECD模块计算完成！

=== 8.11泵压对比（原始计算泵压 vs 设计表压力） ===
  8.11表压力范围(含停泵点): 0.200 - 16.700 MPa
  8.11累计量插值压力范围: 2.600 - 16.700 MPa
  计算泵压范围: 9.453 - 15.446 MPa
  泵压误差(计算-设计): 平均 -0.988 MPa，最大绝对误差 4.646 MPa

=== 8.11井底ECD对比（原始计算ECD vs 设计表井底ECD） ===
  8.11表井底ECD范围: 1.894 - 1.962 g/cm?
  8.11累计量插值井底ECD范围: 1.930 - 1.962 g/cm?
  计算井底ECD范围: 1.934 - 1.961 g/cm?
  井底ECD误差(计算-设计): 平均 -0.0017 g/cm?，最大绝对误差 0.0082 g/cm?
开始计算基于四点独立窗口约束的所需回压...
  5578m窗口: [1.940, 1.975]；6600m窗口: [1.940, 1.975]；7498m窗口: [1.940, 1.975]；井底窗口: [2.010, 2.050]
? 警告：189/189 个时间步四点独立窗口约束矛盾（综合回压下界 > 综合回压上界），自动取上界优先防漏！
  冲突时间段：1.0 - 189.0 min

=== 四点联合约束控压反算完成(各点独立窗口，目标余量=0.003) ===
  5578m窗口: [1.940, 1.975] g/cm?
  6600m窗口: [1.940, 1.975] g/cm?
  7498m窗口: [1.940, 1.975] g/cm?
  井底TD窗口: [2.010, 2.050] g/cm?
  所需动态回压范围: 1.120 - 2.260 MPa
  综合回压下界范围: 3.650 - 5.695 MPa
  综合回压上界范围: 1.120 - 2.260 MPa
  对应新井底压力范围: 146.735 - 148.560 MPa
  原始泵压范围: 9.453 - 15.446 MPa
  施加回压后泵压范围: 10.890 - 16.846 MPa
  相对原始工况新增回压范围: 1.120 - 2.260 MPa

=== 四点联合约束控压反算最终汇总（各点独立窗口，余量=0.003） ===
  5578m(套管鞋) 控压后: ECD ∈ [1.945, 1.975] g/cm?，窗口[1.940, 1.975]
  6600m(关注点) 控压后: ECD ∈ [1.953, 1.974] g/cm?，窗口[1.940, 1.975]
  7498m(漏层) 控压后: ECD ∈ [1.954, 1.975] g/cm?，窗口[1.940, 1.975]
  井底TD 控压后: ECD ∈ [1.954, 1.978] g/cm?，窗口[2.010, 2.050]
  ? 存在189个矛盾时间点(100%)！各点独立窗口不可同时满足，需人工调整参数(密度/排量/流变/回压策略)。

=== 井底安全密度窗口统一回压施加值反算完成（跌破段持稳+交点后冻结） ===
  井底安全密度窗口: [2.010, 2.050] g/cm?，目标持稳密度 2.025 g/cm?
  跌破段1: 1.0 - 189.0 min（交点 189.0 min），交点处冻结回压 5.117 MPa，交点后控压ECD = 自然ECD + 0.0681
  回压施加值范围: 4.776 - 6.821 MPa，最大回压 6.821 MPa 出现在 99.0 min
  回压可行走廊: BP_min ∈ [3.650, 5.695] MPa，BP_max ∈ [6.654, 8.699] MPa
  控压后井底ECD: [2.025, 2.025] g/cm?（跌破段持稳于2.025，交点后保持自然形状）
  控压后5578m套管鞋ECD: [2.012, 2.073] g/cm?（窗口[1.940, 1.975]）
井底窗口回压施加值反算模块执行完成！
=== p_jaifang1 done 2026-10-07 02:23:41 ===
  Name                                               Size              Bytes  Class      Attributes

  A_annulus                                        333x1                2664  double               
  BP_5568_lower                                      1x1                   8  double               
  BP_5568_upper                                      1x1                   8  double               
  BP_6880_lower                                      1x1                   8  double               
  BP_6880_upper                                      1x1                   8  double               
  BP_7463_lower                                      1x1                   8  double               
  BP_7463_upper                                      1x1                   8  double               
  BP_apply_win                                     189x1                1512  double               
  BP_bottom_lower                                    1x1                   8  double               
  BP_bottom_upper                                    1x1                   8  double               
  BP_ecd_win                                       189x1                1512  double               
  BP_lower                                           1x1                   8  double               
  BP_lower_history                                 189x1                1512  double               
  BP_max_win                                       189x1                1512  double               
  BP_min_win                                       189x1                1512  double               
  BP_upper                                           1x1                   8  double               
  BP_upper_history                                 189x1                1512  double               
  Cumulative_Volume_m3                             189x1                1512  double               
  ECD_5568_new                                     189x1                1512  double               
  ECD_6880_new                                     189x1                1512  double               
  ECD_7463_new                                     189x1                1512  double               
  ECD_base_bottom_win                              189x1                1512  double               
  ECD_bottom_ctrl_win                              189x1                1512  double               
  ECD_bottom_new                                   189x1                1512  double               
  ECD_casing_g_cm3                                 189x333            503496  double               
  ECD_casing_kg_m3                                 189x333            503496  double               
  ECD_g_cm3                                        189x333            503496  double               
  ECD_kg_m3                                        189x333            503496  double               
  ECD_setpoint_win                                   1x1                   8  double               
  ECD_shoe_ctrl_win                                189x1                1512  double               
  ESD_g_cm3                                        189x333            503496  double               
  Ff_a                                             189x333            503496  double               
  Ff_casing                                        189x333            503496  double               
  PR                                                 1x333              2664  double               
  PR_segment1                                        1x1                   8  double               
  PR_segment2                                        1x1                   8  double               
  PR_segment3                                        1x1                   8  double               
  PR_segment4                                        1x1                   8  double               
  PR_segment5                                        1x1                   8  double               
  PR_segment6                                        1x1                   8  double               
  PR_segment7                                        1x1                   8  double               
  P_base_5568                                        1x1                   8  double               
  P_base_6880                                        1x1                   8  double               
  P_base_7463                                        1x1                   8  double               
  P_base_bottom                                      1x1                   8  double               
  P_base_bottom_win                                189x1                1512  double               
  P_bit_drop                                         1x1                   8  double               
  P_bottom_ctrl_win                                189x1                1512  double               
  P_safe_l_5568                                      1x1                   8  double               
  P_safe_l_6880                                      1x1                   8  double               
  P_safe_l_7463                                      1x1                   8  double               
  P_safe_l_bottom                                    1x1                   8  double               
  P_safe_l_win                                       1x1                   8  double               
  P_safe_u_5568                                      1x1                   8  double               
  P_safe_u_6880                                      1x1                   8  double               
  P_safe_u_7463                                      1x1                   8  double               
  P_safe_u_bottom                                    1x1                   8  double               
  P_safe_u_win                                       1x1                   8  double               
  P_shoe_ctrl_win                                  189x1                1512  double               
  P_wh_ctrl_win                                    189x1                1512  double               
  Pump_values                                        1x14                112  double               
  Pump_values_time_list                              1x189              1512  double               
  Pump_values_time_list_m3_s                         1x189              1512  double               
  Result_Matrix_BottomECD_Comparison               189x5                7560  double               
  Result_Matrix_PumpPressure_Comparison            189x5                7560  double               
  Result_Matrix_Volume_Pressure                    189x5                7560  double               
  Result_Matrix_Volume_Pressure_WithBP             189x8               12096  double               
  TVD_bottom                                         1x1                   8  double               
  TVD_cum                                            1x333              2664  double               
  ans                                                1x1                   8  double               
  area_cin                                           1x333              2664  double               
  area_cout                                          1x333              2664  double               
  backpressure                                       1x14                112  double               
  backpressure_1                                     1x1                   8  double               
  backpressure_2                                     1x1                   8  double               
  backpressure_3                                     1x1                   8  double               
  backpressure_4                                     1x1                   8  double               
  backpressure_5                                     1x1                   8  double               
  backpressure_6                                     1x1                   8  double               
  backpressure_7                                     1x1                   8  double               
  backpressure_8                                     1x1                   8  double               
  backpressure_9                                     1x1                   8  double               
  backpressure_91                                    1x1                   8  double               
  backpressure_92                                    1x1                   8  double               
  backpressure_93                                    1x1                   8  double               
  backpressure_94                                    1x1                   8  double               
  backpressure_95                                    1x1                   8  double               
  backpressure_base_MPa                            189x1                1512  double               
  backpressure_time_list                             1x189              1512  double               
  below_raw_win                                    189x1                 189  logical              
  below_win                                        189x1                 189  logical              
  bottom_ecd_error_g_cm3                           189x1                1512  double               
  bp_max_idx_win                                     1x1                   8  double               
  bp_max_win                                         1x1                   8  double               
  c_depth                                          333x1                2664  double               
  calculated_bottom_ECD_g_cm3                      189x1                1512  double               
  conflict_flag                                    189x1                1512  double               
  cos_deg                                            1x333              2664  double               
  current_PR                                         1x1                   8  double               
  d0_win                                           190x1                1520  double               
  d_i                                                1x333              2664  double               
  d_o                                                1x333              2664  double               
  depth_every_interface_casing                     189x14              21168  double               
  depth_tag_casing_0_1_list                          1x189              1512  double               
  depth_tag_casing_1_2_list                          1x189              1512  double               
  depth_tag_casing_2_3_list                          1x189              1512  double               
  depth_tag_casing_3_4_list                          1x189              1512  double               
  depth_tag_casing_4_5_list                          1x189              1512  double               
  depth_tag_casing_5_6_list                          1x189              1512  double               
  depth_tag_casing_6_7_list                          1x189              1512  double               
  depth_tag_casing_7_8_list                          1x189              1512  double               
  depth_tag_casing_8_9_list                          1x189              1512  double               
  depth_tag_casing_91_92_list                        1x189              1512  double               
  depth_tag_casing_92_93_list                        1x189              1512  double               
  depth_tag_casing_93_94_list                        1x189              1512  double               
  depth_tag_casing_94_95_list                        1x189              1512  double               
  depth_tag_casing_9_91_list                         1x189              1512  double               
  depth_tag_liquid_0_1_list                          1x189              1512  double               
  depth_tag_liquid_1_2_list                          1x189              1512  double               
  depth_tag_liquid_2_3_list                          1x189              1512  double               
  depth_tag_liquid_3_4_list                          1x189              1512  double               
  depth_tag_liquid_4_5_list                          1x189              1512  double               
  depth_threshold1                                   1x1                   8  double               
  depth_threshold2                                   1x1                   8  double               
  depth_threshold3                                   1x1                   8  double               
  depth_threshold4                                   1x1                   8  double               
  depth_threshold5                                   1x1                   8  double               
  depth_threshold6                                   1x1                   8  double               
  design_bottom_ecd_811                            115x2                3119  table                
  design_bottom_ecd_811_values                     115x1                 920  double               
  design_bottom_ecd_file                             1x37                 74  char                 
  design_bottom_ecd_first_idx                      107x1                 856  double               
  design_bottom_ecd_interp                         189x1                1512  double               
  design_bottom_ecd_unique                         107x1                 856  double               
  design_bottom_ecd_volume_811                     115x1                 920  double               
  design_bottom_ecd_volume_unique                  107x1                 856  double               
  design_pressure_811                              115x1                 920  double               
  design_pressure_interp_MPa                       189x1                1512  double               
  design_pressure_unique                           107x1                 856  double               
  design_pump_pressure_811                         115x4                5469  table                
  design_pump_pressure_file                          1x40                 80  char                 
  design_volume_811                                115x1                 920  double               
  design_volume_first_idx                          107x1                 856  double               
  design_volume_unique                             107x1                 856  double               
  diameter_bit_out                                   1x333              2664  double               
  diameter_casing_in                                 1x333              2664  double               
  diameter_casing_out                                1x333              2664  double               
  dt                                                 1x1                   8  double               
  en0_win                                            1x1                   8  double               
  fid                                                1x1                   8  double               
  flow_pattern_a                                   189x333            503496  double               
  flow_pattern_casing                              189x333            503496  double               
  freeze_ecd_win                                     1x1                   8  double               
  i                                                  1x1                   8  double               
  idx1                                             333x1                 333  logical              
  idx2                                             333x1                 333  logical              
  idx3                                             333x1                 333  logical              
  idx4                                             333x1                 333  logical              
  idx5                                             333x1                 333  logical              
  idx6                                             333x1                 333  logical              
  idx7                                             333x1                 333  logical              
  idx_5568                                           1x1                   8  double               
  idx_6880                                           1x1                   8  double               
  idx_7463                                           1x1                   8  double               
  idx_bottom_critical                                1x1                   8  double               
  idx_liner_top                                      1x1                   8  double               
  idx_slurry_top                                     1x1                   8  double               
  interface_depth_casing                            14x2               17024  cell                 
  k                                                  1x1                   8  double               
  key_indices                                        1x4                  32  double               
  key_names                                          1x4                 604  cell                 
  length_all_from_bottom                             1x333              2664  double               
  length_all_from_top_casing                         1x333              2664  double               
  length_casing                                      1x1                   8  double               
  mean_casing_segment1                               1x1                   8  double               
  mean_casing_segment2                               1x1                   8  double               
  mean_casing_segment3                               1x1                   8  double               
  mean_casing_segment4                               1x1                   8  double               
  mean_casing_segment5                               1x1                   8  double               
  mean_casing_segment6                               1x1                   8  double               
  mean_diameter_segment1                             1x1                   8  double               
  mean_diameter_segment2                             1x1                   8  double               
  mean_diameter_segment3                             1x1                   8  double               
  mean_diameter_segment4                             1x1                   8  double               
  mean_diameter_segment5                             1x1                   8  double               
  mean_diameter_segment6                             1x1                   8  double               
  miu0                                               1x1                   8  double               
  miu1                                               1x1                   8  double               
  miu2                                               1x1                   8  double               
  miu3                                               1x1                   8  double               
  miu4                                               1x1                   8  double               
  miu5                                               1x1                   8  double               
  miu6                                               1x1                   8  double               
  miu7                                               1x1                   8  double               
  miu8                                               1x1                   8  double               
  miu9                                               1x1                   8  double               
  miu91                                              1x1                   8  double               
  miu92                                              1x1                   8  double               
  miu93                                              1x1                   8  double               
  miu94                                              1x1                   8  double               
  miu95                                              1x1                   8  double               
  miu_annulus_all_time                             189x333            503496  double               
  miu_casing_all_time                              189x333            503496  double               
  n_conflict                                         1x1                   8  double               
  n_ctrl_over_win                                    1x1                   8  double               
  n_over_win                                         1x1                   8  double               
  n_segment                                          1x1                   8  double               
  n_time                                             1x1                   8  double               
  names                                              1x11               1682  cell                 
  new_bottom_pressure_MPa                          189x1                1512  double               
  out_diam_bole                                    333x1                2664  double               
  overpress_flag_win                               189x1                 189  logical              
  pianxin                                            1x1                   1  logical              
  pressure_5568_new_MPa                            189x1                1512  double               
  pressure_6880_new_MPa                            189x1                1512  double               
  pressure_7463_new_MPa                            189x1                1512  double               
  pressure_annuli                                  189x333            503496  double               
  pressure_annuli_MPa                              189x333            503496  double               
  pressure_annuli_friction                         189x333            503496  double               
  pressure_annuli_friction_MPa                     189x333            503496  double               
  pressure_annuli_static                           189x333            503496  double               
  pressure_annuli_static_MPa                       189x333            503496  double               
  pressure_back                                      1x1                   8  double               
  pressure_back_static                               1x1                   8  double               
  pressure_calculate                                 1x1                   8  double               
  pressure_casing                                  189x333            503496  double               
  pressure_casing_MPa                              189x333            503496  double               
  pressure_casing_bottom                             1x1                   8  double               
  pressure_casing_friction                         189x333            503496  double               
  pressure_casing_friction_MPa                     189x333            503496  double               
  pressure_casing_static                           189x333            503496  double               
  pressure_casing_static_MPa                       189x333            503496  double               
  pressure_pump_surface                              1x189              1512  double               
  pressure_pump_surface_original_MPa               189x1                1512  double               
  pressure_pump_surface_with_backpressure_MPa      189x1                1512  double               
  proportion_0_1_0                                   1x1                   8  double               
  proportion_0_1_1                                   1x1                   8  double               
  proportion_1_2_0                                   1x1                   8  double               
  proportion_1_2_1                                   1x1                   8  double               
  proportion_2_3_0                                   1x1                   8  double               
  proportion_2_3_1                                   1x1                   8  double               
  proportion_3_4_0                                   1x1                   8  double               
  proportion_3_4_1                                   1x1                   8  double               
  proportion_4_5_0                                   1x1                   8  double               
  proportion_4_5_1                                   1x1                   8  double               
  proportion_casing_0_1_0                            1x1                   8  double               
  proportion_casing_0_1_1                            1x1                   8  double               
  proportion_casing_1_2_0                            1x1                   8  double               
  proportion_casing_1_2_1                            1x1                   8  double               
  proportion_casing_2_3_0                            1x1                   8  double               
  proportion_casing_2_3_1                            1x1                   8  double               
  proportion_casing_3_4_0                            1x1                   8  double               
  proportion_casing_3_4_1                            1x1                   8  double               
  proportion_casing_4_5_0                            1x1                   8  double               
  proportion_casing_4_5_1                            1x1                   8  double               
  proportion_casing_5_6_0                            1x1                   8  double               
  proportion_casing_5_6_1                            1x1                   8  double               
  proportion_casing_6_7_0                            1x1                   8  double               
  proportion_casing_6_7_1                            1x1                   8  double               
  proportion_casing_7_8_0                            1x1                   8  double               
  proportion_casing_7_8_1                            1x1                   8  double               
  proportion_casing_8_9_0                            1x1                   8  double               
  proportion_casing_8_9_1                            1x1                   8  double               
  proportion_casing_91_92_0                          1x1                   8  double               
  proportion_casing_91_92_1                          1x1                   8  double               
  proportion_casing_92_93_0                          1x1                   8  double               
  proportion_casing_92_93_1                          1x1                   8  double               
  proportion_casing_93_94_0                          1x1                   8  double               
  proportion_casing_93_94_1                          1x1                   8  double               
  proportion_casing_94_95_0                          1x1                   8  double               
  proportion_casing_94_95_1                          1x1                   8  double               
  pump_backpressure_delta_MPa                      189x1                1512  double               
  pump_pressure_error_MPa                          189x1                1512  double               
  pump_pressure_max                                  1x1                   8  double               
  pump_pressure_max_idx                              1x1                   8  double               
  pump_pressure_with_bp_max                          1x1                   8  double               
  pump_pressure_with_bp_max_idx                      1x1                   8  double               
  pump_pressure_with_bp_min                          1x1                   8  double               
  pump_pressure_with_bp_min_idx                      1x1                   8  double               
  pump_rate1                                         1x1                   8  double               
  pump_rate2                                         1x1                   8  double               
  pump_rate3                                         1x1                   8  double               
  pump_rate4                                         1x1                   8  double               
  pump_rate5                                         1x1                   8  double               
  pump_rate6                                         1x1                   8  double               
  pump_rate7                                         1x1                   8  double               
  pump_rate8                                         1x1                   8  double               
  pump_rate9                                         1x1                   8  double               
  pump_rate91                                        1x1                   8  double               
  pump_rate92                                        1x1                   8  double               
  pump_rate93                                        1x1                   8  double               
  pump_rate94                                        1x1                   8  double               
  pump_rate95                                        1x1                   8  double               
  pump_time_node                                    14x1                 112  double               
  required_backpressure_MPa                        189x1                1512  double               
  residual_height_0_1                                1x1                   8  double               
  residual_height_0_1_list                           1x189              1512  double               
  residual_height_1_2                                1x1                   8  double               
  residual_height_1_2_list                           1x189              1512  double               
  residual_height_2_3                                1x1                   8  double               
  residual_height_2_3_list                           1x189              1512  double               
  residual_height_3_4                                1x1                   8  double               
  residual_height_3_4_list                           1x189              1512  double               
  residual_height_4_5                                1x1                   8  double               
  residual_height_4_5_list                           1x189              1512  double               
  residual_height_casing_0_1                         1x1                   8  double               
  residual_height_casing_0_1_list                    1x189              1512  double               
  residual_height_casing_1_2                         1x1                   8  double               
  residual_height_casing_1_2_list                    1x189              1512  double               
  residual_height_casing_2_3                         1x1                   8  double               
  residual_height_casing_2_3_list                    1x189              1512  double               
  residual_height_casing_3_4                         1x1                   8  double               
  residual_height_casing_3_4_list                    1x189              1512  double               
  residual_height_casing_4_5                         1x1                   8  double               
  residual_height_casing_4_5_list                    1x189              1512  double               
  residual_height_casing_5_6                         1x1                   8  double               
  residual_height_casing_5_6_list                    1x189              1512  double               
  residual_height_casing_6_7                         1x1                   8  double               
  residual_height_casing_6_7_list                    1x189              1512  double               
  residual_height_casing_7_8                         1x1                   8  double               
  residual_height_casing_7_8_list                    1x189              1512  double               
  residual_height_casing_8_9                         1x1                   8  double               
  residual_height_casing_8_9_list                    1x189              1512  double               
  residual_height_casing_91_92                       1x1                   8  double               
  residual_height_casing_91_92_list                  1x189              1512  double               
  residual_height_casing_92_93                       1x1                   8  double               
  residual_height_casing_92_93_list                  1x189              1512  double               
  residual_height_casing_93_94                       1x1                   8  double               
  residual_height_casing_93_94_list                  1x189              1512  double               
  residual_height_casing_94_95                       1x1                   8  double               
  residual_height_casing_94_95_list                  1x189              1512  double               
  residual_height_casing_9_91                        1x1                   8  double               
  residual_height_casing_9_91_list                   1x189              1512  double               
  residual_volume_0_1                                1x1                   8  double               
  residual_volume_0_1_list                           1x189              1512  double               
  residual_volume_1_2                                1x1                   8  double               
  residual_volume_1_2_list                           1x189              1512  double               
  residual_volume_2_3                                1x1                   8  double               
  residual_volume_2_3_list                           1x189              1512  double               
  residual_volume_3_4                                1x1                   8  double               
  residual_volume_3_4_list                           1x189              1512  double               
  residual_volume_4_5                                1x1                   8  double               
  residual_volume_4_5_list                           1x189              1512  double               
  residual_volume_casing_0_1                         1x1                   8  double               
  residual_volume_casing_0_1_list                    1x189              1512  double               
  residual_volume_casing_1_2                         1x1                   8  double               
  residual_volume_casing_1_2_list                    1x189              1512  double               
  residual_volume_casing_2_3                         1x1                   8  double               
  residual_volume_casing_2_3_list                    1x189              1512  double               
  residual_volume_casing_3_4                         1x1                   8  double               
  residual_volume_casing_3_4_list                    1x189              1512  double               
  residual_volume_casing_4_5                         1x1                   8  double               
  residual_volume_casing_4_5_list                    1x189              1512  double               
  residual_volume_casing_5_6                         1x1                   8  double               
  residual_volume_casing_5_6_list                    1x189              1512  double               
  residual_volume_casing_6_7                         1x1                   8  double               
  residual_volume_casing_6_7_list                    1x189              1512  double               
  residual_volume_casing_7_8                         1x1                   8  double               
  residual_volume_casing_7_8_list                    1x189              1512  double               
  residual_volume_casing_8_9                         1x1                   8  double               
  residual_volume_casing_8_9_list                    1x189              1512  double               
  residual_volume_casing_91_92                       1x1                   8  double               
  residual_volume_casing_91_92_list                  1x189              1512  double               
  residual_volume_casing_92_93                       1x1                   8  double               
  residual_volume_casing_92_93_list                  1x189              1512  double               
  residual_volume_casing_93_94                       1x1                   8  double               
  residual_volume_casing_93_94_list                  1x189              1512  double               
  residual_volume_casing_94_95                       1x1                   8  double               
  residual_volume_casing_94_95_list                  1x189              1512  double               
  residual_volume_casing_9_91                        1x1                   8  double               
  residual_volume_casing_9_91_list                   1x189              1512  double               
  rou0                                               1x1                   8  double               
  rou1                                               1x1                   8  double               
  rou2                                               1x1                   8  double               
  rou3                                               1x1                   8  double               
  rou4                                               1x1                   8  double               
  rou5                                               1x1                   8  double               
  rou6                                               1x1                   8  double               
  rou7                                               1x1                   8  double               
  rou8                                               1x1                   8  double               
  rou9                                               1x1                   8  double               
  rou91                                              1x1                   8  double               
  rou92                                              1x1                   8  double               
  rou93                                              1x1                   8  double               
  rou94                                              1x1                   8  double               
  rou95                                              1x1                   8  double               
  rou_annulus_all_time                             189x333            503496  double               
  rou_annulus_all_time_kg_m3                       189x333            503496  double               
  rou_casing_all_time                              189x333            503496  double               
  rou_casing_all_time_kg_m3                        189x333            503496  double               
  safe_ECD_5568_lower                                1x1                   8  double               
  safe_ECD_5568_lower_line                         189x1                1512  double               
  safe_ECD_5568_upper                                1x1                   8  double               
  safe_ECD_5568_upper_line                         189x1                1512  double               
  safe_ECD_6880_lower                                1x1                   8  double               
  safe_ECD_6880_lower_line                         189x1                1512  double               
  safe_ECD_6880_upper                                1x1                   8  double               
  safe_ECD_6880_upper_line                         189x1                1512  double               
  safe_ECD_7463_lower                                1x1                   8  double               
  safe_ECD_7463_lower_line                         189x1                1512  double               
  safe_ECD_7463_upper                                1x1                   8  double               
  safe_ECD_7463_upper_line                         189x1                1512  double               
  safe_ECD_bottom_lower                              1x1                   8  double               
  safe_ECD_bottom_lower_line                       189x1                1512  double               
  safe_ECD_bottom_upper                              1x1                   8  double               
  safe_ECD_bottom_upper_line                       189x1                1512  double               
  safe_P_5568_lower_line                           189x1                1512  double               
  safe_P_5568_upper_line                           189x1                1512  double               
  safe_P_6880_lower_line                           189x1                1512  double               
  safe_P_6880_upper_line                           189x1                1512  double               
  safe_P_7463_lower_line                           189x1                1512  double               
  safe_P_7463_upper_line                           189x1                1512  double               
  safe_P_bottom_lower_line                         189x1                1512  double               
  safe_P_bottom_upper_line                         189x1                1512  double               
  safety_margin                                      1x1                   8  double               
  seg_count_win                                      1x1                   8  double               
  seg_e_win                                          1x1                   8  double               
  seg_s_win                                          1x1                   8  double               
  segment1                                         333x1                 333  logical              
  segment2                                         333x1                 333  logical              
  segment3                                         333x1                 333  logical              
  segment4                                         333x1                 333  logical              
  segment5                                         333x1                 333  logical              
  segment6                                         333x1                 333  logical              
  segment7                                         333x1                 333  logical              
  st0_win                                            1x1                   8  double               
  structure_data                                   333x8               24295  table                
  t                                                  1x1                   8  double               
  tag_interface                                    189x5                7560  double               
  tag_interface_casing                             189x14              21168  double               
  tag_interface_casing2                            189x14              21168  double               
  tau0                                               1x1                   8  double               
  tau1                                               1x1                   8  double               
  tau2                                               1x1                   8  double               
  tau3                                               1x1                   8  double               
  tau4                                               1x1                   8  double               
  tau5                                               1x1                   8  double               
  tau6                                               1x1                   8  double               
  tau7                                               1x1                   8  double               
  tau8                                               1x1                   8  double               
  tau9                                               1x1                   8  double               
  tau91                                              1x1                   8  double               
  tau92                                              1x1                   8  double               
  tau93                                              1x1                   8  double               
  tau94                                              1x1                   8  double               
  tau95                                              1x1                   8  double               
  tau_annulus_all_time                             189x333            503496  double               
  tau_casing_all_time                              189x333            503496  double               
  time                                               1x1                   8  double               
  time_minutes_real                                189x1                1512  double               
  true_surface_pressure_Pa                           1x1                   8  double               
  v                                                  1x1                   8  double               
  v1                                                 1x1                   8  double               
  v2                                                 1x1                   8  double               
  v3                                                 1x1                   8  double               
  v4                                                 1x1                   8  double               
  v5                                                 1x1                   8  double               
  v6                                                 1x1                   8  double               
  v7                                                 1x1                   8  double               
  v8                                                 1x1                   8  double               
  v9                                                 1x1                   8  double               
  v91                                                1x1                   8  double               
  v92                                                1x1                   8  double               
  v93                                                1x1                   8  double               
  v94                                                1x1                   8  double               
  v95                                                1x1                   8  double               
  valid_bottom_ecd_error                           189x1                1512  double               
  valid_pump_pressure_error                        189x1                1512  double               
  velo_annulus_all_time                            189x333            503496  double               
  velo_casing_all_time                             189x333            503496  double               
  vertical_length_all_grid                           1x333              2664  double               
  vertical_residual_height_0_1_list                  1x189              1512  double               
  vertical_residual_height_1_2_list                  1x189              1512  double               
  vertical_residual_height_2_3_list                  1x189              1512  double               
  vertical_residual_height_3_4_list                  1x189              1512  double               
  vertical_residual_height_4_5_list                  1x189              1512  double               
  volume_all_from_bottom                             1x333              2664  double               
  volume_all_from_top_casing                         1x333              2664  double               
  volume_compare_811                               189x1                1512  double               
  volume_compare_bottom_ecd_811                    189x1                1512  double               
  volume_in_allfluid                                 1x1                   8  double               
  volume_in_annual                                   1x1                   8  double               
  volume_in_annual_L                                 1x1                   8  double               
  volume_in_annual_seg                               1x333              2664  double               
  volume_in_casing_seg                               1x333              2664  double               
  volume_in_drilling_casing                          1x1                   8  double               
  volume_in_drilling_casing_L                        1x1                   8  double               
  volume_in_fenggu                                   1x1                   8  double               
  volume_injected_1_list                             1x189              1512  double               
  volume_injected_2_list                             1x189              1512  double               
  volume_injected_3_list                             1x189              1512  double               
  volume_injected_4_list                             1x189              1512  double               
  volume_injected_5_list                             1x189              1512  double               
  volume_injected_all_list                           1x189              1512  double               
  volume_injected_casing_1_list                      1x189              1512  double               
  volume_injected_casing_2_list                      1x189              1512  double               
  volume_injected_casing_3_list                      1x189              1512  double               
  volume_injected_casing_4_list                      1x189              1512  double               
  volume_injected_casing_5_list                      1x189              1512  double               
  volume_injected_casing_6_list                      1x189              1512  double               
  volume_injected_casing_7_list                      1x189              1512  double               
  volume_injected_casing_8_list                      1x189              1512  double               
  volume_injected_casing_91_list                     1x189              1512  double               
  volume_injected_casing_92_list                     1x189              1512  double               
  volume_injected_casing_93_list                     1x189              1512  double               
  volume_injected_casing_94_list                     1x189              1512  double               
  volume_injected_casing_95_list                     1x189              1512  double               
  volume_injected_casing_9_list                      1x189              1512  double               
  volume_into_1_annulus                              1x189              1512  double               
  volume_into_2_annulus                              1x189              1512  double               
  volume_into_3_annulus                              1x189              1512  double               
  volume_into_4_annulus                              1x189              1512  double               
  volume_into_5_annulus                              1x189              1512  double               
  x                                                 10x1                  80  double               
  y                                                189x1                1512  double               

=== wrapper_p30 done ===
