
=== [phase0] 呼1-004  20 变体 ===
D:\users\desktop\research\控压固井项目\cement model_温压耦合分支\scripts\entrypoints\run_sensitivity_current_20260916.py:718: UserWarning: AnnulusD2DGASolver 的开关 enable_regime_split（M2 局部流态修正：仅旧代数路径 enable_stream_function=False 消费） 在当前配置下无效（开关仅在另一条速度场路径上被消费；K_AXIAL=1/3 同属旧路径专属）。请修正配置或移除这些开关。
  solver = AnnulusD2DGASolver(
[D2DGA] 开始环空二维模拟 total_t=11410s nz=250 ny=40
  [D2DGA] 进度 0% (4s/11410s, dt=3.726s)
  [D2DGA] 进度 10% (1141s/11410s, dt=4.000s)
  [D2DGA] 进度 20% (2285s/11410s, dt=4.000s)
  [D2DGA] 进度 30% (3425s/11410s, dt=4.000s)
  [D2DGA] 进度 40% (4565s/11410s, dt=4.000s)
  [D2DGA] 进度 50% (5705s/11410s, dt=4.000s)
  [D2DGA] 进度 60% (6847s/11410s, dt=3.478s)
  [D2DGA] 进度 70% (7988s/11410s, dt=3.052s)
  [D2DGA] 进度 80% (9130s/11410s, dt=4.000s)
  [D2DGA] 进度 90% (10270s/11410s, dt=4.000s)
  [D2DGA] 进度 100% (11410s/11410s, dt=3.512s)
  [计算] 呼1-004 × Toff_zero: η_E=0.9997 η_N=0.9983 (44.4s)
[D2DGA] 温变流变构造层派生 T=60.0°C（enable_temperature_rheology=True）审计: borrow=1 nearest=1 p_default=1
[D2DGA] 开始环空二维模拟 total_t=11410s nz=250 ny=40
  [D2DGA] 进度 0% (4s/11410s, dt=3.726s)
  [D2DGA] 进度 10% (1141s/11410s, dt=4.000s)
  [D2DGA] 进度 20% (2285s/11410s, dt=4.000s)
  [D2DGA] 进度 30% (3425s/11410s, dt=4.000s)
  [D2DGA] 进度 40% (4565s/11410s, dt=4.000s)
  [D2DGA] 进度 50% (5705s/11410s, dt=4.000s)
  [D2DGA] 进度 60% (6847s/11410s, dt=3.478s)
  [D2DGA] 进度 70% (7988s/11410s, dt=3.411s)
  [D2DGA] 进度 80% (9130s/11410s, dt=4.000s)
  [D2DGA] 进度 90% (10270s/11410s, dt=4.000s)
  [D2DGA] 进度 100% (11410s/11410s, dt=3.156s)
  [计算] 呼1-004 × Ton_const60_rate_x1.0: η_E=0.9971 η_N=0.9853 (45.2s)
[D2DGA] 温变流变构造层派生 T=108.3°C（enable_temperature_rheology=True）审计: borrow=1 clamp=1 nearest=1 p_default=1
[D2DGA] 开始环空二维模拟 total_t=11410s nz=250 ny=40
  [D2DGA] 进度 0% (4s/11410s, dt=3.726s)
  [D2DGA] 进度 10% (1141s/11410s, dt=4.000s)
  [D2DGA] 进度 20% (2285s/11410s, dt=4.000s)
  [D2DGA] 进度 30% (3425s/11410s, dt=4.000s)
  [D2DGA] 进度 40% (4565s/11410s, dt=4.000s)
  [D2DGA] 进度 50% (5705s/11410s, dt=4.000s)
  [D2DGA] 进度 60% (6847s/11410s, dt=3.478s)
  [D2DGA] 进度 70% (7988s/11410s, dt=3.023s)
  [D2DGA] 进度 80% (9129s/11410s, dt=4.000s)
  [D2DGA] 进度 90% (10269s/11410s, dt=4.000s)
  [D2DGA] 进度 100% (11410s/11410s, dt=0.437s)
  [计算] 呼1-004 × Ton_static_rate_x1.0: η_E=0.9998 η_N=0.9989 (48.0s)
[D2DGA] 开始环空二维模拟 total_t=14262s nz=250 ny=40
  [D2DGA] 进度 0% (4s/14262s, dt=4.000s)
  [D2DGA] 进度 10% (1428s/14262s, dt=4.000s)
  [D2DGA] 进度 20% (2856s/14262s, dt=4.000s)
  [D2DGA] 进度 30% (4280s/14262s, dt=4.000s)
  [D2DGA] 进度 40% (5708s/14262s, dt=4.000s)
  [D2DGA] 进度 50% (7132s/14262s, dt=4.000s)
  [D2DGA] 进度 60% (8560s/14262s, dt=4.000s)
  [D2DGA] 进度 70% (9985s/14262s, dt=3.822s)
  [D2DGA] 进度 80% (11412s/14262s, dt=4.000s)
  [D2DGA] 进度 90% (12840s/14262s, dt=4.000s)
  [D2DGA] 进度 100% (14262s/14262s, dt=2.413s)
  [计算] 呼1-004 × Toff_rate_x0.8: η_E=0.9997 η_N=0.9983 (47.7s)
[D2DGA] 开始环空二维模拟 total_t=9508s nz=250 ny=40
  [D2DGA] 进度 0% (3s/9508s, dt=3.105s)
  [D2DGA] 进度 10% (952s/9508s, dt=3.623s)
  [D2DGA] 进度 20% (1905s/9508s, dt=3.623s)
  [D2DGA] 进度 30% (2854s/9508s, dt=3.623s)
  [D2DGA] 进度 40% (3804s/9508s, dt=3.623s)
  [D2DGA] 进度 50% (4757s/9508s, dt=3.478s)
  [D2DGA] 进度 60% (5705s/9508s, dt=2.898s)
  [D2DGA] 进度 70% (6657s/9508s, dt=2.538s)
  [D2DGA] 进度 80% (7608s/9508s, dt=3.509s)
  [D2DGA] 进度 90% (8558s/9508s, dt=4.000s)
  [D2DGA] 进度 100% (9508s/9508s, dt=1.793s)
  [计算] 呼1-004 × Toff_rate_x1.2: η_E=0.9997 η_N=0.9984 (36.1s)
[D2DGA] 温变流变构造层派生 T=60.0°C（enable_temperature_rheology=True）审计: borrow=1 nearest=1 p_default=1
[D2DGA] 开始环空二维模拟 total_t=14262s nz=250 ny=40
  [D2DGA] 进度 0% (4s/14262s, dt=4.000s)
  [D2DGA] 进度 10% (1428s/14262s, dt=4.000s)
  [D2DGA] 进度 20% (2856s/14262s, dt=4.000s)
  [D2DGA] 进度 30% (4280s/14262s, dt=4.000s)
  [D2DGA] 进度 40% (5708s/14262s, dt=4.000s)
  [D2DGA] 进度 50% (7132s/14262s, dt=4.000s)
  [D2DGA] 进度 60% (8560s/14262s, dt=4.000s)
  [D2DGA] 进度 70% (9985s/14262s, dt=4.000s)
  [D2DGA] 进度 80% (11413s/14262s, dt=4.000s)
  [D2DGA] 进度 90% (12837s/14262s, dt=4.000s)
  [D2DGA] 进度 100% (14262s/14262s, dt=0.548s)
  [计算] 呼1-004 × Ton_const60_rate_x0.8: η_E=0.9973 η_N=0.9862 (49.6s)
[D2DGA] 温变流变构造层派生 T=60.0°C（enable_temperature_rheology=True）审计: borrow=1 nearest=1 p_default=1
[D2DGA] 开始环空二维模拟 total_t=9508s nz=250 ny=40
  [D2DGA] 进度 0% (3s/9508s, dt=3.105s)
  [D2DGA] 进度 10% (952s/9508s, dt=3.623s)
  [D2DGA] 进度 20% (1905s/9508s, dt=3.623s)
  [D2DGA] 进度 30% (2854s/9508s, dt=3.623s)
  [D2DGA] 进度 40% (3804s/9508s, dt=3.623s)
  [D2DGA] 进度 50% (4757s/9508s, dt=3.478s)
  [D2DGA] 进度 60% (5705s/9508s, dt=2.898s)
  [D2DGA] 进度 70% (6658s/9508s, dt=2.862s)
  [D2DGA] 进度 80% (7607s/9508s, dt=3.631s)
  [D2DGA] 进度 90% (8559s/9508s, dt=4.000s)
  [D2DGA] 进度 100% (9508s/9508s, dt=1.470s)
  [计算] 呼1-004 × Ton_const60_rate_x1.2: η_E=0.9970 η_N=0.9848 (38.5s)
[D2DGA] 温变流变构造层派生 T=108.3°C（enable_temperature_rheology=True）审计: borrow=1 clamp=1 nearest=1 p_default=1
[D2DGA] 开始环空二维模拟 total_t=14262s nz=250 ny=40
  [D2DGA] 进度 0% (4s/14262s, dt=4.000s)
  [D2DGA] 进度 10% (1428s/14262s, dt=4.000s)
  [D2DGA] 进度 20% (2856s/14262s, dt=4.000s)
  [D2DGA] 进度 30% (4280s/14262s, dt=4.000s)
  [D2DGA] 进度 40% (5708s/14262s, dt=4.000s)
  [D2DGA] 进度 50% (7132s/14262s, dt=4.000s)
  [D2DGA] 进度 60% (8560s/14262s, dt=4.000s)
  [D2DGA] 进度 70% (9987s/14262s, dt=3.782s)
  [D2DGA] 进度 80% (11413s/14262s, dt=4.000s)
  [D2DGA] 进度 90% (12837s/14262s, dt=4.000s)
  [D2DGA] 进度 100% (14262s/14262s, dt=1.200s)
  [计算] 呼1-004 × Ton_static_rate_x0.8: η_E=0.9998 η_N=0.9989 (46.9s)
[D2DGA] 温变流变构造层派生 T=108.3°C（enable_temperature_rheology=True）审计: borrow=1 clamp=1 nearest=1 p_default=1
[D2DGA] 开始环空二维模拟 total_t=9508s nz=250 ny=40
  [D2DGA] 进度 0% (3s/9508s, dt=3.105s)
  [D2DGA] 进度 10% (952s/9508s, dt=3.623s)
  [D2DGA] 进度 20% (1905s/9508s, dt=3.623s)
  [D2DGA] 进度 30% (2854s/9508s, dt=3.623s)
  [D2DGA] 进度 40% (3804s/9508s, dt=3.623s)
  [D2DGA] 进度 50% (4757s/9508s, dt=3.478s)
  [D2DGA] 进度 60% (5705s/9508s, dt=2.898s)
  [D2DGA] 进度 70% (6657s/9508s, dt=2.518s)
  [D2DGA] 进度 80% (7610s/9508s, dt=3.485s)
  [D2DGA] 进度 90% (8559s/9508s, dt=4.000s)
  [D2DGA] 进度 100% (9508s/9508s, dt=1.393s)
  [计算] 呼1-004 × Ton_static_rate_x1.2: η_E=0.9998 η_N=0.9990 (42.3s)
[D2DGA] 温变流变构造层派生 T=108.3°C（enable_temperature_rheology=True）审计: borrow=1 clamp=1 nearest=1 p_default=1
[D2DGA] 开始环空二维模拟 total_t=11410s nz=250 ny=40
  [D2DGA] 进度 0% (3s/11410s, dt=3.015s)
  [D2DGA] 进度 10% (1144s/11410s, dt=3.517s)
  [D2DGA] 进度 20% (2283s/11410s, dt=3.517s)
  [D2DGA] 进度 30% (3426s/11410s, dt=3.517s)
  [D2DGA] 进度 40% (4566s/11410s, dt=3.517s)
  [D2DGA] 进度 50% (5706s/11410s, dt=3.377s)
  [D2DGA] 进度 60% (6846s/11410s, dt=2.814s)
  [D2DGA] 进度 70% (7989s/11410s, dt=1.881s)
  [D2DGA] 进度 80% (9129s/11410s, dt=2.609s)
  [D2DGA] 进度 90% (10269s/11410s, dt=3.317s)
  [D2DGA] 进度 100% (11410s/11410s, dt=0.900s)
  [计算] 呼1-004 × Ton_static_standoff_m0.30_rate_x1.0: η_E=0.9946 η_N=0.9605 (51.4s)
[D2DGA] 温变流变构造层派生 T=108.3°C（enable_temperature_rheology=True）审计: borrow=1 clamp=1 nearest=1 p_default=1
[D2DGA] 开始环空二维模拟 total_t=11410s nz=250 ny=40
  [D2DGA] 进度 0% (3s/11410s, dt=3.142s)
  [D2DGA] 进度 10% (1144s/11410s, dt=3.665s)
  [D2DGA] 进度 20% (2284s/11410s, dt=3.665s)
  [D2DGA] 进度 30% (3424s/11410s, dt=3.665s)
  [D2DGA] 进度 40% (4564s/11410s, dt=3.665s)
  [D2DGA] 进度 50% (5705s/11410s, dt=3.519s)
  [D2DGA] 进度 60% (6847s/11410s, dt=2.932s)
  [D2DGA] 进度 70% (7988s/11410s, dt=1.964s)
  [D2DGA] 进度 80% (9129s/11410s, dt=2.805s)
  [D2DGA] 进度 90% (10272s/11410s, dt=3.648s)
  [D2DGA] 进度 100% (11410s/11410s, dt=3.723s)
  [计算] 呼1-004 × Ton_static_standoff_m0.20_rate_x1.0: η_E=0.9972 η_N=0.9826 (47.5s)
[D2DGA] 温变流变构造层派生 T=108.3°C（enable_temperature_rheology=True）审计: borrow=1 clamp=1 nearest=1 p_default=1
[D2DGA] 开始环空二维模拟 total_t=11410s nz=250 ny=40
  [D2DGA] 进度 0% (3s/11410s, dt=3.239s)
  [D2DGA] 进度 10% (1144s/11410s, dt=3.778s)
  [D2DGA] 进度 20% (2285s/11410s, dt=3.778s)
  [D2DGA] 进度 30% (3426s/11410s, dt=3.778s)
  [D2DGA] 进度 40% (4567s/11410s, dt=3.778s)
  [D2DGA] 进度 50% (5707s/11410s, dt=3.627s)
  [D2DGA] 进度 60% (6848s/11410s, dt=3.023s)
  [D2DGA] 进度 70% (7988s/11410s, dt=2.203s)
  [D2DGA] 进度 80% (9128s/11410s, dt=3.162s)
  [D2DGA] 进度 90% (10271s/11410s, dt=4.000s)
  [D2DGA] 进度 100% (11410s/11410s, dt=2.594s)
  [计算] 呼1-004 × Ton_static_standoff_m0.15_rate_x1.0: η_E=0.9982 η_N=0.9894 (41.8s)
[D2DGA] 温变流变构造层派生 T=108.3°C（enable_temperature_rheology=True）审计: borrow=1 clamp=1 nearest=1 p_default=1
[D2DGA] 开始环空二维模拟 total_t=11410s nz=250 ny=40
  [D2DGA] 进度 0% (3s/11410s, dt=3.364s)
  [D2DGA] 进度 10% (1144s/11410s, dt=3.925s)
  [D2DGA] 进度 20% (2286s/11410s, dt=3.925s)
  [D2DGA] 进度 30% (3424s/11410s, dt=3.925s)
  [D2DGA] 进度 40% (4566s/11410s, dt=3.925s)
  [D2DGA] 进度 50% (5708s/11410s, dt=3.768s)
  [D2DGA] 进度 60% (6848s/11410s, dt=3.140s)
  [D2DGA] 进度 70% (7989s/11410s, dt=2.506s)
  [D2DGA] 进度 80% (9130s/11410s, dt=3.522s)
  [D2DGA] 进度 90% (10272s/11410s, dt=4.000s)
  [D2DGA] 进度 100% (11410s/11410s, dt=1.572s)
  [计算] 呼1-004 × Ton_static_standoff_m0.10_rate_x1.0: η_E=0.9990 η_N=0.9942 (39.2s)
[D2DGA] 温变流变构造层派生 T=108.3°C（enable_temperature_rheology=True）审计: borrow=1 clamp=1 nearest=1 p_default=1
[D2DGA] 开始环空二维模拟 total_t=11410s nz=250 ny=40
  [D2DGA] 进度 0% (4s/11410s, dt=3.524s)
  [D2DGA] 进度 10% (1143s/11410s, dt=4.000s)
  [D2DGA] 进度 20% (2283s/11410s, dt=4.000s)
  [D2DGA] 进度 30% (3427s/11410s, dt=4.000s)
  [D2DGA] 进度 40% (4567s/11410s, dt=4.000s)
  [D2DGA] 进度 50% (5706s/11410s, dt=3.947s)
  [D2DGA] 进度 60% (6848s/11410s, dt=3.289s)
  [D2DGA] 进度 70% (7989s/11410s, dt=2.756s)
  [D2DGA] 进度 80% (9131s/11410s, dt=3.824s)
  [D2DGA] 进度 90% (10271s/11410s, dt=4.000s)
  [D2DGA] 进度 100% (11410s/11410s, dt=2.748s)
  [计算] 呼1-004 × Ton_static_standoff_m0.05_rate_x1.0: η_E=0.9995 η_N=0.9972 (37.3s)
[D2DGA] 温变流变构造层派生 T=108.3°C（enable_temperature_rheology=True）审计: borrow=1 clamp=1 nearest=1 p_default=1
[D2DGA] 开始环空二维模拟 total_t=11410s nz=250 ny=40
  [D2DGA] 进度 0% (4s/11410s, dt=3.981s)
  [D2DGA] 进度 10% (1143s/11410s, dt=4.000s)
  [D2DGA] 进度 20% (2283s/11410s, dt=4.000s)
  [D2DGA] 进度 30% (3423s/11410s, dt=4.000s)
  [D2DGA] 进度 40% (4567s/11410s, dt=4.000s)
  [D2DGA] 进度 50% (5707s/11410s, dt=4.000s)
  [D2DGA] 进度 60% (6847s/11410s, dt=3.716s)
  [D2DGA] 进度 70% (7989s/11410s, dt=3.370s)
  [D2DGA] 进度 80% (9131s/11410s, dt=4.000s)
  [D2DGA] 进度 90% (10271s/11410s, dt=4.000s)
  [D2DGA] 进度 100% (11410s/11410s, dt=2.516s)
  [计算] 呼1-004 × Ton_static_standoff_p0.05_rate_x1.0: η_E=0.9999 η_N=0.9997 (34.7s)
[D2DGA] 温变流变构造层派生 T=108.3°C（enable_temperature_rheology=True）审计: borrow=1 clamp=1 nearest=1 p_default=1
[D2DGA] 开始环空二维模拟 total_t=11410s nz=250 ny=40
  [D2DGA] 进度 0% (4s/11410s, dt=4.000s)
  [D2DGA] 进度 10% (1144s/11410s, dt=4.000s)
  [D2DGA] 进度 20% (2284s/11410s, dt=4.000s)
  [D2DGA] 进度 30% (3424s/11410s, dt=4.000s)
  [D2DGA] 进度 40% (4564s/11410s, dt=4.000s)
  [D2DGA] 进度 50% (5708s/11410s, dt=4.000s)
  [D2DGA] 进度 60% (6848s/11410s, dt=4.000s)
  [D2DGA] 进度 70% (7988s/11410s, dt=3.826s)
  [D2DGA] 进度 80% (9130s/11410s, dt=4.000s)
  [D2DGA] 进度 90% (10270s/11410s, dt=4.000s)
  [D2DGA] 进度 100% (11410s/11410s, dt=3.279s)
  [计算] 呼1-004 × Ton_static_standoff_p0.10_rate_x1.0: η_E=1.0000 η_N=1.0000 (34.5s)
[D2DGA] 温变流变构造层派生 T=108.3°C（enable_temperature_rheology=True）审计: borrow=1 clamp=1 nearest=1 p_default=1
[D2DGA] 开始环空二维模拟 total_t=11410s nz=250 ny=40
  [D2DGA] 进度 0% (4s/11410s, dt=4.000s)
  [D2DGA] 进度 10% (1144s/11410s, dt=4.000s)
  [D2DGA] 进度 20% (2284s/11410s, dt=4.000s)
  [D2DGA] 进度 30% (3424s/11410s, dt=4.000s)
  [D2DGA] 进度 40% (4564s/11410s, dt=4.000s)
  [D2DGA] 进度 50% (5708s/11410s, dt=4.000s)
  [D2DGA] 进度 60% (6848s/11410s, dt=4.000s)
  [D2DGA] 进度 70% (7988s/11410s, dt=4.000s)
  [D2DGA] 进度 80% (9128s/11410s, dt=4.000s)
  [D2DGA] 进度 90% (10272s/11410s, dt=4.000s)
  [D2DGA] 进度 100% (11410s/11410s, dt=1.610s)
  [计算] 呼1-004 × Ton_static_standoff_p0.20_rate_x1.0: η_E=1.0000 η_N=1.0000 (33.7s)
[D2DGA] 温变流变构造层派生 T=108.3°C（enable_temperature_rheology=True）审计: borrow=1 clamp=1 nearest=1 p_default=1
[D2DGA] 开始环空二维模拟 total_t=11410s nz=250 ny=40
  [D2DGA] 进度 0% (4s/11410s, dt=4.000s)
  [D2DGA] 进度 10% (1144s/11410s, dt=4.000s)
  [D2DGA] 进度 20% (2284s/11410s, dt=4.000s)
  [D2DGA] 进度 30% (3424s/11410s, dt=4.000s)
  [D2DGA] 进度 40% (4564s/11410s, dt=4.000s)
  [D2DGA] 进度 50% (5708s/11410s, dt=4.000s)
  [D2DGA] 进度 60% (6848s/11410s, dt=4.000s)
  [D2DGA] 进度 70% (7988s/11410s, dt=4.000s)
  [D2DGA] 进度 80% (9128s/11410s, dt=4.000s)
  [D2DGA] 进度 90% (10272s/11410s, dt=4.000s)
  [D2DGA] 进度 100% (11410s/11410s, dt=1.610s)
  [计算] 呼1-004 × Ton_static_standoff_p0.30_rate_x1.0: η_E=1.0000 η_N=1.0000 (33.6s)
[D2DGA] 温变流变构造层派生 T=108.3°C（enable_temperature_rheology=True）审计: borrow=1 clamp=1 nearest=1 p_default=1
[D2DGA] 开始环空二维模拟 total_t=11410s nz=250 ny=40
  [D2DGA] 进度 0% (4s/11410s, dt=3.726s)
  [D2DGA] 进度 10% (1141s/11410s, dt=4.000s)
  [D2DGA] 进度 20% (2285s/11410s, dt=4.000s)
  [D2DGA] 进度 30% (3425s/11410s, dt=4.000s)
  [D2DGA] 进度 40% (4565s/11410s, dt=4.000s)
  [D2DGA] 进度 50% (5705s/11410s, dt=4.000s)
  [D2DGA] 进度 60% (6847s/11410s, dt=3.478s)
  [D2DGA] 进度 70% (7988s/11410s, dt=3.024s)
  [D2DGA] 进度 80% (9131s/11410s, dt=4.000s)
  [D2DGA] 进度 90% (10271s/11410s, dt=4.000s)
  [D2DGA] 进度 100% (11410s/11410s, dt=2.897s)
  [计算] 呼1-004 × Ton_static_spacer_dens_p100_rate_x1.0: η_E=0.9998 η_N=0.9990 (36.1s)
[D2DGA] 温变流变构造层派生 T=108.3°C（enable_temperature_rheology=True）审计: borrow=1 clamp=1 nearest=1 p_default=1
[D2DGA] 开始环空二维模拟 total_t=11410s nz=250 ny=40
  [D2DGA] 进度 0% (4s/11410s, dt=3.726s)
  [D2DGA] 进度 10% (1141s/11410s, dt=4.000s)
  [D2DGA] 进度 20% (2285s/11410s, dt=4.000s)
  [D2DGA] 进度 30% (3425s/11410s, dt=4.000s)
  [D2DGA] 进度 40% (4565s/11410s, dt=4.000s)
  [D2DGA] 进度 50% (5705s/11410s, dt=4.000s)
  [D2DGA] 进度 60% (6847s/11410s, dt=3.478s)
  [D2DGA] 进度 70% (7990s/11410s, dt=3.022s)
  [D2DGA] 进度 80% (9129s/11410s, dt=4.000s)
  [D2DGA] 进度 90% (10269s/11410s, dt=4.000s)
  [D2DGA] 进度 100% (11410s/11410s, dt=0.562s)
  [计算] 呼1-004 × Ton_static_spacer_dens_m100_rate_x1.0: η_E=0.9998 η_N=0.9988 (36.9s)

=== [phase0] 呼101  14 变体 ===
[D2DGA] 开始环空二维模拟 total_t=13743s nz=250 ny=40
  [D2DGA] 进度 0% (3s/13743s, dt=2.790s)
  [D2DGA] 进度 10% (1377s/13743s, dt=3.349s)
  [D2DGA] 进度 20% (2750s/13743s, dt=3.349s)
  [D2DGA] 进度 30% (4123s/13743s, dt=3.349s)
  [D2DGA] 进度 40% (5499s/13743s, dt=3.349s)
  [D2DGA] 进度 50% (6872s/13743s, dt=3.349s)
  [D2DGA] 进度 60% (8248s/13743s, dt=3.349s)
  [D2DGA] 进度 70% (9621s/13743s, dt=1.963s)
  [D2DGA] 进度 80% (10996s/13743s, dt=2.399s)
  [D2DGA] 进度 90% (12369s/13743s, dt=3.584s)
  [D2DGA] 进度 100% (13743s/13743s, dt=2.235s)
  [计算] 呼101 × Toff_zero: η_E=0.9711 η_N=0.8294 (64.5s)
[D2DGA] 温变流变构造层派生 T=60.0°C（enable_temperature_rheology=True）审计: nearest=1 p_default=1
[D2DGA] 开始环空二维模拟 total_t=13743s nz=250 ny=40
  [D2DGA] 进度 0% (3s/13743s, dt=2.790s)
  [D2DGA] 进度 10% (1377s/13743s, dt=3.349s)
  [D2DGA] 进度 20% (2750s/13743s, dt=3.349s)
  [D2DGA] 进度 30% (4123s/13743s, dt=3.349s)
  [D2DGA] 进度 40% (5499s/13743s, dt=3.349s)
  [D2DGA] 进度 50% (6872s/13743s, dt=3.349s)
  [D2DGA] 进度 60% (8248s/13743s, dt=3.349s)
  [D2DGA] 进度 70% (9621s/13743s, dt=1.933s)
  [D2DGA] 进度 80% (10996s/13743s, dt=2.410s)
  [D2DGA] 进度 90% (12370s/13743s, dt=3.977s)
  [D2DGA] 进度 100% (13743s/13743s, dt=1.255s)
  [计算] 呼101 × Ton_const60_rate_x1.0: η_E=0.9720 η_N=0.7983 (57.1s)
[D2DGA] 温变流变构造层派生 T=111.0°C（enable_temperature_rheology=True）审计: clamp=1 nearest=1 p_default=1
[D2DGA] 开始环空二维模拟 total_t=13743s nz=250 ny=40
  [D2DGA] 进度 0% (3s/13743s, dt=2.790s)
  [D2DGA] 进度 10% (1377s/13743s, dt=3.349s)
  [D2DGA] 进度 20% (2750s/13743s, dt=3.349s)
  [D2DGA] 进度 30% (4123s/13743s, dt=3.349s)
  [D2DGA] 进度 40% (5499s/13743s, dt=3.349s)
  [D2DGA] 进度 50% (6872s/13743s, dt=3.349s)
  [D2DGA] 进度 60% (8248s/13743s, dt=3.349s)
  [D2DGA] 进度 70% (9620s/13743s, dt=1.819s)
  [D2DGA] 进度 80% (10995s/13743s, dt=2.288s)
  [D2DGA] 进度 90% (12369s/13743s, dt=3.607s)
  [D2DGA] 进度 100% (13743s/13743s, dt=2.913s)
  [计算] 呼101 × Ton_static_rate_x1.0: η_E=0.9593 η_N=0.7709 (58.5s)
[D2DGA] 温变流变构造层派生 T=111.0°C（enable_temperature_rheology=True）审计: clamp=1 nearest=1 p_default=1
[D2DGA] 开始环空二维模拟 total_t=13743s nz=250 ny=40
  [D2DGA] 进度 0% (3s/13743s, dt=2.847s)
  [D2DGA] 进度 10% (1376s/13743s, dt=3.417s)
  [D2DGA] 进度 20% (2750s/13743s, dt=3.417s)
  [D2DGA] 进度 30% (4124s/13743s, dt=3.417s)
  [D2DGA] 进度 40% (5497s/13743s, dt=3.417s)
  [D2DGA] 进度 50% (6874s/13743s, dt=3.417s)
  [D2DGA] 进度 60% (8246s/13743s, dt=3.417s)
  [D2DGA] 进度 70% (9621s/13743s, dt=2.139s)
  [D2DGA] 进度 80% (10996s/13743s, dt=2.737s)
  [D2DGA] 进度 90% (12371s/13743s, dt=2.631s)
  [D2DGA] 进度 100% (13743s/13743s, dt=0.907s)
  [计算] 呼101 × Ton_static_standoff_m0.30_rate_x1.0: η_E=0.9147 η_N=0.2674 (60.2s)
[D2DGA] 温变流变构造层派生 T=111.0°C（enable_temperature_rheology=True）审计: clamp=1 nearest=1 p_default=1
[D2DGA] 开始环空二维模拟 total_t=13743s nz=250 ny=40
  [D2DGA] 进度 0% (3s/13743s, dt=2.809s)
  [D2DGA] 进度 10% (1375s/13743s, dt=3.371s)
  [D2DGA] 进度 20% (2750s/13743s, dt=3.371s)
  [D2DGA] 进度 30% (4125s/13743s, dt=3.371s)
  [D2DGA] 进度 40% (5497s/13743s, dt=3.371s)
  [D2DGA] 进度 50% (6873s/13743s, dt=3.371s)
  [D2DGA] 进度 60% (8248s/13743s, dt=3.371s)
  [D2DGA] 进度 70% (9622s/13743s, dt=2.053s)
  [D2DGA] 进度 80% (10996s/13743s, dt=2.514s)
  [D2DGA] 进度 90% (12370s/13743s, dt=2.973s)
  [D2DGA] 进度 100% (13743s/13743s, dt=1.760s)
  [计算] 呼101 × Ton_static_standoff_m0.20_rate_x1.0: η_E=0.9211 η_N=0.4426 (65.6s)
[D2DGA] 温变流变构造层派生 T=111.0°C（enable_temperature_rheology=True）审计: clamp=1 nearest=1 p_default=1
[D2DGA] 开始环空二维模拟 total_t=13743s nz=250 ny=40
  [D2DGA] 进度 0% (3s/13743s, dt=2.795s)
  [D2DGA] 进度 10% (1376s/13743s, dt=3.354s)
  [D2DGA] 进度 20% (2752s/13743s, dt=3.354s)
  [D2DGA] 进度 30% (4123s/13743s, dt=3.354s)
  [D2DGA] 进度 40% (5499s/13743s, dt=3.354s)
  [D2DGA] 进度 50% (6874s/13743s, dt=3.354s)
  [D2DGA] 进度 60% (8248s/13743s, dt=3.354s)
  [D2DGA] 进度 70% (9620s/13743s, dt=1.993s)
  [D2DGA] 进度 80% (10996s/13743s, dt=2.400s)
  [D2DGA] 进度 90% (12371s/13743s, dt=3.092s)
  [D2DGA] 进度 100% (13743s/13743s, dt=2.323s)
  [计算] 呼101 × Ton_static_standoff_m0.15_rate_x1.0: η_E=0.9280 η_N=0.5362 (67.7s)
[D2DGA] 温变流变构造层派生 T=111.0°C（enable_temperature_rheology=True）审计: clamp=1 nearest=1 p_default=1
[D2DGA] 开始环空二维模拟 total_t=13743s nz=250 ny=40
  [D2DGA] 进度 0% (3s/13743s, dt=2.787s)
  [D2DGA] 进度 10% (1375s/13743s, dt=3.344s)
  [D2DGA] 进度 20% (2749s/13743s, dt=3.344s)
  [D2DGA] 进度 30% (4124s/13743s, dt=3.344s)
  [D2DGA] 进度 40% (5498s/13743s, dt=3.344s)
  [D2DGA] 进度 50% (6872s/13743s, dt=3.344s)
  [D2DGA] 进度 60% (8248s/13743s, dt=3.344s)
  [D2DGA] 进度 70% (9621s/13743s, dt=1.935s)
  [D2DGA] 进度 80% (10994s/13743s, dt=2.305s)
  [D2DGA] 进度 90% (12370s/13743s, dt=3.273s)
  [D2DGA] 进度 100% (13743s/13743s, dt=1.334s)
  [计算] 呼101 × Ton_static_standoff_m0.10_rate_x1.0: η_E=0.9373 η_N=0.6249 (64.4s)
[D2DGA] 温变流变构造层派生 T=111.0°C（enable_temperature_rheology=True）审计: clamp=1 nearest=1 p_default=1
[D2DGA] 开始环空二维模拟 total_t=13743s nz=250 ny=40
  [D2DGA] 进度 0% (3s/13743s, dt=2.785s)
  [D2DGA] 进度 10% (1377s/13743s, dt=3.341s)
  [D2DGA] 进度 20% (2751s/13743s, dt=3.341s)
  [D2DGA] 进度 30% (4124s/13743s, dt=3.341s)
  [D2DGA] 进度 40% (5497s/13743s, dt=3.341s)
  [D2DGA] 进度 50% (6874s/13743s, dt=3.341s)
  [D2DGA] 进度 60% (8248s/13743s, dt=3.341s)
  [D2DGA] 进度 70% (9620s/13743s, dt=1.876s)
  [D2DGA] 进度 80% (10994s/13743s, dt=2.254s)
  [D2DGA] 进度 90% (12371s/13743s, dt=3.378s)
  [D2DGA] 进度 100% (13743s/13743s, dt=1.154s)
  [计算] 呼101 × Ton_static_standoff_m0.05_rate_x1.0: η_E=0.9484 η_N=0.7036 (58.5s)
[D2DGA] 温变流变构造层派生 T=111.0°C（enable_temperature_rheology=True）审计: clamp=1 nearest=1 p_default=1
[D2DGA] 开始环空二维模拟 total_t=13743s nz=250 ny=40
  [D2DGA] 进度 0% (3s/13743s, dt=2.806s)
  [D2DGA] 进度 10% (1376s/13743s, dt=3.367s)
  [D2DGA] 进度 20% (2750s/13743s, dt=3.367s)
  [D2DGA] 进度 30% (4123s/13743s, dt=3.367s)
  [D2DGA] 进度 40% (5497s/13743s, dt=3.367s)
  [D2DGA] 进度 50% (6874s/13743s, dt=3.367s)
  [D2DGA] 进度 60% (8248s/13743s, dt=3.367s)
  [D2DGA] 进度 70% (9621s/13743s, dt=1.762s)
  [D2DGA] 进度 80% (10994s/13743s, dt=2.273s)
  [D2DGA] 进度 90% (12371s/13743s, dt=4.000s)
  [D2DGA] 进度 100% (13743s/13743s, dt=3.249s)
  [计算] 呼101 × Ton_static_standoff_p0.05_rate_x1.0: η_E=0.9667 η_N=0.8218 (57.7s)
[D2DGA] 温变流变构造层派生 T=111.0°C（enable_temperature_rheology=True）审计: clamp=1 nearest=1 p_default=1
[D2DGA] 开始环空二维模拟 total_t=13743s nz=250 ny=40
  [D2DGA] 进度 0% (3s/13743s, dt=2.833s)
  [D2DGA] 进度 10% (1374s/13743s, dt=3.399s)
  [D2DGA] 进度 20% (2751s/13743s, dt=3.399s)
  [D2DGA] 进度 30% (4124s/13743s, dt=3.399s)
  [D2DGA] 进度 40% (5498s/13743s, dt=3.399s)
  [D2DGA] 进度 50% (6874s/13743s, dt=3.399s)
  [D2DGA] 进度 60% (8248s/13743s, dt=3.399s)
  [D2DGA] 进度 70% (9621s/13743s, dt=1.722s)
  [D2DGA] 进度 80% (10995s/13743s, dt=2.249s)
  [D2DGA] 进度 90% (12372s/13743s, dt=4.000s)
  [D2DGA] 进度 100% (13743s/13743s, dt=3.174s)
  [计算] 呼101 × Ton_static_standoff_p0.10_rate_x1.0: η_E=0.9711 η_N=0.8578 (57.5s)
[D2DGA] 温变流变构造层派生 T=111.0°C（enable_temperature_rheology=True）审计: clamp=1 nearest=1 p_default=1
[D2DGA] 开始环空二维模拟 total_t=13743s nz=250 ny=40
  [D2DGA] 进度 0% (3s/13743s, dt=2.930s)
  [D2DGA] 进度 10% (1374s/13743s, dt=3.516s)
  [D2DGA] 进度 20% (2749s/13743s, dt=3.516s)
  [D2DGA] 进度 30% (4124s/13743s, dt=3.516s)
  [D2DGA] 进度 40% (5499s/13743s, dt=3.516s)
  [D2DGA] 进度 50% (6874s/13743s, dt=3.516s)
  [D2DGA] 进度 60% (8249s/13743s, dt=3.516s)
  [D2DGA] 进度 70% (9621s/13743s, dt=1.739s)
  [D2DGA] 进度 80% (10995s/13743s, dt=2.354s)
  [D2DGA] 进度 90% (12370s/13743s, dt=4.000s)
  [D2DGA] 进度 100% (13743s/13743s, dt=0.678s)
  [计算] 呼101 × Ton_static_standoff_p0.20_rate_x1.0: η_E=0.9791 η_N=0.9121 (55.5s)
[D2DGA] 温变流变构造层派生 T=111.0°C（enable_temperature_rheology=True）审计: clamp=1 nearest=1 p_default=1
[D2DGA] 开始环空二维模拟 total_t=13743s nz=250 ny=40
  [D2DGA] 进度 0% (3s/13743s, dt=3.109s)
  [D2DGA] 进度 10% (1376s/13743s, dt=3.731s)
  [D2DGA] 进度 20% (2749s/13743s, dt=3.731s)
  [D2DGA] 进度 30% (4126s/13743s, dt=3.731s)
  [D2DGA] 进度 40% (5499s/13743s, dt=3.731s)
  [D2DGA] 进度 50% (6872s/13743s, dt=3.731s)
  [D2DGA] 进度 60% (8248s/13743s, dt=3.731s)
  [D2DGA] 进度 70% (9622s/13743s, dt=1.967s)
  [D2DGA] 进度 80% (10996s/13743s, dt=2.553s)
  [D2DGA] 进度 90% (12370s/13743s, dt=4.000s)
  [D2DGA] 进度 100% (13743s/13743s, dt=1.166s)
  [计算] 呼101 × Ton_static_standoff_p0.30_rate_x1.0: η_E=0.9856 η_N=0.9509 (51.8s)
[D2DGA] 温变流变构造层派生 T=111.0°C（enable_temperature_rheology=True）审计: clamp=1 nearest=1 p_default=1
[D2DGA] 开始环空二维模拟 total_t=13743s nz=250 ny=40
  [D2DGA] 进度 0% (3s/13743s, dt=2.790s)
  [D2DGA] 进度 10% (1377s/13743s, dt=3.349s)
  [D2DGA] 进度 20% (2750s/13743s, dt=3.349s)
  [D2DGA] 进度 30% (4123s/13743s, dt=3.349s)
  [D2DGA] 进度 40% (5499s/13743s, dt=3.349s)
  [D2DGA] 进度 50% (6872s/13743s, dt=3.349s)
  [D2DGA] 进度 60% (8248s/13743s, dt=3.349s)
  [D2DGA] 进度 70% (9620s/13743s, dt=2.206s)
  [D2DGA] 进度 80% (10996s/13743s, dt=2.220s)
  [D2DGA] 进度 90% (12370s/13743s, dt=3.383s)
  [D2DGA] 进度 100% (13743s/13743s, dt=2.286s)
  [计算] 呼101 × Ton_static_spacer_dens_p100_rate_x1.0: η_E=0.9547 η_N=0.7650 (57.6s)
[D2DGA] 温变流变构造层派生 T=111.0°C（enable_temperature_rheology=True）审计: borrow=1 clamp=1 p_default=1
[D2DGA] 开始环空二维模拟 total_t=13743s nz=250 ny=40
  [D2DGA] 进度 0% (3s/13743s, dt=2.790s)
  [D2DGA] 进度 10% (1377s/13743s, dt=3.349s)
  [D2DGA] 进度 20% (2750s/13743s, dt=3.349s)
  [D2DGA] 进度 30% (4123s/13743s, dt=3.349s)
  [D2DGA] 进度 40% (5499s/13743s, dt=3.349s)
  [D2DGA] 进度 50% (6872s/13743s, dt=3.349s)
  [D2DGA] 进度 60% (8247s/13743s, dt=1.420s)
  [D2DGA] 进度 70% (9621s/13743s, dt=1.860s)
  [D2DGA] 进度 80% (10995s/13743s, dt=1.690s)
  [D2DGA] 进度 90% (12369s/13743s, dt=2.503s)
  [D2DGA] 进度 100% (13743s/13743s, dt=0.416s)
  [计算] 呼101 × Ton_static_spacer_dens_m100_rate_x1.0: η_E=0.9493 η_N=0.7457 (82.4s)
呼103 不在批次 phase0 的注册表内（该批井：['呼1-003', '呼1-004', '呼101']）

=== [phase0] 呼1-003  20 变体 ===
D:\users\desktop\research\控压固井项目\cement model_温压耦合分支\scripts\entrypoints\run_sensitivity_current_20260916.py:718: UserWarning: AnnulusD2DGASolver 的开关 enable_regime_split（M2 局部流态修正：仅旧代数路径 enable_stream_function=False 消费） 在当前配置下无效（开关仅在另一条速度场路径上被消费；K_AXIAL=1/3 同属旧路径专属）。请修正配置或移除这些开关。
  solver = AnnulusD2DGASolver(
[D2DGA] 开始环空二维模拟 total_t=10255s nz=250 ny=40
  [D2DGA] 进度 0% (4s/10255s, dt=4.000s)
  [D2DGA] 进度 10% (1028s/10255s, dt=4.000s)
  [D2DGA] 进度 20% (2052s/10255s, dt=4.000s)
  [D2DGA] 进度 30% (3080s/10255s, dt=4.000s)
  [D2DGA] 进度 40% (4104s/10255s, dt=4.000s)
  [D2DGA] 进度 50% (5128s/10255s, dt=4.000s)
  [D2DGA] 进度 60% (6156s/10255s, dt=4.000s)
  [D2DGA] 进度 70% (7179s/10255s, dt=3.540s)
  [D2DGA] 进度 80% (8205s/10255s, dt=2.995s)
  [D2DGA] 进度 90% (9230s/10255s, dt=2.931s)
  [D2DGA] 进度 100% (10255s/10255s, dt=3.070s)
  [计算] 呼1-003 × Toff_zero: η_E=0.9986 η_N=0.9932 (48.4s)
[D2DGA] 开始环空二维模拟 total_t=17092s nz=250 ny=40
  [D2DGA] 进度 0% (4s/17092s, dt=4.000s)
  [D2DGA] 进度 10% (1712s/17092s, dt=4.000s)
  [D2DGA] 进度 20% (3420s/17092s, dt=4.000s)
  [D2DGA] 进度 30% (5128s/17092s, dt=4.000s)
  [D2DGA] 进度 40% (6840s/17092s, dt=4.000s)
  [D2DGA] 进度 50% (8548s/17092s, dt=4.000s)
  [D2DGA] 进度 60% (10256s/17092s, dt=4.000s)
  [D2DGA] 进度 70% (11968s/17092s, dt=4.000s)
  [D2DGA] 进度 80% (13676s/17092s, dt=4.000s)
  [D2DGA] 进度 90% (15384s/17092s, dt=4.000s)
  [D2DGA] 进度 100% (17092s/17092s, dt=0.290s)
  [计算] 呼1-003 × Toff_rate_x0.6: η_E=0.9987 η_N=0.9933 (60.0s)
[D2DGA] 开始环空二维模拟 total_t=7325s nz=250 ny=40
  [D2DGA] 进度 0% (3s/7325s, dt=2.950s)
  [D2DGA] 进度 10% (734s/7325s, dt=2.950s)
  [D2DGA] 进度 20% (1467s/7325s, dt=3.540s)
  [D2DGA] 进度 30% (2200s/7325s, dt=2.950s)
  [D2DGA] 进度 40% (2931s/7325s, dt=2.950s)
  [D2DGA] 进度 50% (3663s/7325s, dt=2.950s)
  [D2DGA] 进度 60% (4397s/7325s, dt=2.950s)
  [D2DGA] 进度 70% (5128s/7325s, dt=2.528s)
  [D2DGA] 进度 80% (5862s/7325s, dt=2.130s)
  [D2DGA] 进度 90% (6594s/7325s, dt=2.126s)
  [D2DGA] 进度 100% (7325s/7325s, dt=1.382s)
  [计算] 呼1-003 × Toff_rate_x1.4: η_E=0.9986 η_N=0.9930 (37.4s)
[D2DGA] 温变流变构造层派生 T=60.0°C（enable_temperature_rheology=True）审计: borrow=1 nearest=2 p_default=1
[D2DGA] 开始环空二维模拟 total_t=17092s nz=250 ny=40
  [D2DGA] 进度 0% (4s/17092s, dt=4.000s)
  [D2DGA] 进度 10% (1712s/17092s, dt=4.000s)
  [D2DGA] 进度 20% (3420s/17092s, dt=4.000s)
  [D2DGA] 进度 30% (5128s/17092s, dt=4.000s)
  [D2DGA] 进度 40% (6840s/17092s, dt=4.000s)
  [D2DGA] 进度 50% (8548s/17092s, dt=4.000s)
  [D2DGA] 进度 60% (10256s/17092s, dt=4.000s)
  [D2DGA] 进度 70% (11968s/17092s, dt=4.000s)
  [D2DGA] 进度 80% (13675s/17092s, dt=4.000s)
  [D2DGA] 进度 90% (15383s/17092s, dt=4.000s)
  [D2DGA] 进度 100% (17092s/17092s, dt=1.142s)
  [计算] 呼1-003 × Ton_const60_rate_x0.6: η_E=0.9994 η_N=0.9972 (54.3s)
[D2DGA] 温变流变构造层派生 T=60.0°C（enable_temperature_rheology=True）审计: borrow=1 nearest=2 p_default=1
[D2DGA] 开始环空二维模拟 total_t=10255s nz=250 ny=40
  [D2DGA] 进度 0% (4s/10255s, dt=4.000s)
  [D2DGA] 进度 10% (1028s/10255s, dt=4.000s)
  [D2DGA] 进度 20% (2052s/10255s, dt=4.000s)
  [D2DGA] 进度 30% (3080s/10255s, dt=4.000s)
  [D2DGA] 进度 40% (4104s/10255s, dt=4.000s)
  [D2DGA] 进度 50% (5128s/10255s, dt=4.000s)
  [D2DGA] 进度 60% (6156s/10255s, dt=4.000s)
  [D2DGA] 进度 70% (7179s/10255s, dt=3.540s)
  [D2DGA] 进度 80% (8205s/10255s, dt=2.906s)
  [D2DGA] 进度 90% (9231s/10255s, dt=2.889s)
  [D2DGA] 进度 100% (10255s/10255s, dt=2.944s)
  [计算] 呼1-003 × Ton_const60_rate_x1.0: η_E=0.9994 η_N=0.9973 (37.2s)
[D2DGA] 温变流变构造层派生 T=60.0°C（enable_temperature_rheology=True）审计: borrow=1 nearest=2 p_default=1
[D2DGA] 开始环空二维模拟 total_t=7325s nz=250 ny=40
  [D2DGA] 进度 0% (3s/7325s, dt=2.950s)
  [D2DGA] 进度 10% (734s/7325s, dt=2.950s)
  [D2DGA] 进度 20% (1467s/7325s, dt=3.540s)
  [D2DGA] 进度 30% (2200s/7325s, dt=2.950s)
  [D2DGA] 进度 40% (2931s/7325s, dt=2.950s)
  [D2DGA] 进度 50% (3663s/7325s, dt=2.950s)
  [D2DGA] 进度 60% (4397s/7325s, dt=2.950s)
  [D2DGA] 进度 70% (5128s/7325s, dt=2.528s)
  [D2DGA] 进度 80% (5861s/7325s, dt=2.070s)
  [D2DGA] 进度 90% (6594s/7325s, dt=2.086s)
  [D2DGA] 进度 100% (7325s/7325s, dt=0.735s)
  [计算] 呼1-003 × Ton_const60_rate_x1.4: η_E=0.9994 η_N=0.9973 (36.0s)
[D2DGA] 温变流变构造层派生 T=109.4°C（enable_temperature_rheology=True）审计: borrow=1 clamp=1 nearest=2 p_default=1
[D2DGA] 开始环空二维模拟 total_t=17092s nz=250 ny=40
  [D2DGA] 进度 0% (4s/17092s, dt=4.000s)
  [D2DGA] 进度 10% (1712s/17092s, dt=4.000s)
  [D2DGA] 进度 20% (3420s/17092s, dt=4.000s)
  [D2DGA] 进度 30% (5128s/17092s, dt=4.000s)
  [D2DGA] 进度 40% (6840s/17092s, dt=4.000s)
  [D2DGA] 进度 50% (8548s/17092s, dt=4.000s)
  [D2DGA] 进度 60% (10256s/17092s, dt=4.000s)
  [D2DGA] 进度 70% (11968s/17092s, dt=4.000s)
  [D2DGA] 进度 80% (13677s/17092s, dt=4.000s)
  [D2DGA] 进度 90% (15385s/17092s, dt=4.000s)
  [D2DGA] 进度 100% (17092s/17092s, dt=3.150s)
  [计算] 呼1-003 × Ton_static_rate_x0.6: η_E=0.9986 η_N=0.9931 (54.3s)
[D2DGA] 温变流变构造层派生 T=109.4°C（enable_temperature_rheology=True）审计: borrow=1 clamp=1 nearest=2 p_default=1
[D2DGA] 开始环空二维模拟 total_t=10255s nz=250 ny=40
  [D2DGA] 进度 0% (4s/10255s, dt=4.000s)
  [D2DGA] 进度 10% (1028s/10255s, dt=4.000s)
  [D2DGA] 进度 20% (2052s/10255s, dt=4.000s)
  [D2DGA] 进度 30% (3080s/10255s, dt=4.000s)
  [D2DGA] 进度 40% (4104s/10255s, dt=4.000s)
  [D2DGA] 进度 50% (5128s/10255s, dt=4.000s)
  [D2DGA] 进度 60% (6156s/10255s, dt=4.000s)
  [D2DGA] 进度 70% (7179s/10255s, dt=3.540s)
  [D2DGA] 进度 80% (8206s/10255s, dt=2.877s)
  [D2DGA] 进度 90% (9231s/10255s, dt=2.796s)
  [D2DGA] 进度 100% (10255s/10255s, dt=2.819s)
  [计算] 呼1-003 × Ton_static_rate_x1.0: η_E=0.9986 η_N=0.9932 (37.2s)
[D2DGA] 温变流变构造层派生 T=109.4°C（enable_temperature_rheology=True）审计: borrow=1 clamp=1 nearest=2 p_default=1
[D2DGA] 开始环空二维模拟 total_t=7325s nz=250 ny=40
  [D2DGA] 进度 0% (3s/7325s, dt=2.950s)
  [D2DGA] 进度 10% (734s/7325s, dt=2.950s)
  [D2DGA] 进度 20% (1467s/7325s, dt=3.540s)
  [D2DGA] 进度 30% (2200s/7325s, dt=2.950s)
  [D2DGA] 进度 40% (2931s/7325s, dt=2.950s)
  [D2DGA] 进度 50% (3663s/7325s, dt=2.950s)
  [D2DGA] 进度 60% (4397s/7325s, dt=2.950s)
  [D2DGA] 进度 70% (5128s/7325s, dt=2.528s)
  [D2DGA] 进度 80% (5861s/7325s, dt=2.062s)
  [D2DGA] 进度 90% (6594s/7325s, dt=2.062s)
  [D2DGA] 进度 100% (7325s/7325s, dt=1.594s)
  [计算] 呼1-003 × Ton_static_rate_x1.4: η_E=0.9986 η_N=0.9931 (34.4s)
[D2DGA] 温变流变构造层派生 T=109.4°C（enable_temperature_rheology=True）审计: borrow=1 clamp=1 nearest=2 p_default=1
[D2DGA] 开始环空二维模拟 total_t=10255s nz=250 ny=40
  [D2DGA] 进度 0% (3s/10255s, dt=3.341s)
  [D2DGA] 进度 10% (1026s/10255s, dt=3.341s)
  [D2DGA] 进度 20% (2051s/10255s, dt=4.000s)
  [D2DGA] 进度 30% (3077s/10255s, dt=3.341s)
  [D2DGA] 进度 40% (4102s/10255s, dt=3.341s)
  [D2DGA] 进度 50% (5128s/10255s, dt=3.341s)
  [D2DGA] 进度 60% (6154s/10255s, dt=3.341s)
  [D2DGA] 进度 70% (7179s/10255s, dt=2.864s)
  [D2DGA] 进度 80% (8205s/10255s, dt=2.274s)
  [D2DGA] 进度 90% (9231s/10255s, dt=2.213s)
  [D2DGA] 进度 100% (10255s/10255s, dt=0.053s)
  [计算] 呼1-003 × Ton_static_standoff_m0.30_rate_x1.0: η_E=0.9762 η_N=0.8284 (43.2s)
[D2DGA] 温变流变构造层派生 T=109.4°C（enable_temperature_rheology=True）审计: borrow=1 clamp=1 nearest=2 p_default=1
[D2DGA] 开始环空二维模拟 total_t=10255s nz=250 ny=40
  [D2DGA] 进度 0% (3s/10255s, dt=3.482s)
  [D2DGA] 进度 10% (1027s/10255s, dt=3.482s)
  [D2DGA] 进度 20% (2051s/10255s, dt=4.000s)
  [D2DGA] 进度 30% (3078s/10255s, dt=3.482s)
  [D2DGA] 进度 40% (4105s/10255s, dt=3.482s)
  [D2DGA] 进度 50% (5129s/10255s, dt=3.482s)
  [D2DGA] 进度 60% (6156s/10255s, dt=3.482s)
  [D2DGA] 进度 70% (7181s/10255s, dt=2.984s)
  [D2DGA] 进度 80% (8206s/10255s, dt=2.290s)
  [D2DGA] 进度 90% (9230s/10255s, dt=2.266s)
  [D2DGA] 进度 100% (10255s/10255s, dt=2.851s)
  [计算] 呼1-003 × Ton_static_standoff_m0.20_rate_x1.0: η_E=0.9879 η_N=0.9257 (41.4s)
[D2DGA] 温变流变构造层派生 T=109.4°C（enable_temperature_rheology=True）审计: borrow=1 clamp=1 nearest=2 p_default=1
[D2DGA] 开始环空二维模拟 total_t=10255s nz=250 ny=40
  [D2DGA] 进度 0% (4s/10255s, dt=3.589s)
  [D2DGA] 进度 10% (1026s/10255s, dt=3.589s)
  [D2DGA] 进度 20% (2051s/10255s, dt=4.000s)
  [D2DGA] 进度 30% (3078s/10255s, dt=3.589s)
  [D2DGA] 进度 40% (4104s/10255s, dt=3.589s)
  [D2DGA] 进度 50% (5131s/10255s, dt=3.589s)
  [D2DGA] 进度 60% (6154s/10255s, dt=3.589s)
  [D2DGA] 进度 70% (7180s/10255s, dt=3.076s)
  [D2DGA] 进度 80% (8206s/10255s, dt=2.334s)
  [D2DGA] 进度 90% (9232s/10255s, dt=2.338s)
  [D2DGA] 进度 100% (10255s/10255s, dt=1.968s)
  [计算] 呼1-003 × Ton_static_standoff_m0.15_rate_x1.0: η_E=0.9919 η_N=0.9533 (39.8s)
[D2DGA] 温变流变构造层派生 T=109.4°C（enable_temperature_rheology=True）审计: borrow=1 clamp=1 nearest=2 p_default=1
[D2DGA] 开始环空二维模拟 total_t=10255s nz=250 ny=40
  [D2DGA] 进度 0% (4s/10255s, dt=3.728s)
  [D2DGA] 进度 10% (1029s/10255s, dt=3.728s)
  [D2DGA] 进度 20% (2054s/10255s, dt=4.000s)
  [D2DGA] 进度 30% (3077s/10255s, dt=3.728s)
  [D2DGA] 进度 40% (4102s/10255s, dt=3.728s)
  [D2DGA] 进度 50% (5131s/10255s, dt=3.728s)
  [D2DGA] 进度 60% (6156s/10255s, dt=3.728s)
  [D2DGA] 进度 70% (7179s/10255s, dt=3.195s)
  [D2DGA] 进度 80% (8205s/10255s, dt=2.425s)
  [D2DGA] 进度 90% (9230s/10255s, dt=2.455s)
  [D2DGA] 进度 100% (10255s/10255s, dt=2.714s)
  [计算] 呼1-003 × Ton_static_standoff_m0.10_rate_x1.0: η_E=0.9950 η_N=0.9725 (38.2s)
[D2DGA] 温变流变构造层派生 T=109.4°C（enable_temperature_rheology=True）审计: borrow=1 clamp=1 nearest=2 p_default=1
[D2DGA] 开始环空二维模拟 total_t=10255s nz=250 ny=40
  [D2DGA] 进度 0% (4s/10255s, dt=3.905s)
  [D2DGA] 进度 10% (1027s/10255s, dt=3.905s)
  [D2DGA] 进度 20% (2054s/10255s, dt=4.000s)
  [D2DGA] 进度 30% (3079s/10255s, dt=3.905s)
  [D2DGA] 进度 40% (4102s/10255s, dt=3.905s)
  [D2DGA] 进度 50% (5129s/10255s, dt=3.905s)
  [D2DGA] 进度 60% (6156s/10255s, dt=3.905s)
  [D2DGA] 进度 70% (7179s/10255s, dt=3.347s)
  [D2DGA] 进度 80% (8206s/10255s, dt=2.605s)
  [D2DGA] 进度 90% (9231s/10255s, dt=2.601s)
  [D2DGA] 进度 100% (10255s/10255s, dt=1.931s)
  [计算] 呼1-003 × Ton_static_standoff_m0.05_rate_x1.0: η_E=0.9971 η_N=0.9852 (36.3s)
[D2DGA] 温变流变构造层派生 T=109.4°C（enable_temperature_rheology=True）审计: borrow=1 clamp=1 nearest=2 p_default=1
[D2DGA] 开始环空二维模拟 total_t=10255s nz=250 ny=40
  [D2DGA] 进度 0% (4s/10255s, dt=4.000s)
  [D2DGA] 进度 10% (1028s/10255s, dt=4.000s)
  [D2DGA] 进度 20% (2052s/10255s, dt=4.000s)
  [D2DGA] 进度 30% (3080s/10255s, dt=4.000s)
  [D2DGA] 进度 40% (4104s/10255s, dt=4.000s)
  [D2DGA] 进度 50% (5128s/10255s, dt=4.000s)
  [D2DGA] 进度 60% (6156s/10255s, dt=4.000s)
  [D2DGA] 进度 70% (7179s/10255s, dt=3.781s)
  [D2DGA] 进度 80% (8204s/10255s, dt=3.246s)
  [D2DGA] 进度 90% (9232s/10255s, dt=3.108s)
  [D2DGA] 进度 100% (10255s/10255s, dt=2.406s)
  [计算] 呼1-003 × Ton_static_standoff_p0.05_rate_x1.0: η_E=0.9995 η_N=0.9976 (33.0s)
[D2DGA] 温变流变构造层派生 T=109.4°C（enable_temperature_rheology=True）审计: borrow=1 clamp=1 nearest=2 p_default=1
[D2DGA] 开始环空二维模拟 total_t=10255s nz=250 ny=40
  [D2DGA] 进度 0% (4s/10255s, dt=4.000s)
  [D2DGA] 进度 10% (1028s/10255s, dt=4.000s)
  [D2DGA] 进度 20% (2052s/10255s, dt=4.000s)
  [D2DGA] 进度 30% (3080s/10255s, dt=4.000s)
  [D2DGA] 进度 40% (4104s/10255s, dt=4.000s)
  [D2DGA] 进度 50% (5128s/10255s, dt=4.000s)
  [D2DGA] 进度 60% (6156s/10255s, dt=4.000s)
  [D2DGA] 进度 70% (7180s/10255s, dt=4.000s)
  [D2DGA] 进度 80% (8205s/10255s, dt=3.681s)
  [D2DGA] 进度 90% (9232s/10255s, dt=3.588s)
  [D2DGA] 进度 100% (10255s/10255s, dt=0.426s)
  [计算] 呼1-003 × Ton_static_standoff_p0.10_rate_x1.0: η_E=0.9999 η_N=0.9995 (31.2s)
[D2DGA] 温变流变构造层派生 T=109.4°C（enable_temperature_rheology=True）审计: borrow=1 clamp=1 nearest=2 p_default=1
[D2DGA] 开始环空二维模拟 total_t=10255s nz=250 ny=40
  [D2DGA] 进度 0% (4s/10255s, dt=4.000s)
  [D2DGA] 进度 10% (1028s/10255s, dt=4.000s)
  [D2DGA] 进度 20% (2052s/10255s, dt=4.000s)
  [D2DGA] 进度 30% (3080s/10255s, dt=4.000s)
  [D2DGA] 进度 40% (4104s/10255s, dt=4.000s)
  [D2DGA] 进度 50% (5128s/10255s, dt=4.000s)
  [D2DGA] 进度 60% (6156s/10255s, dt=4.000s)
  [D2DGA] 进度 70% (7180s/10255s, dt=4.000s)
  [D2DGA] 进度 80% (8208s/10255s, dt=4.000s)
  [D2DGA] 进度 90% (9232s/10255s, dt=4.000s)
  [D2DGA] 进度 100% (10255s/10255s, dt=3.165s)
  [计算] 呼1-003 × Ton_static_standoff_p0.20_rate_x1.0: η_E=1.0000 η_N=1.0000 (30.2s)
[D2DGA] 温变流变构造层派生 T=109.4°C（enable_temperature_rheology=True）审计: borrow=1 clamp=1 nearest=2 p_default=1
[D2DGA] 开始环空二维模拟 total_t=10255s nz=250 ny=40
  [D2DGA] 进度 0% (4s/10255s, dt=4.000s)
  [D2DGA] 进度 10% (1028s/10255s, dt=4.000s)
  [D2DGA] 进度 20% (2052s/10255s, dt=4.000s)
  [D2DGA] 进度 30% (3080s/10255s, dt=4.000s)
  [D2DGA] 进度 40% (4104s/10255s, dt=4.000s)
  [D2DGA] 进度 50% (5128s/10255s, dt=4.000s)
  [D2DGA] 进度 60% (6156s/10255s, dt=4.000s)
  [D2DGA] 进度 70% (7180s/10255s, dt=4.000s)
  [D2DGA] 进度 80% (8208s/10255s, dt=4.000s)
  [D2DGA] 进度 90% (9232s/10255s, dt=4.000s)
  [D2DGA] 进度 100% (10255s/10255s, dt=3.165s)
  [计算] 呼1-003 × Ton_static_standoff_p0.30_rate_x1.0: η_E=1.0000 η_N=1.0000 (29.9s)
[D2DGA] 温变流变构造层派生 T=109.4°C（enable_temperature_rheology=True）审计: clamp=1 nearest=3 p_default=1
[D2DGA] 开始环空二维模拟 total_t=10255s nz=250 ny=40
  [D2DGA] 进度 0% (4s/10255s, dt=4.000s)
  [D2DGA] 进度 10% (1028s/10255s, dt=4.000s)
  [D2DGA] 进度 20% (2052s/10255s, dt=4.000s)
  [D2DGA] 进度 30% (3080s/10255s, dt=4.000s)
  [D2DGA] 进度 40% (4104s/10255s, dt=4.000s)
  [D2DGA] 进度 50% (5128s/10255s, dt=4.000s)
  [D2DGA] 进度 60% (6156s/10255s, dt=4.000s)
  [D2DGA] 进度 70% (7179s/10255s, dt=3.540s)
  [D2DGA] 进度 80% (8204s/10255s, dt=2.891s)
  [D2DGA] 进度 90% (9231s/10255s, dt=3.027s)
  [D2DGA] 进度 100% (10255s/10255s, dt=3.151s)
  [计算] 呼1-003 × Ton_static_spacer_dens_p100_rate_x1.0: η_E=0.9982 η_N=0.9915 (34.5s)
[D2DGA] 温变流变构造层派生 T=109.4°C（enable_temperature_rheology=True）审计: borrow=1 clamp=1 nearest=2 p_default=1
[D2DGA] 开始环空二维模拟 total_t=10255s nz=250 ny=40
  [D2DGA] 进度 0% (4s/10255s, dt=4.000s)
  [D2DGA] 进度 10% (1028s/10255s, dt=4.000s)
  [D2DGA] 进度 20% (2052s/10255s, dt=4.000s)
  [D2DGA] 进度 30% (3080s/10255s, dt=4.000s)
  [D2DGA] 进度 40% (4104s/10255s, dt=4.000s)
  [D2DGA] 进度 50% (5128s/10255s, dt=4.000s)
  [D2DGA] 进度 60% (6156s/10255s, dt=4.000s)
  [D2DGA] 进度 70% (7181s/10255s, dt=2.130s)
  [D2DGA] 进度 80% (8206s/10255s, dt=2.814s)
  [D2DGA] 进度 90% (9230s/10255s, dt=2.789s)
  [D2DGA] 进度 100% (10255s/10255s, dt=0.288s)
  [计算] 呼1-003 × Ton_static_spacer_dens_m100_rate_x1.0: η_E=0.9992 η_N=0.9961 (34.4s)
重建汇总：54 行、分解：14 行 → results\敏感性补跑_三重点井_后4a_2026-10-07
