[D2DGA] 开始环空二维模拟 total_t=20944s nz=60 ny=40
  [D2DGA] 进度 0% (4s/20944s, dt=4.000s)
  [D2DGA] 进度 10% (2096s/20944s, dt=4.000s)
  [D2DGA] 进度 20% (4192s/20944s, dt=4.000s)
  [D2DGA] 进度 30% (6284s/20944s, dt=4.000s)
  [D2DGA] 进度 40% (8380s/20944s, dt=4.000s)
  [D2DGA] 进度 50% (10476s/20944s, dt=4.000s)
  [D2DGA] 进度 60% (12570s/20944s, dt=4.000s)
  [D2DGA] 进度 70% (14662s/20944s, dt=4.000s)
  [D2DGA] 进度 80% (16758s/20944s, dt=4.000s)
  [D2DGA] 进度 90% (18850s/20944s, dt=4.000s)
  [D2DGA] 进度 100% (20944s/20944s, dt=2.307s)
[hu1] corrected nz=60 eta_E=0.574314858968 ref=0.574314858968 match=True
[D2DGA] 开始环空二维模拟 total_t=20944s nz=60 ny=40
  [D2DGA] 进度 0% (4s/20944s, dt=4.000s)
  [D2DGA] 进度 10% (2096s/20944s, dt=4.000s)
  [D2DGA] 进度 20% (4192s/20944s, dt=4.000s)
  [D2DGA] 进度 30% (6284s/20944s, dt=4.000s)
  [D2DGA] 进度 40% (8380s/20944s, dt=4.000s)
  [D2DGA] 进度 50% (10476s/20944s, dt=4.000s)
  [D2DGA] 进度 60% (12567s/20944s, dt=4.000s)
  [D2DGA] 进度 70% (14663s/20944s, dt=4.000s)
  [D2DGA] 进度 80% (16757s/20944s, dt=3.517s)
  [D2DGA] 进度 90% (18851s/20944s, dt=3.512s)
  [D2DGA] 进度 100% (20944s/20944s, dt=0.434s)
[hu1] baseline nz=60 eta_E=0.526895 wall_mean=0.1921 全1列=0/60
[D2DGA] 开始环空二维模拟 total_t=20944s nz=150 ny=40
  [D2DGA] 进度 0% (4s/20944s, dt=4.000s)
  [D2DGA] 进度 10% (2096s/20944s, dt=4.000s)
  [D2DGA] 进度 20% (4192s/20944s, dt=4.000s)
  [D2DGA] 进度 30% (6284s/20944s, dt=4.000s)
  [D2DGA] 进度 40% (8380s/20944s, dt=4.000s)
  [D2DGA] 进度 50% (10476s/20944s, dt=4.000s)
  [D2DGA] 进度 60% (12569s/20944s, dt=2.228s)
  [D2DGA] 进度 70% (14663s/20944s, dt=3.111s)
  [D2DGA] 进度 80% (16757s/20944s, dt=2.958s)
  [D2DGA] 进度 90% (18851s/20944s, dt=1.385s)
  [D2DGA] 进度 100% (20944s/20944s, dt=0.944s)
[hu1] baseline nz=150 eta_E=0.505675 wall_mean=0.1970 全1列=0/150
[D2DGA] 开始环空二维模拟 total_t=20944s nz=250 ny=40
  [D2DGA] 进度 0% (4s/20944s, dt=4.000s)
  [D2DGA] 进度 10% (2096s/20944s, dt=4.000s)
  [D2DGA] 进度 20% (4192s/20944s, dt=4.000s)
  [D2DGA] 进度 30% (6284s/20944s, dt=4.000s)
  [D2DGA] 进度 40% (8380s/20944s, dt=4.000s)
  [D2DGA] 进度 50% (10476s/20944s, dt=4.000s)
  [D2DGA] 进度 60% (12567s/20944s, dt=1.183s)
  [D2DGA] 进度 70% (14661s/20944s, dt=1.761s)
  [D2DGA] 进度 80% (16757s/20944s, dt=1.760s)
  [D2DGA] 进度 90% (18850s/20944s, dt=0.830s)
  [D2DGA] 进度 100% (20944s/20944s, dt=0.099s)
[hu1] baseline nz=250 eta_E=0.501356 wall_mean=0.2170 全1列=0/250
[hu1] nz极差=2.55pp (nz60=0.5269 nz150=0.5057 nz250=0.5014)
[D2DGA] 开始环空二维模拟 total_t=7436s nz=60 ny=40
  [D2DGA] 进度 0% (4s/7436s, dt=4.000s)
  [D2DGA] 进度 10% (744s/7436s, dt=4.000s)
  [D2DGA] 进度 20% (1488s/7436s, dt=4.000s)
  [D2DGA] 进度 30% (2232s/7436s, dt=4.000s)
  [D2DGA] 进度 40% (2976s/7436s, dt=4.000s)
  [D2DGA] 进度 50% (3720s/7436s, dt=4.000s)
  [D2DGA] 进度 60% (4464s/7436s, dt=4.000s)
  [D2DGA] 进度 70% (5208s/7436s, dt=4.000s)
  [D2DGA] 进度 80% (5952s/7436s, dt=4.000s)
  [D2DGA] 进度 90% (6694s/7436s, dt=2.748s)
  [D2DGA] 进度 100% (7436s/7436s, dt=1.016s)
[hu103] corrected nz=60 eta_E=0.314363677407 ref=0.314363677407 match=True
[D2DGA] 开始环空二维模拟 total_t=7436s nz=60 ny=40
  [D2DGA] 进度 0% (4s/7436s, dt=4.000s)
  [D2DGA] 进度 10% (744s/7436s, dt=4.000s)
  [D2DGA] 进度 20% (1488s/7436s, dt=4.000s)
  [D2DGA] 进度 30% (2232s/7436s, dt=4.000s)
  [D2DGA] 进度 40% (2976s/7436s, dt=4.000s)
  [D2DGA] 进度 50% (3720s/7436s, dt=4.000s)
  [D2DGA] 进度 60% (4464s/7436s, dt=4.000s)
  [D2DGA] 进度 70% (5208s/7436s, dt=4.000s)
  [D2DGA] 进度 80% (5952s/7436s, dt=4.000s)
  [D2DGA] 进度 90% (6693s/7436s, dt=1.841s)
  [D2DGA] 进度 100% (7436s/7436s, dt=0.602s)
[hu103] baseline nz=60 eta_E=0.289894 wall_mean=0.2762 全1列=0/60
[D2DGA] 开始环空二维模拟 total_t=7436s nz=150 ny=40
  [D2DGA] 进度 0% (4s/7436s, dt=4.000s)
  [D2DGA] 进度 10% (744s/7436s, dt=4.000s)
  [D2DGA] 进度 20% (1488s/7436s, dt=4.000s)
  [D2DGA] 进度 30% (2232s/7436s, dt=4.000s)
  [D2DGA] 进度 40% (2976s/7436s, dt=3.644s)
  [D2DGA] 进度 50% (3719s/7436s, dt=3.644s)
  [D2DGA] 进度 60% (4462s/7436s, dt=3.644s)
  [D2DGA] 进度 70% (5205s/7436s, dt=3.644s)
  [D2DGA] 进度 80% (5952s/7436s, dt=3.644s)
  [D2DGA] 进度 90% (6693s/7436s, dt=0.656s)
  [D2DGA] 进度 100% (7436s/7436s, dt=0.241s)
[hu103] baseline nz=150 eta_E=0.230872 wall_mean=0.2057 全1列=0/150
[D2DGA] 开始环空二维模拟 total_t=7436s nz=250 ny=40
  [D2DGA] 进度 0% (4s/7436s, dt=4.000s)
  [D2DGA] 进度 10% (746s/7436s, dt=2.781s)
  [D2DGA] 进度 20% (1488s/7436s, dt=2.781s)
  [D2DGA] 进度 30% (2231s/7436s, dt=2.781s)
  [D2DGA] 进度 40% (2976s/7436s, dt=2.487s)
  [D2DGA] 进度 50% (3719s/7436s, dt=2.487s)
  [D2DGA] 进度 60% (4463s/7436s, dt=2.487s)
  [D2DGA] 进度 70% (5207s/7436s, dt=2.487s)
  [D2DGA] 进度 80% (5951s/7436s, dt=2.487s)
  [D2DGA] 进度 90% (6693s/7436s, dt=0.408s)
  [D2DGA] 进度 100% (7436s/7436s, dt=0.020s)
[hu103] baseline nz=250 eta_E=0.194012 wall_mean=0.1564 全1列=0/250
[hu103] nz极差=9.59pp (nz60=0.2899 nz150=0.2309 nz250=0.1940)
