D:\users\desktop\research\控压固井项目\cement model_温压耦合分支\results\_probe_4b逐列_2026-10-07\attrib_head_20261007.py:59: UserWarning: AnnulusD2DGASolver 的开关 enable_regime_split（M2 局部流态修正：仅旧代数路径 enable_stream_function=False 消费） 在当前配置下无效（开关仅在另一条速度场路径上被消费；K_AXIAL=1/3 同属旧路径专属）。请修正配置或移除这些开关。
  solver = AnnulusD2DGASolver(total_t=tt, nz=250, enable_cfl_adaptive=True, **solver_kw)
[D2DGA] 温变流变构造层派生 T=111.0°C（enable_temperature_rheology=True）审计: clamp=1 nearest=1
[D2DGA] 开始环空二维模拟 total_t=13743s nz=250 ny=40
  [D2DGA] 进度 0% (3s/13743s, dt=2.790s)
  [D2DGA] 进度 10% (1377s/13743s, dt=3.349s)
  [D2DGA] 进度 20% (2750s/13743s, dt=3.349s)
  [D2DGA] 进度 30% (4123s/13743s, dt=3.349s)
  [D2DGA] 进度 40% (5499s/13743s, dt=3.349s)
  [D2DGA] 进度 50% (6872s/13743s, dt=3.349s)
  [D2DGA] 进度 60% (8248s/13743s, dt=3.349s)
  [D2DGA] 进度 70% (9620s/13743s, dt=1.819s)
  [D2DGA] 进度 80% (10995s/13743s, dt=2.288s)
  [D2DGA] 进度 90% (12369s/13743s, dt=3.607s)
  [D2DGA] 进度 100% (13743s/13743s, dt=2.913s)
{
 "git_head_attribution": true,
 "cemdisp": "D:\\users\\desktop\\research\\控压固井项目\\cement model_温压耦合分支\\cemdisp\\__init__.py",
 "η_E": 0.9593351528921495,
 "η_N": 0.7709394595515454,
 "锚_η_E": 0.9619517195469354,
 "锚_η_N": 0.7777300041326185,
 "Δη_E": 0.0026165666547858235,
 "Δη_N": 0.006790544581073088
}
