D:\users\desktop\research\控压固井项目\cement model_温压耦合分支\results\_probe_4b逐列_2026-10-07\probe_4b_columnwise_20261007.py:132: UserWarning: AnnulusD2DGASolver 的开关 enable_regime_split（M2 局部流态修正：仅旧代数路径 enable_stream_function=False 消费） 在当前配置下无效（开关仅在另一条速度场路径上被消费；K_AXIAL=1/3 同属旧路径专属）。请修正配置或移除这些开关。
  solver = AnnulusD2DGASolver(total_t=tt, nz=250, enable_cfl_adaptive=True, **solver_kw)
[D2DGA] 温变流变构造层派生 T=111.0°C（enable_temperature_rheology=True）审计: clamp=1 nearest=1
[D2DGA] 开始环空二维模拟 total_t=13743s nz=250 ny=40
  [D2DGA] 进度 0% (3s/13743s, dt=2.790s)
  [D2DGA] 进度 10% (1377s/13743s, dt=3.349s)
  [D2DGA] 进度 20% (2750s/13743s, dt=3.349s)
  [D2DGA] 进度 30% (4123s/13743s, dt=3.349s)
  [D2DGA] 进度 40% (5499s/13743s, dt=3.349s)
  [D2DGA] 进度 50% (6872s/13743s, dt=3.349s)
  [D2DGA] 进度 60% (8248s/13743s, dt=3.349s)
  [D2DGA] 进度 70% (9620s/13743s, dt=1.819s)
  [D2DGA] 进度 80% (10995s/13743s, dt=2.288s)
  [D2DGA] 进度 90% (12369s/13743s, dt=3.607s)
  [D2DGA] 进度 100% (13743s/13743s, dt=2.913s)
[A_col_off] HEAD基线锚 Δη_E=0.000e+00 Δη_N=0.000e+00 PASS；旧四角锚 Δη_E=2.617e-03 Δη_N=6.791e-03 FAIL(预期)
[A_col_off] depthwise=False η_E=0.9593351529 η_N=0.7709394596 耗时=69.9s 列批=0 memo=0 命中=0
[D2DGA] 温变流变构造层派生 T=111.0°C（enable_temperature_rheology=True）审计: clamp=1 nearest=1
[D2DGA] 开始环空二维模拟 total_t=13743s nz=250 ny=40
  [D2DGA] 进度 0% (3s/13743s, dt=2.790s)
  [D2DGA] 进度 10% (1377s/13743s, dt=3.349s)
  [D2DGA] 进度 20% (2750s/13743s, dt=3.349s)
  [D2DGA] 进度 30% (4123s/13743s, dt=3.349s)
  [D2DGA] 进度 40% (5499s/13743s, dt=3.349s)
  [D2DGA] 进度 50% (6872s/13743s, dt=3.349s)
  [D2DGA] 进度 60% (8248s/13743s, dt=3.349s)
  [D2DGA] 进度 70% (9621s/13743s, dt=1.811s)
  [D2DGA] 进度 80% (10995s/13743s, dt=2.281s)
  [D2DGA] 进度 90% (12370s/13743s, dt=3.510s)
  [D2DGA] 进度 100% (13743s/13743s, dt=2.460s)
[B_col_on] depthwise=True η_E=0.9570148570 η_N=0.7627486694 耗时=73.5s 列批=15 memo=15 命中=0
{"η_E_pp": -0.23202959343904261, "η_N_pp": -0.8190790179865237, "浮力数_b": 0.0}
